Archive member included to satisfy reference by file (symbol)

c:/users/carol/desktop/bin/picosdkv1.5.0/gcc-arm-none-eabi/bin/../lib/gcc/arm-none-eabi/10.3.1/thumb/v6-m/nofp\libgcc.a(_dvmd_tls.o)
                              CMakeFiles/PillDispenser.dir/C_/Users/carol/Desktop/bin/PicoSDKv1.5.0/pico-sdk/src/rp2_common/pico_divider/divider.S.obj (__aeabi_idiv0)
c:/users/carol/desktop/bin/picosdkv1.5.0/gcc-arm-none-eabi/bin/../lib/gcc/arm-none-eabi/10.3.1/../../../../arm-none-eabi/lib/thumb/v6-m/nofp\libg.a(lib_a-calloc.o)
                              CMakeFiles/PillDispenser.dir/C_/Users/carol/Desktop/bin/PicoSDKv1.5.0/pico-sdk/src/rp2_common/pico_malloc/pico_malloc.c.obj (calloc)
c:/users/carol/desktop/bin/picosdkv1.5.0/gcc-arm-none-eabi/bin/../lib/gcc/arm-none-eabi/10.3.1/../../../../arm-none-eabi/lib/thumb/v6-m/nofp\libg.a(lib_a-callocr.o)
                              c:/users/carol/desktop/bin/picosdkv1.5.0/gcc-arm-none-eabi/bin/../lib/gcc/arm-none-eabi/10.3.1/../../../../arm-none-eabi/lib/thumb/v6-m/nofp\libg.a(lib_a-calloc.o) (_calloc_r)
c:/users/carol/desktop/bin/picosdkv1.5.0/gcc-arm-none-eabi/bin/../lib/gcc/arm-none-eabi/10.3.1/../../../../arm-none-eabi/lib/thumb/v6-m/nofp\libg.a(lib_a-ctype_.o)
                              CMakeFiles/PillDispenser.dir/lora_connect.c.obj (_ctype_)
c:/users/carol/desktop/bin/picosdkv1.5.0/gcc-arm-none-eabi/bin/../lib/gcc/arm-none-eabi/10.3.1/../../../../arm-none-eabi/lib/thumb/v6-m/nofp\libg.a(lib_a-errno.o)
                              c:/users/carol/desktop/bin/picosdkv1.5.0/gcc-arm-none-eabi/bin/../lib/gcc/arm-none-eabi/10.3.1/../../../../arm-none-eabi/lib/thumb/v6-m/nofp\libg.a(lib_a-callocr.o) (__errno)
c:/users/carol/desktop/bin/picosdkv1.5.0/gcc-arm-none-eabi/bin/../lib/gcc/arm-none-eabi/10.3.1/../../../../arm-none-eabi/lib/thumb/v6-m/nofp\libg.a(lib_a-impure.o)
                              c:/users/carol/desktop/bin/picosdkv1.5.0/gcc-arm-none-eabi/bin/../lib/gcc/arm-none-eabi/10.3.1/../../../../arm-none-eabi/lib/thumb/v6-m/nofp\libg.a(lib_a-calloc.o) (_impure_ptr)
c:/users/carol/desktop/bin/picosdkv1.5.0/gcc-arm-none-eabi/bin/../lib/gcc/arm-none-eabi/10.3.1/../../../../arm-none-eabi/lib/thumb/v6-m/nofp\libg.a(lib_a-init.o)
                              c:/users/carol/desktop/bin/picosdkv1.5.0/gcc-arm-none-eabi/bin/../lib/gcc/arm-none-eabi/10.3.1/../../../../arm-none-eabi/lib/thumb/v6-m/nofp/crt0.o (__libc_init_array)
c:/users/carol/desktop/bin/picosdkv1.5.0/gcc-arm-none-eabi/bin/../lib/gcc/arm-none-eabi/10.3.1/../../../../arm-none-eabi/lib/thumb/v6-m/nofp\libg.a(lib_a-malloc.o)
                              CMakeFiles/PillDispenser.dir/C_/Users/carol/Desktop/bin/PicoSDKv1.5.0/pico-sdk/src/rp2_common/pico_malloc/pico_malloc.c.obj (malloc)
c:/users/carol/desktop/bin/picosdkv1.5.0/gcc-arm-none-eabi/bin/../lib/gcc/arm-none-eabi/10.3.1/../../../../arm-none-eabi/lib/thumb/v6-m/nofp\libg.a(lib_a-mallocr.o)
                              c:/users/carol/desktop/bin/picosdkv1.5.0/gcc-arm-none-eabi/bin/../lib/gcc/arm-none-eabi/10.3.1/../../../../arm-none-eabi/lib/thumb/v6-m/nofp\libg.a(lib_a-callocr.o) (_malloc_r)
c:/users/carol/desktop/bin/picosdkv1.5.0/gcc-arm-none-eabi/bin/../lib/gcc/arm-none-eabi/10.3.1/../../../../arm-none-eabi/lib/thumb/v6-m/nofp\libg.a(lib_a-mlock.o)
                              c:/users/carol/desktop/bin/picosdkv1.5.0/gcc-arm-none-eabi/bin/../lib/gcc/arm-none-eabi/10.3.1/../../../../arm-none-eabi/lib/thumb/v6-m/nofp\libg.a(lib_a-mallocr.o) (__malloc_lock)
c:/users/carol/desktop/bin/picosdkv1.5.0/gcc-arm-none-eabi/bin/../lib/gcc/arm-none-eabi/10.3.1/../../../../arm-none-eabi/lib/thumb/v6-m/nofp\libg.a(lib_a-realloc.o)
                              CMakeFiles/PillDispenser.dir/C_/Users/carol/Desktop/bin/PicoSDKv1.5.0/pico-sdk/src/rp2_common/pico_malloc/pico_malloc.c.obj (realloc)
c:/users/carol/desktop/bin/picosdkv1.5.0/gcc-arm-none-eabi/bin/../lib/gcc/arm-none-eabi/10.3.1/../../../../arm-none-eabi/lib/thumb/v6-m/nofp\libg.a(lib_a-reallocr.o)
                              c:/users/carol/desktop/bin/picosdkv1.5.0/gcc-arm-none-eabi/bin/../lib/gcc/arm-none-eabi/10.3.1/../../../../arm-none-eabi/lib/thumb/v6-m/nofp\libg.a(lib_a-realloc.o) (_realloc_r)
c:/users/carol/desktop/bin/picosdkv1.5.0/gcc-arm-none-eabi/bin/../lib/gcc/arm-none-eabi/10.3.1/../../../../arm-none-eabi/lib/thumb/v6-m/nofp\libg.a(lib_a-sbrkr.o)
                              c:/users/carol/desktop/bin/picosdkv1.5.0/gcc-arm-none-eabi/bin/../lib/gcc/arm-none-eabi/10.3.1/../../../../arm-none-eabi/lib/thumb/v6-m/nofp\libg.a(lib_a-mallocr.o) (_sbrk_r)
c:/users/carol/desktop/bin/picosdkv1.5.0/gcc-arm-none-eabi/bin/../lib/gcc/arm-none-eabi/10.3.1/../../../../arm-none-eabi/lib/thumb/v6-m/nofp\libg.a(lib_a-strlen-stub.o)
                              CMakeFiles/PillDispenser.dir/eeprom_log.c.obj (strlen)
c:/users/carol/desktop/bin/picosdkv1.5.0/gcc-arm-none-eabi/bin/../lib/gcc/arm-none-eabi/10.3.1/../../../../arm-none-eabi/lib/thumb/v6-m/nofp\libg.a(lib_a-strstr.o)
[...]
Memory Configuration

Name             Origin             Length             Attributes
FLASH            0x10000000         0x00200000         xr
RAM              0x20000000         0x00040000         xrw
SCRATCH_X        0x20040000         0x00001000         xrw
SCRATCH_Y        0x20041000         0x00001000         xrw
*default*        0x00000000         0xffffffff

Linker script and memory map

LOAD c:/users/carol/desktop/bin/picosdkv1.5.0/gcc-arm-none-eabi/bin/../lib/gcc/arm-none-eabi/10.3.1/thumb/v6-m/nofp/crti.o
LOAD c:/users/carol/desktop/bin/picosdkv1.5.0/gcc-arm-none-eabi/bin/../lib/gcc/arm-none-eabi/10.3.1/thumb/v6-m/nofp/crtbegin.o
LOAD c:/users/carol/desktop/bin/picosdkv1.5.0/gcc-arm-none-eabi/bin/../lib/gcc/arm-none-eabi/10.3.1/../../../../arm-none-eabi/lib/thumb/v6-m/nofp/crt0.o

.flash_begin    0x10000000        0x0
                0x10000000                __flash_binary_start = .

.boot2          0x10000000      0x100
                0x10000000                __boot2_start__ = .
 *(.boot2)
 .boot2         0x10000000      0x100 C:\Users\carol\AppData\Local\Temp\cc0zW18q.o
                0x10000100                __boot2_end__ = .
                0x00000001                ASSERT (((__boot2_end__ - __boot2_start__) == 0x100), ERROR: Pico second stage bootloader must be 256 bytes in size)

.text           0x10000100     0x64e0
                0x10000100                __logical_binary_start = .
 *(.vectors)
 .vectors       0x10000100       0xd4 CMakeFiles/PillDispenser.dir/C_/Users/carol/Desktop/bin/PicoSDKv1.5.0/pico-sdk/src/rp2_common/pico_standard_link/crt0.S.obj
                0x10000100                __VECTOR_TABLE
                0x10000100                __vectors
                0x100001c0                isr_invalid
                0x100001c0                __default_isrs_start
                0x100001c2                isr_nmi
                0x100001c4                isr_hardfault
                0x100001c6                isr_svcall
                0x100001c8                isr_pendsv
                0x100001ca                isr_systick
                0x100001cc                isr_irq23
                0x100001cc                isr_irq18
                0x100001cc                isr_irq11
                0x100001cc                isr_irq28
                0x100001cc                isr_irq19
                0x100001cc                isr_irq0
                0x100001cc                isr_irq6
                0x100001cc                isr_irq5
                0x100001cc                isr_irq12
                0x100001cc                isr_irq22
                0x100001cc                isr_irq31
                0x100001cc                isr_irq17
                0x100001cc                isr_irq27
                0x100001cc                isr_irq30
                0x100001cc                isr_irq2
                0x100001cc                isr_irq10
                0x100001cc                isr_irq8
                0x100001cc                isr_irq24
                0x100001cc                isr_irq1
                0x100001cc                isr_irq7
                0x100001cc                isr_irq21
                0x100001cc                isr_irq20
                0x100001cc                isr_irq15
                0x100001cc                isr_irq25
                0x100001cc                isr_irq13
                0x100001cc                __unhandled_user_irq
                0x100001cc                isr_irq4
                0x100001cc                isr_irq16
                0x100001cc                isr_irq29
                0x100001cc                isr_irq26
                0x100001cc                __default_isrs_end
                0x100001cc                isr_irq3
                0x100001cc                isr_irq14
                0x100001cc                isr_irq9
                0x100001d2                unhandled_user_irq_num_in_r0
 *(.binary_info_header)
 .binary_info_header
                0x100001d4       0x14 CMakeFiles/PillDispenser.dir/C_/Users/carol/Desktop/bin/PicoSDKv1.5.0/pico-sdk/src/rp2_common/pico_standard_link/crt0.S.obj
                0x100001e8                __binary_info_header_end = .
 *(.reset)
 .reset         0x100001e8       0xa0 CMakeFiles/PillDispenser.dir/C_/Users/carol/Desktop/bin/PicoSDKv1.5.0/pico-sdk/src/rp2_common/pico_standard_link/crt0.S.obj
                0x100001e8                _entry_point
 .reset         0x10000288       0x30 CMakeFiles/PillDispenser.dir/C_/Users/carol/Desktop/bin/PicoSDKv1.5.0/pico-sdk/src/rp2_common/pico_standard_link/binary_info.c.obj
 *(.init)
 .init          0x100002b8        0x4 c:/users/carol/desktop/bin/picosdkv1.5.0/gcc-arm-none-eabi/bin/../lib/gcc/arm-none-eabi/10.3.1/thumb/v6-m/nofp/crti.o
                0x100002b8                _init
 *(EXCLUDE_FILE(*libm.a: *libc.a:*lib_a-mem*.o *libgcc.a:) .text*)
 .text          0x100002bc       0x48 c:/users/carol/desktop/bin/picosdkv1.5.0/gcc-arm-none-eabi/bin/../lib/gcc/arm-none-eabi/10.3.1/thumb/v6-m/nofp/crtbegin.o
 .text.gpio_handler
                0x10000304       0x98 CMakeFiles/PillDispenser.dir/main.c.obj
 .text.initialize_i2c
                0x1000039c       0x38 CMakeFiles/PillDispenser.dir/main.c.obj
                0x1000039c                initialize_i2c
 .text.initialize_controller
                0x100003d4       0x14 CMakeFiles/PillDispenser.dir/main.c.obj
                0x100003d4                initialize_controller
 .text.move_one_step
                0x100003e8       0xc8 CMakeFiles/PillDispenser.dir/main.c.obj
                0x100003e8                move_one_step
 .text.rotate_one_compartment
                0x100004b0       0x38 CMakeFiles/PillDispenser.dir/main.c.obj
                0x100004b0                rotate_one_compartment
 .text.check_for_edge
                0x100004e8       0x58 CMakeFiles/PillDispenser.dir/main.c.obj
                0x100004e8                check_for_edge
 .text.initialize_button
                0x10000540       0x1e CMakeFiles/PillDispenser.dir/main.c.obj
                0x10000540                initialize_button
 .text.initialize_led
                0x1000055e       0x14 CMakeFiles/PillDispenser.dir/main.c.obj
                0x1000055e                initialize_led
 .text.blink_led
                0x10000572       0x1e CMakeFiles/PillDispenser.dir/main.c.obj
                0x10000572                blink_led
 .text.led_bright
                0x10000590        0xc CMakeFiles/PillDispenser.dir/main.c.obj
                0x10000590                led_bright
 .text.check_pill_dispensed
                0x1000059c       0x24 CMakeFiles/PillDispenser.dir/main.c.obj
                0x1000059c                check_pill_dispensed
 .text.detect_pill
                0x100005c0       0x24 CMakeFiles/PillDispenser.dir/main.c.obj
                0x100005c0                detect_pill
 .text.led_off  0x100005e4        0xc CMakeFiles/PillDispenser.dir/main.c.obj
                0x100005e4                led_off
 .text.recovery_calib
                0x100005f0       0x48 CMakeFiles/PillDispenser.dir/main.c.obj
                0x100005f0                recovery_calib
 .text.read_steps_per_revolution_from_eeprom
                0x10000638       0x34 CMakeFiles/PillDispenser.dir/main.c.obj
                0x10000638                read_steps_per_revolution_from_eeprom
 .text.write_steps_per_revolution_to_eeprom
                0x1000066c       0x30 CMakeFiles/PillDispenser.dir/main.c.obj
                0x1000066c                write_steps_per_revolution_to_eeprom
 .text.perform_calib
                0x1000069c       0x60 CMakeFiles/PillDispenser.dir/main.c.obj
                0x1000069c                perform_calib
 .text.check_power_cut
                0x100006fc      0x108 CMakeFiles/PillDispenser.dir/main.c.obj
                0x100006fc                check_power_cut
 .text.set_boot
                0x10000804       0x18 CMakeFiles/PillDispenser.dir/main.c.obj
                0x10000804                set_boot
 .text.remove_events
                0x1000081c       0x1c CMakeFiles/PillDispenser.dir/main.c.obj
                0x1000081c                remove_events
 .text.main     0x10000838      0x2e8 CMakeFiles/PillDispenser.dir/main.c.obj
                0x10000838                main
 .text.crc16    0x10000b20       0x38 CMakeFiles/PillDispenser.dir/eeprom_log.c.obj
                0x10000b20                crc16
 .text.validate_crc
                0x10000b58       0x12 CMakeFiles/PillDispenser.dir/eeprom_log.c.obj
                0x10000b58                validate_crc
 *fill*         0x10000b6a        0x2 
 .text.eeprom_write
                0x10000b6c       0x6c CMakeFiles/PillDispenser.dir/eeprom_log.c.obj
                0x10000b6c                eeprom_write
 .text.eeprom_read
                0x10000bd8       0x48 CMakeFiles/PillDispenser.dir/eeprom_log.c.obj
                0x10000bd8                eeprom_read
 .text.print_eeprom_logs
                0x10000c20       0x74 CMakeFiles/PillDispenser.dir/eeprom_log.c.obj
                0x10000c20                print_eeprom_logs
 .text.log_empty
                0x10000c94       0x36 CMakeFiles/PillDispenser.dir/eeprom_log.c.obj
                0x10000c94                log_empty
 .text.delete_eeprom_log
                0x10000cca       0x1e CMakeFiles/PillDispenser.dir/eeprom_log.c.obj
                0x10000cca                delete_eeprom_log
 .text.write_log_to_eeprom
                0x10000ce8       0x9c CMakeFiles/PillDispenser.dir/eeprom_log.c.obj
                0x10000ce8                write_log_to_eeprom
 .text.write_log_message
                0x10000d84       0x3c CMakeFiles/PillDispenser.dir/eeprom_log.c.obj
                0x10000d84                write_log_message
 .text.send_to_uart
                0x10000dc0       0x4e CMakeFiles/PillDispenser.dir/lora_connect.c.obj
                0x10000dc0                send_to_uart
 .text.read_string_from_uart
                0x10000e0e       0x64 CMakeFiles/PillDispenser.dir/lora_connect.c.obj
                0x10000e0e                read_string_from_uart
 *fill*         0x10000e72        0x2 
 .text.send_and_execute_lora_command
                0x10000e74       0x30 CMakeFiles/PillDispenser.dir/lora_connect.c.obj
                0x10000e74                send_and_execute_lora_command
 .text.send_message_to_lora
                0x10000ea4       0x90 CMakeFiles/PillDispenser.dir/lora_connect.c.obj
                0x10000ea4                send_message_to_lora
 .text.initialize_lora
                0x10000f34       0x78 CMakeFiles/PillDispenser.dir/lora_connect.c.obj
                0x10000f34                initialize_lora
 .text.join_lora
                0x10000fac       0xf8 CMakeFiles/PillDispenser.dir/lora_connect.c.obj
                0x10000fac                join_lora
 .text.setup_lora
                0x100010a4       0x5c CMakeFiles/PillDispenser.dir/lora_connect.c.obj
                0x100010a4                setup_lora
 .text.gpio_set_function
                0x10001100       0x30 CMakeFiles/PillDispenser.dir/C_/Users/carol/Desktop/bin/PicoSDKv1.5.0/pico-sdk/src/rp2_common/hardware_gpio/gpio.c.obj
                0x10001100                gpio_set_function
 .text.gpio_set_pulls
                0x10001130       0x34 CMakeFiles/PillDispenser.dir/C_/Users/carol/Desktop/bin/PicoSDKv1.5.0/pico-sdk/src/rp2_common/hardware_gpio/gpio.c.obj
                0x10001130                gpio_set_pulls
 .text.gpio_set_irq_callback
                0x10001164       0x48 CMakeFiles/PillDispenser.dir/C_/Users/carol/Desktop/bin/PicoSDKv1.5.0/pico-sdk/src/rp2_common/hardware_gpio/gpio.c.obj
                0x10001164                gpio_set_irq_callback
 .text.gpio_acknowledge_irq
                0x100011ac       0x18 CMakeFiles/PillDispenser.dir/C_/Users/carol/Desktop/bin/PicoSDKv1.5.0/pico-sdk/src/rp2_common/hardware_gpio/gpio.c.obj
                0x100011ac                gpio_acknowledge_irq
 .text._gpio_set_irq_enabled
                0x100011c4       0x34 CMakeFiles/PillDispenser.dir/C_/Users/carol/Desktop/bin/PicoSDKv1.5.0/pico-sdk/src/rp2_common/hardware_gpio/gpio.c.obj
 .text.gpio_set_irq_enabled
                0x100011f8       0x20 CMakeFiles/PillDispenser.dir/C_/Users/carol/Desktop/bin/PicoSDKv1.5.0/pico-sdk/src/rp2_common/hardware_gpio/gpio.c.obj
                0x100011f8                gpio_set_irq_enabled
 .text.gpio_set_irq_enabled_with_callback
                0x10001218       0x20 CMakeFiles/PillDispenser.dir/C_/Users/carol/Desktop/bin/PicoSDKv1.5.0/pico-sdk/src/rp2_common/hardware_gpio/gpio.c.obj
                0x10001218                gpio_set_irq_enabled_with_callback
 .text.gpio_default_irq_handler
                0x10001238       0x98 CMakeFiles/PillDispenser.dir/C_/Users/carol/Desktop/bin/PicoSDKv1.5.0/pico-sdk/src/rp2_common/hardware_gpio/gpio.c.obj
 .text.gpio_init
                0x100012d0       0x16 CMakeFiles/PillDispenser.dir/C_/Users/carol/Desktop/bin/PicoSDKv1.5.0/pico-sdk/src/rp2_common/hardware_gpio/gpio.c.obj
                0x100012d0                gpio_init
 *fill*         0x100012e6        0x2 
 .text.running_on_fpga
                0x100012e8       0x14 CMakeFiles/PillDispenser.dir/C_/Users/carol/Desktop/bin/PicoSDKv1.5.0/pico-sdk/src/rp2_common/pico_platform/platform.c.obj
                0x100012e8                running_on_fpga
 .text.hw_claim_lock
                0x100012fc       0x18 CMakeFiles/PillDispenser.dir/C_/Users/carol/Desktop/bin/PicoSDKv1.5.0/pico-sdk/src/rp2_common/hardware_claim/claim.c.obj
                0x100012fc                hw_claim_lock
 .text.hw_claim_unlock
                0x10001314       0x14 CMakeFiles/PillDispenser.dir/C_/Users/carol/Desktop/bin/PicoSDKv1.5.0/pico-sdk/src/rp2_common/hardware_claim/claim.c.obj
                0x10001314                hw_claim_unlock
 .text.hw_claim_or_assert
                0x10001328       0x32 CMakeFiles/PillDispenser.dir/C_/Users/carol/Desktop/bin/PicoSDKv1.5.0/pico-sdk/src/rp2_common/hardware_claim/claim.c.obj
                0x10001328                hw_claim_or_assert
 *fill*         0x1000135a        0x2 
 .text.spin_locks_reset
                0x1000135c       0x20 CMakeFiles/PillDispenser.dir/C_/Users/carol/Desktop/bin/PicoSDKv1.5.0/pico-sdk/src/rp2_common/hardware_sync/sync.c.obj
                0x1000135c                spin_locks_reset
 .text.next_striped_spin_lock_num
                0x1000137c       0x1c CMakeFiles/PillDispenser.dir/C_/Users/carol/Desktop/bin/PicoSDKv1.5.0/pico-sdk/src/rp2_common/hardware_sync/sync.c.obj
                0x1000137c                next_striped_spin_lock_num
 .text.set_raw_irq_handler_and_unlock
                0x10001398       0x28 CMakeFiles/PillDispenser.dir/C_/Users/carol/Desktop/bin/PicoSDKv1.5.0/pico-sdk/src/rp2_common/hardware_irq/irq.c.obj
 .text.make_branch
                0x100013c0       0x48 CMakeFiles/PillDispenser.dir/C_/Users/carol/Desktop/bin/PicoSDKv1.5.0/pico-sdk/src/rp2_common/hardware_irq/irq.c.obj
 .text.insert_branch_and_link
                0x10001408       0x40 CMakeFiles/PillDispenser.dir/C_/Users/carol/Desktop/bin/PicoSDKv1.5.0/pico-sdk/src/rp2_common/hardware_irq/irq.c.obj
 .text.irq_is_enabled
                0x10001448       0x18 CMakeFiles/PillDispenser.dir/C_/Users/carol/Desktop/bin/PicoSDKv1.5.0/pico-sdk/src/rp2_common/hardware_irq/irq.c.obj
                0x10001448                irq_is_enabled
 .text.irq_set_mask_enabled
                0x10001460       0x20 CMakeFiles/PillDispenser.dir/C_/Users/carol/Desktop/bin/PicoSDKv1.5.0/pico-sdk/src/rp2_common/hardware_irq/irq.c.obj
                0x10001460                irq_set_mask_enabled
 .text.irq_set_enabled
                0x10001480        0xe CMakeFiles/PillDispenser.dir/C_/Users/carol/Desktop/bin/PicoSDKv1.5.0/pico-sdk/src/rp2_common/hardware_irq/irq.c.obj
                0x10001480                irq_set_enabled
 *fill*         0x1000148e        0x2 
 .text.irq_get_vtable_handler
                0x10001490       0x10 CMakeFiles/PillDispenser.dir/C_/Users/carol/Desktop/bin/PicoSDKv1.5.0/pico-sdk/src/rp2_common/hardware_irq/irq.c.obj
                0x10001490                irq_get_vtable_handler
 .text.irq_set_exclusive_handler
                0x100014a0       0x54 CMakeFiles/PillDispenser.dir/C_/Users/carol/Desktop/bin/PicoSDKv1.5.0/pico-sdk/src/rp2_common/hardware_irq/irq.c.obj
                0x100014a0                irq_set_exclusive_handler
 .text.irq_add_shared_handler
                0x100014f4      0x234 CMakeFiles/PillDispenser.dir/C_/Users/carol/Desktop/bin/PicoSDKv1.5.0/pico-sdk/src/rp2_common/hardware_irq/irq.c.obj
                0x100014f4                irq_add_shared_handler
 .text.irq_remove_handler
                0x10001728      0x1ac CMakeFiles/PillDispenser.dir/C_/Users/carol/Desktop/bin/PicoSDKv1.5.0/pico-sdk/src/rp2_common/hardware_irq/irq.c.obj
                0x10001728                irq_remove_handler
 .text.irq_add_tail_to_free_list
                0x100018d4       0xf0 CMakeFiles/PillDispenser.dir/C_/Users/carol/Desktop/bin/PicoSDKv1.5.0/pico-sdk/src/rp2_common/hardware_irq/irq.c.obj
                0x100018d4                irq_add_tail_to_free_list
 .text.irq_init_priorities
                0x100019c4       0x1c CMakeFiles/PillDispenser.dir/C_/Users/carol/Desktop/bin/PicoSDKv1.5.0/pico-sdk/src/rp2_common/hardware_irq/irq.c.obj
                0x100019c4                irq_init_priorities
 .text.lock_init
                0x100019e0       0x10 CMakeFiles/PillDispenser.dir/C_/Users/carol/Desktop/bin/PicoSDKv1.5.0/pico-sdk/src/common/pico_sync/lock_core.c.obj
                0x100019e0                lock_init
 .text.mutex_init
                0x100019f0       0x1a CMakeFiles/PillDispenser.dir/C_/Users/carol/Desktop/bin/PicoSDKv1.5.0/pico-sdk/src/common/pico_sync/mutex.c.obj
                0x100019f0                mutex_init
 .text.recursive_mutex_init
                0x10001a0a       0x1e CMakeFiles/PillDispenser.dir/C_/Users/carol/Desktop/bin/PicoSDKv1.5.0/pico-sdk/src/common/pico_sync/mutex.c.obj
                0x10001a0a                recursive_mutex_init
 .text.alarm_pool_post_alloc_init
                0x10001a28       0x40 CMakeFiles/PillDispenser.dir/C_/Users/carol/Desktop/bin/PicoSDKv1.5.0/pico-sdk/src/common/pico_time/time.c.obj
 .text.sleep_until_callback
                0x10001a68       0x30 CMakeFiles/PillDispenser.dir/C_/Users/carol/Desktop/bin/PicoSDKv1.5.0/pico-sdk/src/common/pico_time/time.c.obj
 .text.timer_pool_entry_comparator
                0x10001a98       0x7c CMakeFiles/PillDispenser.dir/C_/Users/carol/Desktop/bin/PicoSDKv1.5.0/pico-sdk/src/common/pico_time/time.c.obj
                0x10001a98                timer_pool_entry_comparator
 .text.ph_add_child_node
                0x10001b14       0xa4 CMakeFiles/PillDispenser.dir/C_/Users/carol/Desktop/bin/PicoSDKv1.5.0/pico-sdk/src/common/pico_time/time.c.obj
 .text.ph_merge_nodes
                0x10001bb8       0x3e CMakeFiles/PillDispenser.dir/C_/Users/carol/Desktop/bin/PicoSDKv1.5.0/pico-sdk/src/common/pico_time/time.c.obj
 *fill*         0x10001bf6        0x2 
 .text.add_alarm_under_lock
                0x10001bf8      0x174 CMakeFiles/PillDispenser.dir/C_/Users/carol/Desktop/bin/PicoSDKv1.5.0/pico-sdk/src/common/pico_time/time.c.obj
 .text.alarm_pool_alarm_callback
                0x10001d6c      0x33c CMakeFiles/PillDispenser.dir/C_/Users/carol/Desktop/bin/PicoSDKv1.5.0/pico-sdk/src/common/pico_time/time.c.obj
 .text.alarm_pool_init_default
                0x100020a8       0x40 CMakeFiles/PillDispenser.dir/C_/Users/carol/Desktop/bin/PicoSDKv1.5.0/pico-sdk/src/common/pico_time/time.c.obj
                0x100020a8                alarm_pool_init_default
 .text.alarm_pool_get_default
                0x100020e8       0x2c CMakeFiles/PillDispenser.dir/C_/Users/carol/Desktop/bin/PicoSDKv1.5.0/pico-sdk/src/common/pico_time/time.c.obj
                0x100020e8                alarm_pool_get_default
 .text.alarm_pool_add_alarm_at
                0x10002114      0x168 CMakeFiles/PillDispenser.dir/C_/Users/carol/Desktop/bin/PicoSDKv1.5.0/pico-sdk/src/common/pico_time/time.c.obj
                0x10002114                alarm_pool_add_alarm_at
 .text.alarm_pool_cancel_alarm
                0x1000227c       0xf0 CMakeFiles/PillDispenser.dir/C_/Users/carol/Desktop/bin/PicoSDKv1.5.0/pico-sdk/src/common/pico_time/time.c.obj
                0x1000227c                alarm_pool_cancel_alarm
 .text.sleep_until
                0x1000236c       0xfc CMakeFiles/PillDispenser.dir/C_/Users/carol/Desktop/bin/PicoSDKv1.5.0/pico-sdk/src/common/pico_time/time.c.obj
                0x1000236c                sleep_until
 .text.sleep_us
                0x10002468       0x58 CMakeFiles/PillDispenser.dir/C_/Users/carol/Desktop/bin/PicoSDKv1.5.0/pico-sdk/src/common/pico_time/time.c.obj
                0x10002468                sleep_us
 .text.sleep_ms
                0x100024c0       0x14 CMakeFiles/PillDispenser.dir/C_/Users/carol/Desktop/bin/PicoSDKv1.5.0/pico-sdk/src/common/pico_time/time.c.obj
                0x100024c0                sleep_ms
 .text.best_effort_wfe_or_timeout
                0x100024d4       0xac CMakeFiles/PillDispenser.dir/C_/Users/carol/Desktop/bin/PicoSDKv1.5.0/pico-sdk/src/common/pico_time/time.c.obj
                0x100024d4                best_effort_wfe_or_timeout
 .text.hardware_alarm_irq_handler
                0x10002580       0x90 CMakeFiles/PillDispenser.dir/C_/Users/carol/Desktop/bin/PicoSDKv1.5.0/pico-sdk/src/rp2_common/hardware_timer/timer.c.obj
 .text.hardware_alarm_claim
                0x10002610       0x18 CMakeFiles/PillDispenser.dir/C_/Users/carol/Desktop/bin/PicoSDKv1.5.0/pico-sdk/src/rp2_common/hardware_timer/timer.c.obj
                0x10002610                hardware_alarm_claim
 .text.time_us_64
                0x10002628       0x18 CMakeFiles/PillDispenser.dir/C_/Users/carol/Desktop/bin/PicoSDKv1.5.0/pico-sdk/src/rp2_common/hardware_timer/timer.c.obj
                0x10002628                time_us_64
 .text.busy_wait_until
                0x10002640       0x28 CMakeFiles/PillDispenser.dir/C_/Users/carol/Desktop/bin/PicoSDKv1.5.0/pico-sdk/src/rp2_common/hardware_timer/timer.c.obj
                0x10002640                busy_wait_until
 .text.hardware_alarm_set_callback
                0x10002668       0x90 CMakeFiles/PillDispenser.dir/C_/Users/carol/Desktop/bin/PicoSDKv1.5.0/pico-sdk/src/rp2_common/hardware_timer/timer.c.obj
                0x10002668                hardware_alarm_set_callback
 .text.hardware_alarm_set_target
                0x100026f8       0xe8 CMakeFiles/PillDispenser.dir/C_/Users/carol/Desktop/bin/PicoSDKv1.5.0/pico-sdk/src/rp2_common/hardware_timer/timer.c.obj
                0x100026f8                hardware_alarm_set_target
 .text.hardware_alarm_cancel
                0x100027e0       0x40 CMakeFiles/PillDispenser.dir/C_/Users/carol/Desktop/bin/PicoSDKv1.5.0/pico-sdk/src/rp2_common/hardware_timer/timer.c.obj
                0x100027e0                hardware_alarm_cancel
 .text.ph_add_child_node
                0x10002820       0xa4 CMakeFiles/PillDispenser.dir/C_/Users/carol/Desktop/bin/PicoSDKv1.5.0/pico-sdk/src/common/pico_util/pheap.c.obj
 .text.ph_merge_nodes
                0x100028c4       0x3e CMakeFiles/PillDispenser.dir/C_/Users/carol/Desktop/bin/PicoSDKv1.5.0/pico-sdk/src/common/pico_util/pheap.c.obj
 *fill*         0x10002902        0x2 
 .text.ph_clear
                0x10002904       0x70 CMakeFiles/PillDispenser.dir/C_/Users/carol/Desktop/bin/PicoSDKv1.5.0/pico-sdk/src/common/pico_util/pheap.c.obj
                0x10002904                ph_clear
 .text.ph_post_alloc_init
                0x10002974        0xe CMakeFiles/PillDispenser.dir/C_/Users/carol/Desktop/bin/PicoSDKv1.5.0/pico-sdk/src/common/pico_util/pheap.c.obj
                0x10002974                ph_post_alloc_init
 *fill*         0x10002982        0x2 
 .text.ph_merge_two_pass
                0x10002984       0xa8 CMakeFiles/PillDispenser.dir/C_/Users/carol/Desktop/bin/PicoSDKv1.5.0/pico-sdk/src/common/pico_util/pheap.c.obj
                0x10002984                ph_merge_two_pass
 .text.ph_remove_any_head
                0x10002a2c      0x128 CMakeFiles/PillDispenser.dir/C_/Users/carol/Desktop/bin/PicoSDKv1.5.0/pico-sdk/src/common/pico_util/pheap.c.obj
 .text.ph_remove_head
                0x10002b54       0x14 CMakeFiles/PillDispenser.dir/C_/Users/carol/Desktop/bin/PicoSDKv1.5.0/pico-sdk/src/common/pico_util/pheap.c.obj
                0x10002b54                ph_remove_head
 .text.ph_remove_and_free_node
                0x10002b68       0xf8 CMakeFiles/PillDispenser.dir/C_/Users/carol/Desktop/bin/PicoSDKv1.5.0/pico-sdk/src/common/pico_util/pheap.c.obj
                0x10002b68                ph_remove_and_free_node
 .text.queue_add_internal
                0x10002c60       0xa0 CMakeFiles/PillDispenser.dir/C_/Users/carol/Desktop/bin/PicoSDKv1.5.0/pico-sdk/src/common/pico_util/queue.c.obj
 .text.queue_remove_internal
                0x10002d00       0xa4 CMakeFiles/PillDispenser.dir/C_/Users/carol/Desktop/bin/PicoSDKv1.5.0/pico-sdk/src/common/pico_util/queue.c.obj
 .text.queue_init_with_spinlock
                0x10002da4       0x24 CMakeFiles/PillDispenser.dir/C_/Users/carol/Desktop/bin/PicoSDKv1.5.0/pico-sdk/src/common/pico_util/queue.c.obj
                0x10002da4                queue_init_with_spinlock
 .text.queue_try_add
                0x10002dc8        0xa CMakeFiles/PillDispenser.dir/C_/Users/carol/Desktop/bin/PicoSDKv1.5.0/pico-sdk/src/common/pico_util/queue.c.obj
                0x10002dc8                queue_try_add
 .text.queue_try_remove
                0x10002dd2        0xa CMakeFiles/PillDispenser.dir/C_/Users/carol/Desktop/bin/PicoSDKv1.5.0/pico-sdk/src/common/pico_util/queue.c.obj
                0x10002dd2                queue_try_remove
 .text.uart_set_baudrate
                0x10002ddc       0x5c CMakeFiles/PillDispenser.dir/C_/Users/carol/Desktop/bin/PicoSDKv1.5.0/pico-sdk/src/rp2_common/hardware_uart/uart.c.obj
                0x10002ddc                uart_set_baudrate
 .text.uart_set_translate_crlf
                0x10002e38       0x28 CMakeFiles/PillDispenser.dir/C_/Users/carol/Desktop/bin/PicoSDKv1.5.0/pico-sdk/src/rp2_common/hardware_uart/uart.c.obj
                0x10002e38                uart_set_translate_crlf
 .text.uart_init
                0x10002e60       0x80 CMakeFiles/PillDispenser.dir/C_/Users/carol/Desktop/bin/PicoSDKv1.5.0/pico-sdk/src/rp2_common/hardware_uart/uart.c.obj
                0x10002e60                uart_init
 .text.uart_is_readable_within_us
                0x10002ee0       0x20 CMakeFiles/PillDispenser.dir/C_/Users/carol/Desktop/bin/PicoSDKv1.5.0/pico-sdk/src/rp2_common/hardware_uart/uart.c.obj
                0x10002ee0                uart_is_readable_within_us
 .text.clock_configure
                0x10002f00      0x104 CMakeFiles/PillDispenser.dir/C_/Users/carol/Desktop/bin/PicoSDKv1.5.0/pico-sdk/src/rp2_common/hardware_clocks/clocks.c.obj
                0x10002f00                clock_configure
 .text.clocks_init
                0x10003004      0x100 CMakeFiles/PillDispenser.dir/C_/Users/carol/Desktop/bin/PicoSDKv1.5.0/pico-sdk/src/rp2_common/hardware_clocks/clocks.c.obj
                0x10003004                clocks_init
 .text.clock_get_hz
                0x10003104        0xc CMakeFiles/PillDispenser.dir/C_/Users/carol/Desktop/bin/PicoSDKv1.5.0/pico-sdk/src/rp2_common/hardware_clocks/clocks.c.obj
                0x10003104                clock_get_hz
 .text.pll_init
                0x10003110      0x12c CMakeFiles/PillDispenser.dir/C_/Users/carol/Desktop/bin/PicoSDKv1.5.0/pico-sdk/src/rp2_common/hardware_pll/pll.c.obj
                0x10003110                pll_init
 .text.watchdog_start_tick
                0x1000323c       0x10 CMakeFiles/PillDispenser.dir/C_/Users/carol/Desktop/bin/PicoSDKv1.5.0/pico-sdk/src/rp2_common/hardware_watchdog/watchdog.c.obj
                0x1000323c                watchdog_start_tick
 .text.xosc_init
                0x1000324c       0x28 CMakeFiles/PillDispenser.dir/C_/Users/carol/Desktop/bin/PicoSDKv1.5.0/pico-sdk/src/rp2_common/hardware_xosc/xosc.c.obj
                0x1000324c                xosc_init
 .text._exit    0x10003274        0x4 CMakeFiles/PillDispenser.dir/C_/Users/carol/Desktop/bin/PicoSDKv1.5.0/pico-sdk/src/rp2_common/pico_runtime/runtime.c.obj
                0x10003274                _exit
 .text._sbrk    0x10003278       0x38 CMakeFiles/PillDispenser.dir/C_/Users/carol/Desktop/bin/PicoSDKv1.5.0/pico-sdk/src/rp2_common/pico_runtime/runtime.c.obj
                0x10003278                _sbrk
 .text.exit     0x100032b0        0x6 CMakeFiles/PillDispenser.dir/C_/Users/carol/Desktop/bin/PicoSDKv1.5.0/pico-sdk/src/rp2_common/pico_runtime/runtime.c.obj
                0x100032b0                exit
 *fill*         0x100032b6        0x2 
 .text.__assert_func
                0x100032b8       0x3c CMakeFiles/PillDispenser.dir/C_/Users/carol/Desktop/bin/PicoSDKv1.5.0/pico-sdk/src/rp2_common/pico_runtime/runtime.c.obj
                0x100032b8                __assert_func
 .text.runtime_init
                0x100032f4       0xf8 CMakeFiles/PillDispenser.dir/C_/Users/carol/Desktop/bin/PicoSDKv1.5.0/pico-sdk/src/rp2_common/pico_runtime/runtime.c.obj
                0x100032f4                runtime_init
 .text.panic    0x100033ec       0x30 CMakeFiles/PillDispenser.dir/C_/Users/carol/Desktop/bin/PicoSDKv1.5.0/pico-sdk/src/rp2_common/pico_runtime/runtime.c.obj
                0x100033ec                panic
 .text._out_buffer
                0x1000341c        0x8 CMakeFiles/PillDispenser.dir/C_/Users/carol/Desktop/bin/PicoSDKv1.5.0/pico-sdk/src/rp2_common/pico_printf/printf.c.obj
 .text._out_null
                0x10003424        0x2 CMakeFiles/PillDispenser.dir/C_/Users/carol/Desktop/bin/PicoSDKv1.5.0/pico-sdk/src/rp2_common/pico_printf/printf.c.obj
 .text._out_fct
                0x10003426        0xe CMakeFiles/PillDispenser.dir/C_/Users/carol/Desktop/bin/PicoSDKv1.5.0/pico-sdk/src/rp2_common/pico_printf/printf.c.obj
 .text._atoi    0x10003434       0x24 CMakeFiles/PillDispenser.dir/C_/Users/carol/Desktop/bin/PicoSDKv1.5.0/pico-sdk/src/rp2_common/pico_printf/printf.c.obj
 .text._out_rev
                0x10003458       0xae CMakeFiles/PillDispenser.dir/C_/Users/carol/Desktop/bin/PicoSDKv1.5.0/pico-sdk/src/rp2_common/pico_printf/printf.c.obj
 .text._ntoa_format
                0x10003506      0x112 CMakeFiles/PillDispenser.dir/C_/Users/carol/Desktop/bin/PicoSDKv1.5.0/pico-sdk/src/rp2_common/pico_printf/printf.c.obj
 .text._ntoa_long
                0x10003618       0xbc CMakeFiles/PillDispenser.dir/C_/Users/carol/Desktop/bin/PicoSDKv1.5.0/pico-sdk/src/rp2_common/pico_printf/printf.c.obj
 .text._ntoa_long_long
                0x100036d4       0xe2 CMakeFiles/PillDispenser.dir/C_/Users/carol/Desktop/bin/PicoSDKv1.5.0/pico-sdk/src/rp2_common/pico_printf/printf.c.obj
 *fill*         0x100037b6        0x2 
 .text._etoa    0x100037b8      0x414 CMakeFiles/PillDispenser.dir/C_/Users/carol/Desktop/bin/PicoSDKv1.5.0/pico-sdk/src/rp2_common/pico_printf/printf.c.obj
 .text._ftoa    0x10003bcc      0x354 CMakeFiles/PillDispenser.dir/C_/Users/carol/Desktop/bin/PicoSDKv1.5.0/pico-sdk/src/rp2_common/pico_printf/printf.c.obj
 .text._vsnprintf
                0x10003f20      0x624 CMakeFiles/PillDispenser.dir/C_/Users/carol/Desktop/bin/PicoSDKv1.5.0/pico-sdk/src/rp2_common/pico_printf/printf.c.obj
 .text.__wrap_sprintf
                0x10004544       0x28 CMakeFiles/PillDispenser.dir/C_/Users/carol/Desktop/bin/PicoSDKv1.5.0/pico-sdk/src/rp2_common/pico_printf/printf.c.obj
                0x10004544                __wrap_sprintf
 .text.__wrap_snprintf
                0x1000456c       0x28 CMakeFiles/PillDispenser.dir/C_/Users/carol/Desktop/bin/PicoSDKv1.5.0/pico-sdk/src/rp2_common/pico_printf/printf.c.obj
                0x1000456c                __wrap_snprintf
 .text.vfctprintf
                0x10004594       0x20 CMakeFiles/PillDispenser.dir/C_/Users/carol/Desktop/bin/PicoSDKv1.5.0/pico-sdk/src/rp2_common/pico_printf/printf.c.obj
                0x10004594                vfctprintf
 .text          0x100045b4       0x10 CMakeFiles/PillDispenser.dir/C_/Users/carol/Desktop/bin/PicoSDKv1.5.0/pico-sdk/src/rp2_common/pico_bit_ops/bit_ops_aeabi.S.obj
 .text.rom_func_lookup
                0x100045c4       0x10 CMakeFiles/PillDispenser.dir/C_/Users/carol/Desktop/bin/PicoSDKv1.5.0/pico-sdk/src/rp2_common/pico_bootrom/bootrom.c.obj
                0x100045c4                rom_func_lookup
 .text.rom_data_lookup
                0x100045d4       0x10 CMakeFiles/PillDispenser.dir/C_/Users/carol/Desktop/bin/PicoSDKv1.5.0/pico-sdk/src/rp2_common/pico_bootrom/bootrom.c.obj
                0x100045d4                rom_data_lookup
 .text.rom_funcs_lookup
                0x100045e4       0x36 CMakeFiles/PillDispenser.dir/C_/Users/carol/Desktop/bin/PicoSDKv1.5.0/pico-sdk/src/rp2_common/pico_bootrom/bootrom.c.obj
                0x100045e4                rom_funcs_lookup
 *fill*         0x1000461a        0x2 
 .text.__wrap___aeabi_idiv
                0x1000461c       0x50 CMakeFiles/PillDispenser.dir/C_/Users/carol/Desktop/bin/PicoSDKv1.5.0/pico-sdk/src/rp2_common/pico_divider/divider.S.obj
                0x1000461c                __wrap___aeabi_idivmod
                0x1000461c                divmod_s32s32
                0x1000461c                div_s32s32
                0x1000461c                __wrap___aeabi_idiv
                0x10004624                divmod_s32s32_unsafe
                0x10004650                divmod_s32s32_savestate
 .text.__wrap___aeabi_uidiv
                0x1000466c       0x4c CMakeFiles/PillDispenser.dir/C_/Users/carol/Desktop/bin/PicoSDKv1.5.0/pico-sdk/src/rp2_common/pico_divider/divider.S.obj
                0x1000466c                __wrap___aeabi_uidiv
                0x1000466c                __wrap___aeabi_uidivmod
                0x1000466c                div_u32u32
                0x1000466c                divmod_u32u32
                0x10004674                divmod_u32u32_unsafe
                0x1000469c                divmod_u32u32_savestate
 .text.__wrap___aeabi_ldiv
                0x100046b8      0x424 CMakeFiles/PillDispenser.dir/C_/Users/carol/Desktop/bin/PicoSDKv1.5.0/pico-sdk/src/rp2_common/pico_divider/divider.S.obj
                0x100046b8                div_s64s64
                0x100046b8                divmod_s64s64
                0x100046b8                __wrap___aeabi_ldivmod
                0x100046e8                divmod_u64u64
                0x100046e8                div_u64u64
                0x100046e8                __wrap___aeabi_uldivmod
                0x100046f8                divmod_u64u64_savestate
                0x10004718                divmod_s64s64_unsafe
                0x100047a0                divmod_u64u64_unsafe
 .text.__wrap___aeabi_darithmetic
                0x10004adc       0x60 CMakeFiles/PillDispenser.dir/C_/Users/carol/Desktop/bin/PicoSDKv1.5.0/pico-sdk/src/rp2_common/pico_double/double_aeabi.S.obj
                0x10004adc                __wrap___aeabi_drsub
                0x10004ae2                __wrap___aeabi_dsub
                0x10004aec                __wrap___aeabi_dadd
                0x10004af6                __wrap___aeabi_ddiv
                0x10004b2a                __wrap___aeabi_dmul
 .text.__wrap___aeabi_cdcmple
                0x10004b3c       0x6c CMakeFiles/PillDispenser.dir/C_/Users/carol/Desktop/bin/PicoSDKv1.5.0/pico-sdk/src/rp2_common/pico_double/double_aeabi.S.obj
                0x10004b3c                __wrap___aeabi_cdrcmple
                0x10004b4c                __wrap___aeabi_cdcmpeq
                0x10004b4c                __wrap___aeabi_cdcmple
 .text.__wrap___aeabi_dcmplt
                0x10004ba8        0xc CMakeFiles/PillDispenser.dir/C_/Users/carol/Desktop/bin/PicoSDKv1.5.0/pico-sdk/src/rp2_common/pico_double/double_aeabi.S.obj
                0x10004ba8                __wrap___aeabi_dcmplt
 .text.__wrap___aeabi_dcmple
                0x10004bb4       0x10 CMakeFiles/PillDispenser.dir/C_/Users/carol/Desktop/bin/PicoSDKv1.5.0/pico-sdk/src/rp2_common/pico_double/double_aeabi.S.obj
                0x10004bb4                __wrap___aeabi_dcmple
 .text.__wrap___aeabi_dcmpge
                0x10004bc4       0x10 CMakeFiles/PillDispenser.dir/C_/Users/carol/Desktop/bin/PicoSDKv1.5.0/pico-sdk/src/rp2_common/pico_double/double_aeabi.S.obj
                0x10004bc4                __wrap___aeabi_dcmpge
 .text.__wrap___aeabi_dcmpgt
                0x10004bd4        0xa CMakeFiles/PillDispenser.dir/C_/Users/carol/Desktop/bin/PicoSDKv1.5.0/pico-sdk/src/rp2_common/pico_double/double_aeabi.S.obj
                0x10004bd4                __wrap___aeabi_dcmpgt
 .text.__wrap___aeabi_dcmpun
                0x10004bde       0x1c CMakeFiles/PillDispenser.dir/C_/Users/carol/Desktop/bin/PicoSDKv1.5.0/pico-sdk/src/rp2_common/pico_double/double_aeabi.S.obj
                0x10004bde                __wrap___aeabi_dcmpun
 *fill*         0x10004bfa        0x2 
 .text.__wrap___aeabi_i2d
                0x10004bfc       0x38 CMakeFiles/PillDispenser.dir/C_/Users/carol/Desktop/bin/PicoSDKv1.5.0/pico-sdk/src/rp2_common/pico_double/double_aeabi.S.obj
                0x10004bfc                __wrap___aeabi_ui2d
                0x10004c04                __wrap___aeabi_i2d
 .text.__wrap___aeabi_d2iz
                0x10004c34       0x48 CMakeFiles/PillDispenser.dir/C_/Users/carol/Desktop/bin/PicoSDKv1.5.0/pico-sdk/src/rp2_common/pico_double/double_aeabi.S.obj
                0x10004c34                double2int_z
                0x10004c34                __wrap___aeabi_d2iz
 .text.__wrap___aeabi_d2uiz
                0x10004c7c       0x10 CMakeFiles/PillDispenser.dir/C_/Users/carol/Desktop/bin/PicoSDKv1.5.0/pico-sdk/src/rp2_common/pico_double/double_aeabi.S.obj
                0x10004c7c                __wrap___aeabi_d2uiz
                0x10004c7c                double2uint
 .text.missing_double_func_shim
                0x10004c8c        0xc CMakeFiles/PillDispenser.dir/C_/Users/carol/Desktop/bin/PicoSDKv1.5.0/pico-sdk/src/rp2_common/pico_double/double_init_rom.c.obj
 .text.__aeabi_double_init
                0x10004c98       0xcc CMakeFiles/PillDispenser.dir/C_/Users/carol/Desktop/bin/PicoSDKv1.5.0/pico-sdk/src/rp2_common/pico_double/double_init_rom.c.obj
                0x10004c98                __aeabi_double_init
 .text.double_table_shim_on_use_helper
                0x10004d64       0x34 CMakeFiles/PillDispenser.dir/C_/Users/carol/Desktop/bin/PicoSDKv1.5.0/pico-sdk/src/rp2_common/pico_double/double_v1_rom_shim.S.obj
                0x10004d64                double_table_shim_on_use_helper
 .text.__aeabi_lmul
                0x10004d98       0x32 CMakeFiles/PillDispenser.dir/C_/Users/carol/Desktop/bin/PicoSDKv1.5.0/pico-sdk/src/rp2_common/pico_int64_ops/pico_int64_ops_aeabi.S.obj
                0x10004d98                __wrap___aeabi_lmul
 *fill*         0x10004dca        0x2 
 .text.missing_float_func_shim
                0x10004dcc        0xc CMakeFiles/PillDispenser.dir/C_/Users/carol/Desktop/bin/PicoSDKv1.5.0/pico-sdk/src/rp2_common/pico_float/float_init_rom.c.obj
 .text.__aeabi_float_init
                0x10004dd8       0x88 CMakeFiles/PillDispenser.dir/C_/Users/carol/Desktop/bin/PicoSDKv1.5.0/pico-sdk/src/rp2_common/pico_float/float_init_rom.c.obj
                0x10004dd8                __aeabi_float_init
 .text.__wrap_calloc
                0x10004e60       0x24 CMakeFiles/PillDispenser.dir/C_/Users/carol/Desktop/bin/PicoSDKv1.5.0/pico-sdk/src/rp2_common/pico_malloc/pico_malloc.c.obj
                0x10004e60                __wrap_calloc
 .text          0x10004e84       0x10 CMakeFiles/PillDispenser.dir/C_/Users/carol/Desktop/bin/PicoSDKv1.5.0/pico-sdk/src/rp2_common/pico_mem_ops/mem_ops_aeabi.S.obj
                0x10004e84                __aeabi_mem_init
 .text.memset   0x10004e94        0xc CMakeFiles/PillDispenser.dir/C_/Users/carol/Desktop/bin/PicoSDKv1.5.0/pico-sdk/src/rp2_common/pico_mem_ops/mem_ops_aeabi.S.obj
                0x10004e94                __wrap_memset
 .text.memcpy   0x10004ea0        0xc CMakeFiles/PillDispenser.dir/C_/Users/carol/Desktop/bin/PicoSDKv1.5.0/pico-sdk/src/rp2_common/pico_mem_ops/mem_ops_aeabi.S.obj
                0x10004ea0                __wrap_memcpy
                0x10004ea0                __wrap___aeabi_memcpy
 .text.stdio_out_chars_no_crlf
                0x10004eac        0xe CMakeFiles/PillDispenser.dir/C_/Users/carol/Desktop/bin/PicoSDKv1.5.0/pico-sdk/src/rp2_common/pico_stdio/stdio.c.obj
 *fill*         0x10004eba        0x2 
 .text.stdio_out_chars_crlf
                0x10004ebc       0x80 CMakeFiles/PillDispenser.dir/C_/Users/carol/Desktop/bin/PicoSDKv1.5.0/pico-sdk/src/rp2_common/pico_stdio/stdio.c.obj
 .text.stdio_stack_buffer_flush
                0x10004f3c       0x44 CMakeFiles/PillDispenser.dir/C_/Users/carol/Desktop/bin/PicoSDKv1.5.0/pico-sdk/src/rp2_common/pico_stdio/stdio.c.obj
 .text.stdio_buffered_printer
                0x10004f80       0x20 CMakeFiles/PillDispenser.dir/C_/Users/carol/Desktop/bin/PicoSDKv1.5.0/pico-sdk/src/rp2_common/pico_stdio/stdio.c.obj
 .text.stdout_serialize_begin
                0x10004fa0       0x5c CMakeFiles/PillDispenser.dir/C_/Users/carol/Desktop/bin/PicoSDKv1.5.0/pico-sdk/src/rp2_common/pico_stdio/stdio.c.obj
                0x10004fa0                stdout_serialize_begin
 .text.stdout_serialize_end
                0x10004ffc       0x10 CMakeFiles/PillDispenser.dir/C_/Users/carol/Desktop/bin/PicoSDKv1.5.0/pico-sdk/src/rp2_common/pico_stdio/stdio.c.obj
                0x10004ffc                stdout_serialize_end
 .text.stdio_put_string
                0x1000500c       0x98 CMakeFiles/PillDispenser.dir/C_/Users/carol/Desktop/bin/PicoSDKv1.5.0/pico-sdk/src/rp2_common/pico_stdio/stdio.c.obj
 .text.stdio_set_driver_enabled
                0x100050a4       0x2c CMakeFiles/PillDispenser.dir/C_/Users/carol/Desktop/bin/PicoSDKv1.5.0/pico-sdk/src/rp2_common/pico_stdio/stdio.c.obj
                0x100050a4                stdio_set_driver_enabled
 .text.stdio_flush
                0x100050d0       0x20 CMakeFiles/PillDispenser.dir/C_/Users/carol/Desktop/bin/PicoSDKv1.5.0/pico-sdk/src/rp2_common/pico_stdio/stdio.c.obj
                0x100050d0                stdio_flush
 .text.__wrap_puts
                0x100050f0       0x1e CMakeFiles/PillDispenser.dir/C_/Users/carol/Desktop/bin/PicoSDKv1.5.0/pico-sdk/src/rp2_common/pico_stdio/stdio.c.obj
                0x100050f0                __wrap_puts
 *fill*         0x1000510e        0x2 
 .text.__wrap_vprintf
                0x10005110       0x40 CMakeFiles/PillDispenser.dir/C_/Users/carol/Desktop/bin/PicoSDKv1.5.0/pico-sdk/src/rp2_common/pico_stdio/stdio.c.obj
                0x10005110                __wrap_vprintf
 .text.__wrap_printf
                0x10005150       0x18 CMakeFiles/PillDispenser.dir/C_/Users/carol/Desktop/bin/PicoSDKv1.5.0/pico-sdk/src/rp2_common/pico_stdio/stdio.c.obj
                0x10005150                __wrap_printf
 .text.stdio_init_all
                0x10005168        0xa CMakeFiles/PillDispenser.dir/C_/Users/carol/Desktop/bin/PicoSDKv1.5.0/pico-sdk/src/rp2_common/pico_stdio/stdio.c.obj
                0x10005168                stdio_init_all
 *fill*         0x10005172        0x2 
 .text.stdio_uart_out_chars
                0x10005174       0x74 CMakeFiles/PillDispenser.dir/C_/Users/carol/Desktop/bin/PicoSDKv1.5.0/pico-sdk/src/rp2_common/pico_stdio_uart/stdio_uart.c.obj
 .text.stdio_uart_in_chars
                0x100051e8       0x80 CMakeFiles/PillDispenser.dir/C_/Users/carol/Desktop/bin/PicoSDKv1.5.0/pico-sdk/src/rp2_common/pico_stdio_uart/stdio_uart.c.obj
                0x100051e8                stdio_uart_in_chars
 .text.on_uart_rx
                0x10005268       0x28 CMakeFiles/PillDispenser.dir/C_/Users/carol/Desktop/bin/PicoSDKv1.5.0/pico-sdk/src/rp2_common/pico_stdio_uart/stdio_uart.c.obj
 .text.stdio_uart_set_chars_available_callback
                0x10005290       0x8c CMakeFiles/PillDispenser.dir/C_/Users/carol/Desktop/bin/PicoSDKv1.5.0/pico-sdk/src/rp2_common/pico_stdio_uart/stdio_uart.c.obj
 .text.stdio_uart_init_full
                0x1000531c       0x44 CMakeFiles/PillDispenser.dir/C_/Users/carol/Desktop/bin/PicoSDKv1.5.0/pico-sdk/src/rp2_common/pico_stdio_uart/stdio_uart.c.obj
                0x1000531c                stdio_uart_init_full
 .text.stdio_uart_init
                0x10005360       0x28 CMakeFiles/PillDispenser.dir/C_/Users/carol/Desktop/bin/PicoSDKv1.5.0/pico-sdk/src/rp2_common/pico_stdio_uart/stdio_uart.c.obj
                0x10005360                stdio_uart_init
 .text.i2c_write_blocking_internal
                0x10005388      0x140 CMakeFiles/PillDispenser.dir/C_/Users/carol/Desktop/bin/PicoSDKv1.5.0/pico-sdk/src/rp2_common/hardware_i2c/i2c.c.obj
 .text.i2c_read_blocking_internal
                0x100054c8       0xe6 CMakeFiles/PillDispenser.dir/C_/Users/carol/Desktop/bin/PicoSDKv1.5.0/pico-sdk/src/rp2_common/hardware_i2c/i2c.c.obj
 *fill*         0x100055ae        0x2 
 .text.i2c_set_baudrate
                0x100055b0       0xf0 CMakeFiles/PillDispenser.dir/C_/Users/carol/Desktop/bin/PicoSDKv1.5.0/pico-sdk/src/rp2_common/hardware_i2c/i2c.c.obj
                0x100055b0                i2c_set_baudrate
 .text.i2c_init
                0x100056a0       0x58 CMakeFiles/PillDispenser.dir/C_/Users/carol/Desktop/bin/PicoSDKv1.5.0/pico-sdk/src/rp2_common/hardware_i2c/i2c.c.obj
                0x100056a0                i2c_init
 .text.i2c_write_blocking
                0x100056f8       0x18 CMakeFiles/PillDispenser.dir/C_/Users/carol/Desktop/bin/PicoSDKv1.5.0/pico-sdk/src/rp2_common/hardware_i2c/i2c.c.obj
                0x100056f8                i2c_write_blocking
 .text.i2c_read_blocking
                0x10005710       0x18 CMakeFiles/PillDispenser.dir/C_/Users/carol/Desktop/bin/PicoSDKv1.5.0/pico-sdk/src/rp2_common/hardware_i2c/i2c.c.obj
                0x10005710                i2c_read_blocking
 .text.calloc   0x10005728       0x18 c:/users/carol/desktop/bin/picosdkv1.5.0/gcc-arm-none-eabi/bin/../lib/gcc/arm-none-eabi/10.3.1/../../../../arm-none-eabi/lib/thumb/v6-m/nofp\libg.a(lib_a-calloc.o)
                0x10005728                calloc
 .text._calloc_r
                0x10005740       0x9c c:/users/carol/desktop/bin/picosdkv1.5.0/gcc-arm-none-eabi/bin/../lib/gcc/arm-none-eabi/10.3.1/../../../../arm-none-eabi/lib/thumb/v6-m/nofp\libg.a(lib_a-callocr.o)
                0x10005740                _calloc_r
 .text.__errno  0x100057dc        0xc c:/users/carol/desktop/bin/picosdkv1.5.0/gcc-arm-none-eabi/bin/../lib/gcc/arm-none-eabi/10.3.1/../../../../arm-none-eabi/lib/thumb/v6-m/nofp\libg.a(lib_a-errno.o)
                0x100057dc                __errno
 .text._malloc_r
                0x100057e8      0x584 c:/users/carol/desktop/bin/picosdkv1.5.0/gcc-arm-none-eabi/bin/../lib/gcc/arm-none-eabi/10.3.1/../../../../arm-none-eabi/lib/thumb/v6-m/nofp\libg.a(lib_a-mallocr.o)
                0x100057e8                _malloc_r
 .text.__malloc_lock
                0x10005d6c       0x10 c:/users/carol/desktop/bin/picosdkv1.5.0/gcc-arm-none-eabi/bin/../lib/gcc/arm-none-eabi/10.3.1/../../../../arm-none-eabi/lib/thumb/v6-m/nofp\libg.a(lib_a-mlock.o)
                0x10005d6c                __malloc_lock
 .text.__malloc_unlock
                0x10005d7c       0x10 c:/users/carol/desktop/bin/picosdkv1.5.0/gcc-arm-none-eabi/bin/../lib/gcc/arm-none-eabi/10.3.1/../../../../arm-none-eabi/lib/thumb/v6-m/nofp\libg.a(lib_a-mlock.o)
                0x10005d7c                __malloc_unlock
 .text._sbrk_r  0x10005d8c       0x24 c:/users/carol/desktop/bin/picosdkv1.5.0/gcc-arm-none-eabi/bin/../lib/gcc/arm-none-eabi/10.3.1/../../../../arm-none-eabi/lib/thumb/v6-m/nofp\libg.a(lib_a-sbrkr.o)
                0x10005d8c                _sbrk_r
 .text.strlen   0x10005db0       0x5c c:/users/carol/desktop/bin/picosdkv1.5.0/gcc-arm-none-eabi/bin/../lib/gcc/arm-none-eabi/10.3.1/../../../../arm-none-eabi/lib/thumb/v6-m/nofp\libg.a(lib_a-strlen-stub.o)
                0x10005db0                strlen
 .text.two_way_long_needle
                0x10005e0c      0x288 c:/users/carol/desktop/bin/picosdkv1.5.0/gcc-arm-none-eabi/bin/../lib/gcc/arm-none-eabi/10.3.1/../../../../arm-none-eabi/lib/thumb/v6-m/nofp\libg.a(lib_a-strstr.o)
 .text.strstr   0x10006094      0x174 c:/users/carol/desktop/bin/picosdkv1.5.0/gcc-arm-none-eabi/bin/../lib/gcc/arm-none-eabi/10.3.1/../../../../arm-none-eabi/lib/thumb/v6-m/nofp\libg.a(lib_a-strstr.o)
                0x10006094                strstr
 .text._malloc_trim_r
                0x10006208       0x9c c:/users/carol/desktop/bin/picosdkv1.5.0/gcc-arm-none-eabi/bin/../lib/gcc/arm-none-eabi/10.3.1/../../../../arm-none-eabi/lib/thumb/v6-m/nofp\libg.a(lib_a-freer.o)
                0x10006208                _malloc_trim_r
 .text._free_r  0x100062a4      0x1c4 c:/users/carol/desktop/bin/picosdkv1.5.0/gcc-arm-none-eabi/bin/../lib/gcc/arm-none-eabi/10.3.1/../../../../arm-none-eabi/lib/thumb/v6-m/nofp\libg.a(lib_a-freer.o)
                0x100062a4                _free_r
 .text.__retarget_lock_acquire_recursive
                0x10006468        0x4 c:/users/carol/desktop/bin/picosdkv1.5.0/gcc-arm-none-eabi/bin/../lib/gcc/arm-none-eabi/10.3.1/../../../../arm-none-eabi/lib/thumb/v6-m/nofp\libg.a(lib_a-lock.o)
                0x10006468                __retarget_lock_acquire_recursive
 .text.__retarget_lock_release_recursive
                0x1000646c        0x4 c:/users/carol/desktop/bin/picosdkv1.5.0/gcc-arm-none-eabi/bin/../lib/gcc/arm-none-eabi/10.3.1/../../../../arm-none-eabi/lib/thumb/v6-m/nofp\libg.a(lib_a-lock.o)
                0x1000646c                __retarget_lock_release_recursive
 .text.memcmp   0x10006470       0x48 c:/users/carol/desktop/bin/picosdkv1.5.0/gcc-arm-none-eabi/bin/../lib/gcc/arm-none-eabi/10.3.1/../../../../arm-none-eabi/lib/thumb/v6-m/nofp\libg.a(lib_a-memcmp.o)
                0x10006470                memcmp
 .text.strchr   0x100064b8       0xc0 c:/users/carol/desktop/bin/picosdkv1.5.0/gcc-arm-none-eabi/bin/../lib/gcc/arm-none-eabi/10.3.1/../../../../arm-none-eabi/lib/thumb/v6-m/nofp\libg.a(lib_a-strchr.o)
                0x100064b8                strchr
 .text.strnlen  0x10006578       0x24 c:/users/carol/desktop/bin/picosdkv1.5.0/gcc-arm-none-eabi/bin/../lib/gcc/arm-none-eabi/10.3.1/../../../../arm-none-eabi/lib/thumb/v6-m/nofp\libg.a(lib_a-strnlen.o)
                0x10006578                strnlen
 *(.fini)
 .fini          0x1000659c        0x4 c:/users/carol/desktop/bin/picosdkv1.5.0/gcc-arm-none-eabi/bin/../lib/gcc/arm-none-eabi/10.3.1/thumb/v6-m/nofp/crti.o
                0x1000659c                _fini
 .fini.__stub   0x100065a0       0x40 linker stubs
 *crtbegin.o(.ctors)
 *crtbegin?.o(.ctors)
 *(EXCLUDE_FILE(*crtend.o *crtend?.o) .ctors)
 *(SORT_BY_NAME(.ctors.*))
 *(.ctors)
 *crtbegin.o(.dtors)
 *crtbegin?.o(.dtors)
 *(EXCLUDE_FILE(*crtend.o *crtend?.o) .dtors)
 *(SORT_BY_NAME(.dtors.*))
 *(.dtors)
 *(.eh_frame*)
 .eh_frame      0x100065e0        0x0 c:/users/carol/desktop/bin/picosdkv1.5.0/gcc-arm-none-eabi/bin/../lib/gcc/arm-none-eabi/10.3.1/thumb/v6-m/nofp/crtbegin.o
                0x100065e0                . = ALIGN (0x4)

.glue_7         0x100065e0        0x0
 .glue_7        0x100065e0        0x0 linker stubs

.glue_7t        0x100065e0        0x0
 .glue_7t       0x100065e0        0x0 linker stubs

.vfp11_veneer   0x100065e0        0x0
 .vfp11_veneer  0x100065e0        0x0 linker stubs

.v4_bx          0x100065e0        0x0
 .v4_bx         0x100065e0        0x0 linker stubs

.iplt           0x100065e0        0x0
 .iplt          0x100065e0        0x0 c:/users/carol/desktop/bin/picosdkv1.5.0/gcc-arm-none-eabi/bin/../lib/gcc/arm-none-eabi/10.3.1/thumb/v6-m/nofp/crtbegin.o

.rodata         0x100065e0     0x1910
 *(EXCLUDE_FILE(*libm.a: *libc.a:*lib_a-mem*.o *libgcc.a:) .rodata*)
 .rodata.check_power_cut.str1.4
                0x100065e0      0x16f CMakeFiles/PillDispenser.dir/main.c.obj
 *fill*         0x1000674f        0x1 
 .rodata.main.str1.4
                0x10006750      0x180 CMakeFiles/PillDispenser.dir/main.c.obj
 .rodata.half_stepping
                0x100068d0       0x80 CMakeFiles/PillDispenser.dir/main.c.obj
 .rodata.print_eeprom_logs.str1.4
                0x10006950       0x4c CMakeFiles/PillDispenser.dir/eeprom_log.c.obj
 .rodata.write_log_message.str1.4
                0x1000699c       0x3a CMakeFiles/PillDispenser.dir/eeprom_log.c.obj
 *fill*         0x100069d6        0x2 
 .rodata.str1.4
                0x100069d8      0x134 CMakeFiles/PillDispenser.dir/lora_connect.c.obj
 .rodata.send_message_to_lora.str1.4
                0x10006b0c       0x77 CMakeFiles/PillDispenser.dir/lora_connect.c.obj
 *fill*         0x10006b83        0x1 
 .rodata.initialize_lora.str1.4
                0x10006b84       0x31 CMakeFiles/PillDispenser.dir/lora_connect.c.obj
 *fill*         0x10006bb5        0x3 
 .rodata.join_lora.str1.4
                0x10006bb8       0xe2 CMakeFiles/PillDispenser.dir/lora_connect.c.obj
 *fill*         0x10006c9a        0x2 
 .rodata.setup_lora.str1.4
                0x10006c9c       0x97 CMakeFiles/PillDispenser.dir/lora_connect.c.obj
 *fill*         0x10006d33        0x1 
 .rodata        0x10006d34       0x38 CMakeFiles/PillDispenser.dir/lora_connect.c.obj
 .rodata.make_branch.str1.4
                0x10006d6c       0x84 CMakeFiles/PillDispenser.dir/C_/Users/carol/Desktop/bin/PicoSDKv1.5.0/pico-sdk/src/rp2_common/hardware_irq/irq.c.obj
 .rodata.insert_branch_and_link.str1.4
                0x10006df0       0x10 CMakeFiles/PillDispenser.dir/C_/Users/carol/Desktop/bin/PicoSDKv1.5.0/pico-sdk/src/rp2_common/hardware_irq/irq.c.obj
 .rodata.irq_set_exclusive_handler.str1.4
                0x10006e00       0x36 CMakeFiles/PillDispenser.dir/C_/Users/carol/Desktop/bin/PicoSDKv1.5.0/pico-sdk/src/rp2_common/hardware_irq/irq.c.obj
 *fill*         0x10006e36        0x2 
 .rodata.irq_add_shared_handler.str1.4
                0x10006e38       0xd9 CMakeFiles/PillDispenser.dir/C_/Users/carol/Desktop/bin/PicoSDKv1.5.0/pico-sdk/src/rp2_common/hardware_irq/irq.c.obj
 *fill*         0x10006f11        0x3 
 .rodata.irq_remove_handler.str1.4
                0x10006f14       0x3a CMakeFiles/PillDispenser.dir/C_/Users/carol/Desktop/bin/PicoSDKv1.5.0/pico-sdk/src/rp2_common/hardware_irq/irq.c.obj
 *fill*         0x10006f4e        0x2 
 .rodata.irq_add_tail_to_free_list.str1.4
                0x10006f50       0x3a CMakeFiles/PillDispenser.dir/C_/Users/carol/Desktop/bin/PicoSDKv1.5.0/pico-sdk/src/rp2_common/hardware_irq/irq.c.obj
 *fill*         0x10006f8a        0x2 
 .rodata.__func__.0
                0x10006f8c       0x1a CMakeFiles/PillDispenser.dir/C_/Users/carol/Desktop/bin/PicoSDKv1.5.0/pico-sdk/src/rp2_common/hardware_irq/irq.c.obj
 *fill*         0x10006fa6        0x2 
 .rodata.__func__.1
                0x10006fa8       0x17 CMakeFiles/PillDispenser.dir/C_/Users/carol/Desktop/bin/PicoSDKv1.5.0/pico-sdk/src/rp2_common/hardware_irq/irq.c.obj
 *fill*         0x10006fbf        0x1 
 .rodata.__func__.2
                0x10006fc0       0x13 CMakeFiles/PillDispenser.dir/C_/Users/carol/Desktop/bin/PicoSDKv1.5.0/pico-sdk/src/rp2_common/hardware_irq/irq.c.obj
 *fill*         0x10006fd3        0x1 
 .rodata.__func__.3
                0x10006fd4        0xc CMakeFiles/PillDispenser.dir/C_/Users/carol/Desktop/bin/PicoSDKv1.5.0/pico-sdk/src/rp2_common/hardware_irq/irq.c.obj
 .rodata.__func__.4
                0x10006fe0        0xf CMakeFiles/PillDispenser.dir/C_/Users/carol/Desktop/bin/PicoSDKv1.5.0/pico-sdk/src/rp2_common/hardware_irq/irq.c.obj
 *fill*         0x10006fef        0x1 
 .rodata.__func__.5
                0x10006ff0       0x17 CMakeFiles/PillDispenser.dir/C_/Users/carol/Desktop/bin/PicoSDKv1.5.0/pico-sdk/src/rp2_common/hardware_irq/irq.c.obj
 *fill*         0x10007007        0x1 
 .rodata.__func__.6
                0x10007008       0x1a CMakeFiles/PillDispenser.dir/C_/Users/carol/Desktop/bin/PicoSDKv1.5.0/pico-sdk/src/rp2_common/hardware_irq/irq.c.obj
 *fill*         0x10007022        0x2 
 .rodata.str1.4
                0x10007024      0x119 CMakeFiles/PillDispenser.dir/C_/Users/carol/Desktop/bin/PicoSDKv1.5.0/pico-sdk/src/common/pico_sync/mutex.c.obj
 *fill*         0x1000713d        0x3 
 .rodata.__func__.1
                0x10007140        0xb CMakeFiles/PillDispenser.dir/C_/Users/carol/Desktop/bin/PicoSDKv1.5.0/pico-sdk/src/common/pico_sync/mutex.c.obj
 *fill*         0x1000714b        0x1 
 .rodata.__func__.3
                0x1000714c       0x18 CMakeFiles/PillDispenser.dir/C_/Users/carol/Desktop/bin/PicoSDKv1.5.0/pico-sdk/src/common/pico_sync/mutex.c.obj
 .rodata.repeating_timer_callback.str1.4
                0x10007164       0x62 CMakeFiles/PillDispenser.dir/C_/Users/carol/Desktop/bin/PicoSDKv1.5.0/pico-sdk/src/common/pico_time/time.c.obj
 *fill*         0x100071c6        0x2 
 .rodata.timer_pool_entry_comparator.str1.4
                0x100071c8       0x22 CMakeFiles/PillDispenser.dir/C_/Users/carol/Desktop/bin/PicoSDKv1.5.0/pico-sdk/src/common/pico_time/time.c.obj
 *fill*         0x100071ea        0x2 
 .rodata.ph_add_child_node.str1.4
                0x100071ec       0xae CMakeFiles/PillDispenser.dir/C_/Users/carol/Desktop/bin/PicoSDKv1.5.0/pico-sdk/src/common/pico_time/time.c.obj
 *fill*         0x1000729a        0x2 
 .rodata.add_alarm_under_lock.str1.4
                0x1000729c       0x28 CMakeFiles/PillDispenser.dir/C_/Users/carol/Desktop/bin/PicoSDKv1.5.0/pico-sdk/src/common/pico_time/time.c.obj
                                 0x2b (size before relaxing)
 .rodata.alarm_pool_alarm_callback.str1.4
                0x100072c4       0x98 CMakeFiles/PillDispenser.dir/C_/Users/carol/Desktop/bin/PicoSDKv1.5.0/pico-sdk/src/common/pico_time/time.c.obj
                                0x110 (size before relaxing)
 .rodata.alarm_pool_get_default.str1.4
                0x1000735c       0x21 CMakeFiles/PillDispenser.dir/C_/Users/carol/Desktop/bin/PicoSDKv1.5.0/pico-sdk/src/common/pico_time/time.c.obj
 *fill*         0x1000737d        0x3 
 .rodata.alarm_pool_cancel_alarm.str1.4
                0x10007380       0x27 CMakeFiles/PillDispenser.dir/C_/Users/carol/Desktop/bin/PicoSDKv1.5.0/pico-sdk/src/common/pico_time/time.c.obj
 *fill*         0x100073a7        0x1 
 .rodata.sleep_until.str1.4
                0x100073a8       0x4d CMakeFiles/PillDispenser.dir/C_/Users/carol/Desktop/bin/PicoSDKv1.5.0/pico-sdk/src/common/pico_time/time.c.obj
 *fill*         0x100073f5        0x3 
 .rodata.__func__.1
                0x100073f8       0x18 CMakeFiles/PillDispenser.dir/C_/Users/carol/Desktop/bin/PicoSDKv1.5.0/pico-sdk/src/common/pico_time/time.c.obj
 .rodata.__func__.10
                0x10007410       0x15 CMakeFiles/PillDispenser.dir/C_/Users/carol/Desktop/bin/PicoSDKv1.5.0/pico-sdk/src/common/pico_time/time.c.obj
 *fill*         0x10007425        0x3 
 .rodata.__func__.11
                0x10007428       0x1a CMakeFiles/PillDispenser.dir/C_/Users/carol/Desktop/bin/PicoSDKv1.5.0/pico-sdk/src/common/pico_time/time.c.obj
 *fill*         0x10007442        0x2 
 .rodata.__func__.12
                0x10007444        0xa CMakeFiles/PillDispenser.dir/C_/Users/carol/Desktop/bin/PicoSDKv1.5.0/pico-sdk/src/common/pico_time/time.c.obj
 *fill*         0x1000744e        0x2 
 .rodata.__func__.3
                0x10007450       0x17 CMakeFiles/PillDispenser.dir/C_/Users/carol/Desktop/bin/PicoSDKv1.5.0/pico-sdk/src/common/pico_time/time.c.obj
 *fill*         0x10007467        0x1 
 .rodata.__func__.4
                0x10007468       0x12 CMakeFiles/PillDispenser.dir/C_/Users/carol/Desktop/bin/PicoSDKv1.5.0/pico-sdk/src/common/pico_time/time.c.obj
 *fill*         0x1000747a        0x2 
 .rodata.__func__.5
                0x1000747c        0xd CMakeFiles/PillDispenser.dir/C_/Users/carol/Desktop/bin/PicoSDKv1.5.0/pico-sdk/src/common/pico_time/time.c.obj
 *fill*         0x10007489        0x3 
 .rodata.__func__.6
                0x1000748c       0x12 CMakeFiles/PillDispenser.dir/C_/Users/carol/Desktop/bin/PicoSDKv1.5.0/pico-sdk/src/common/pico_time/time.c.obj
 *fill*         0x1000749e        0x2 
 .rodata.__func__.7
                0x100074a0        0xf CMakeFiles/PillDispenser.dir/C_/Users/carol/Desktop/bin/PicoSDKv1.5.0/pico-sdk/src/common/pico_time/time.c.obj
 *fill*         0x100074af        0x1 
 .rodata.__func__.8
                0x100074b0        0xc CMakeFiles/PillDispenser.dir/C_/Users/carol/Desktop/bin/PicoSDKv1.5.0/pico-sdk/src/common/pico_time/time.c.obj
 .rodata.__func__.9
                0x100074bc       0x15 CMakeFiles/PillDispenser.dir/C_/Users/carol/Desktop/bin/PicoSDKv1.5.0/pico-sdk/src/common/pico_time/time.c.obj
 *fill*         0x100074d1        0x3 
 .rodata.hardware_alarm_claim.str1.4
                0x100074d4       0x22 CMakeFiles/PillDispenser.dir/C_/Users/carol/Desktop/bin/PicoSDKv1.5.0/pico-sdk/src/rp2_common/hardware_timer/timer.c.obj
 *fill*         0x100074f6        0x2 
 .rodata.hardware_alarm_set_target.str1.4
                0x100074f8       0x7c CMakeFiles/PillDispenser.dir/C_/Users/carol/Desktop/bin/PicoSDKv1.5.0/pico-sdk/src/rp2_common/hardware_timer/timer.c.obj
 .rodata.__func__.0
                0x10007574       0x1a CMakeFiles/PillDispenser.dir/C_/Users/carol/Desktop/bin/PicoSDKv1.5.0/pico-sdk/src/rp2_common/hardware_timer/timer.c.obj
 .rodata.ph_add_child_node.str1.4
                0x1000758e       0xae CMakeFiles/PillDispenser.dir/C_/Users/carol/Desktop/bin/PicoSDKv1.5.0/pico-sdk/src/common/pico_util/pheap.c.obj
 *fill*         0x1000758e        0x2 
 .rodata.ph_remove_any_head.str1.4
                0x10007590       0xa4 CMakeFiles/PillDispenser.dir/C_/Users/carol/Desktop/bin/PicoSDKv1.5.0/pico-sdk/src/common/pico_util/pheap.c.obj
                                 0xb8 (size before relaxing)
 .rodata.ph_remove_and_free_node.str1.4
                0x10007634       0x1e CMakeFiles/PillDispenser.dir/C_/Users/carol/Desktop/bin/PicoSDKv1.5.0/pico-sdk/src/common/pico_util/pheap.c.obj
                                 0x26 (size before relaxing)
 *fill*         0x10007652        0x2 
 .rodata.__func__.0
                0x10007654       0x18 CMakeFiles/PillDispenser.dir/C_/Users/carol/Desktop/bin/PicoSDKv1.5.0/pico-sdk/src/common/pico_util/pheap.c.obj
 .rodata.__func__.1
                0x1000766c       0x13 CMakeFiles/PillDispenser.dir/C_/Users/carol/Desktop/bin/PicoSDKv1.5.0/pico-sdk/src/common/pico_util/pheap.c.obj
 *fill*         0x1000767f        0x1 
 .rodata.__func__.2
                0x10007680       0x12 CMakeFiles/PillDispenser.dir/C_/Users/carol/Desktop/bin/PicoSDKv1.5.0/pico-sdk/src/common/pico_util/pheap.c.obj
 *fill*         0x10007692        0x2 
 .rodata.__func__.3
                0x10007694        0xc CMakeFiles/PillDispenser.dir/C_/Users/carol/Desktop/bin/PicoSDKv1.5.0/pico-sdk/src/common/pico_util/pheap.c.obj
 .rodata.queue_add_internal.str1.4
                0x100076a0       0x6b CMakeFiles/PillDispenser.dir/C_/Users/carol/Desktop/bin/PicoSDKv1.5.0/pico-sdk/src/common/pico_util/queue.c.obj
 *fill*         0x1000770b        0x1 
 .rodata.__func__.0
                0x1000770c        0xc CMakeFiles/PillDispenser.dir/C_/Users/carol/Desktop/bin/PicoSDKv1.5.0/pico-sdk/src/common/pico_util/queue.c.obj
 .rodata.clock_configure.str1.4
                0x10007718       0x6e CMakeFiles/PillDispenser.dir/C_/Users/carol/Desktop/bin/PicoSDKv1.5.0/pico-sdk/src/rp2_common/hardware_clocks/clocks.c.obj
 *fill*         0x10007786        0x2 
 .rodata.__func__.1
                0x10007788       0x10 CMakeFiles/PillDispenser.dir/C_/Users/carol/Desktop/bin/PicoSDKv1.5.0/pico-sdk/src/rp2_common/hardware_clocks/clocks.c.obj
 .rodata.pll_init.str1.4
                0x10007798      0x137 CMakeFiles/PillDispenser.dir/C_/Users/carol/Desktop/bin/PicoSDKv1.5.0/pico-sdk/src/rp2_common/hardware_pll/pll.c.obj
 *fill*         0x100078cf        0x1 
 .rodata.__func__.0
                0x100078d0        0x9 CMakeFiles/PillDispenser.dir/C_/Users/carol/Desktop/bin/PicoSDKv1.5.0/pico-sdk/src/rp2_common/hardware_pll/pll.c.obj
 *fill*         0x100078d9        0x3 
 .rodata.__assert_func.str1.4
                0x100078dc       0x3f CMakeFiles/PillDispenser.dir/C_/Users/carol/Desktop/bin/PicoSDKv1.5.0/pico-sdk/src/rp2_common/pico_runtime/runtime.c.obj
                                 0x43 (size before relaxing)
 *fill*         0x1000791b        0x1 
 .rodata.runtime_init.str1.4
                0x1000791c       0x78 CMakeFiles/PillDispenser.dir/C_/Users/carol/Desktop/bin/PicoSDKv1.5.0/pico-sdk/src/rp2_common/pico_runtime/runtime.c.obj
 .rodata.panic.str1.4
                0x10007994       0x10 CMakeFiles/PillDispenser.dir/C_/Users/carol/Desktop/bin/PicoSDKv1.5.0/pico-sdk/src/rp2_common/pico_runtime/runtime.c.obj
                                 0x12 (size before relaxing)
 .rodata.__func__.2
                0x100079a4        0xd CMakeFiles/PillDispenser.dir/C_/Users/carol/Desktop/bin/PicoSDKv1.5.0/pico-sdk/src/rp2_common/pico_runtime/runtime.c.obj
 *fill*         0x100079b1        0x3 
 .rodata._ftoa.str1.4
                0x100079b4       0x15 CMakeFiles/PillDispenser.dir/C_/Users/carol/Desktop/bin/PicoSDKv1.5.0/pico-sdk/src/rp2_common/pico_printf/printf.c.obj
 *fill*         0x100079c9        0x3 
 .rodata._vsnprintf
                0x100079cc      0x1e0 CMakeFiles/PillDispenser.dir/C_/Users/carol/Desktop/bin/PicoSDKv1.5.0/pico-sdk/src/rp2_common/pico_printf/printf.c.obj
 *fill*         0x10007bac        0x4 
 .rodata.pow10.0
                0x10007bb0       0x50 CMakeFiles/PillDispenser.dir/C_/Users/carol/Desktop/bin/PicoSDKv1.5.0/pico-sdk/src/rp2_common/pico_printf/printf.c.obj
 .rodata.missing_double_func_shim.str1.4
                0x10007c00       0x18 CMakeFiles/PillDispenser.dir/C_/Users/carol/Desktop/bin/PicoSDKv1.5.0/pico-sdk/src/rp2_common/pico_double/double_init_rom.c.obj
 .rodata.__aeabi_double_init.str1.4
                0x10007c18       0xbf CMakeFiles/PillDispenser.dir/C_/Users/carol/Desktop/bin/PicoSDKv1.5.0/pico-sdk/src/rp2_common/pico_double/double_init_rom.c.obj
 *fill*         0x10007cd7        0x1 
 .rodata.__func__.0
                0x10007cd8       0x14 CMakeFiles/PillDispenser.dir/C_/Users/carol/Desktop/bin/PicoSDKv1.5.0/pico-sdk/src/rp2_common/pico_double/double_init_rom.c.obj
 .rodata.missing_float_func_shim.str1.4
                0x10007cec        0x1 CMakeFiles/PillDispenser.dir/C_/Users/carol/Desktop/bin/PicoSDKv1.5.0/pico-sdk/src/rp2_common/pico_float/float_init_rom.c.obj
 .rodata.__aeabi_float_init.str1.4
                0x10007cec       0x91 CMakeFiles/PillDispenser.dir/C_/Users/carol/Desktop/bin/PicoSDKv1.5.0/pico-sdk/src/rp2_common/pico_float/float_init_rom.c.obj
 *fill*         0x10007d7d        0x3 
 .rodata.__func__.0
                0x10007d80       0x13 CMakeFiles/PillDispenser.dir/C_/Users/carol/Desktop/bin/PicoSDKv1.5.0/pico-sdk/src/rp2_common/pico_float/float_init_rom.c.obj
 *fill*         0x10007d93        0x1 
 .rodata.__wrap_malloc.str1.4
                0x10007d94        0xe CMakeFiles/PillDispenser.dir/C_/Users/carol/Desktop/bin/PicoSDKv1.5.0/pico-sdk/src/rp2_common/pico_malloc/pico_malloc.c.obj
 *fill*         0x10007da2        0x2 
 .rodata.str1.4
                0x10007da4       0x44 CMakeFiles/PillDispenser.dir/C_/Users/carol/Desktop/bin/PicoSDKv1.5.0/pico-sdk/src/rp2_common/pico_standard_link/binary_info.c.obj
 .rodata.__bi_44
                0x10007de8        0xc CMakeFiles/PillDispenser.dir/C_/Users/carol/Desktop/bin/PicoSDKv1.5.0/pico-sdk/src/rp2_common/pico_standard_link/binary_info.c.obj
 .rodata.__bi_75
                0x10007df4        0xc CMakeFiles/PillDispenser.dir/C_/Users/carol/Desktop/bin/PicoSDKv1.5.0/pico-sdk/src/rp2_common/pico_standard_link/binary_info.c.obj
 .rodata.__bi_81
                0x10007e00        0xc CMakeFiles/PillDispenser.dir/C_/Users/carol/Desktop/bin/PicoSDKv1.5.0/pico-sdk/src/rp2_common/pico_standard_link/binary_info.c.obj
 .rodata.stdout_serialize_begin.str1.4
                0x10007e0c       0x78 CMakeFiles/PillDispenser.dir/C_/Users/carol/Desktop/bin/PicoSDKv1.5.0/pico-sdk/src/rp2_common/pico_stdio/stdio.c.obj
 .rodata.__func__.3
                0x10007e0c       0x15 CMakeFiles/PillDispenser.dir/C_/Users/carol/Desktop/bin/PicoSDKv1.5.0/pico-sdk/src/rp2_common/pico_stdio/stdio.c.obj
 *fill*         0x10007e21        0x3 
 .rodata.crlf_str.2
                0x10007e24        0x2 CMakeFiles/PillDispenser.dir/C_/Users/carol/Desktop/bin/PicoSDKv1.5.0/pico-sdk/src/rp2_common/pico_stdio/stdio.c.obj
 *fill*         0x10007e26        0x2 
 .rodata.str1.4
                0x10007e28       0x2c CMakeFiles/PillDispenser.dir/C_/Users/carol/Desktop/bin/PicoSDKv1.5.0/pico-sdk/src/rp2_common/pico_stdio_uart/stdio_uart.c.obj
 .rodata.__bi_33.4
                0x10007e54        0xc CMakeFiles/PillDispenser.dir/C_/Users/carol/Desktop/bin/PicoSDKv1.5.0/pico-sdk/src/rp2_common/pico_stdio_uart/stdio_uart.c.obj
 .rodata.__bi_34.5
                0x10007e60        0x8 CMakeFiles/PillDispenser.dir/C_/Users/carol/Desktop/bin/PicoSDKv1.5.0/pico-sdk/src/rp2_common/pico_stdio_uart/stdio_uart.c.obj
 .rodata.i2c_set_baudrate.str1.4
                0x10007e68       0x74 CMakeFiles/PillDispenser.dir/C_/Users/carol/Desktop/bin/PicoSDKv1.5.0/pico-sdk/src/rp2_common/hardware_i2c/i2c.c.obj
 .rodata.__func__.0
                0x10007edc       0x11 CMakeFiles/PillDispenser.dir/C_/Users/carol/Desktop/bin/PicoSDKv1.5.0/pico-sdk/src/rp2_common/hardware_i2c/i2c.c.obj
                0x10007ef0                . = ALIGN (0x4)
 *fill*         0x10007eed        0x3 
 *(SORT_BY_ALIGNMENT(SORT_BY_NAME(.flashdata*)))
                0x10007ef0                . = ALIGN (0x4)

.rel.dyn        0x10007ef0        0x0
 .rel.iplt      0x10007ef0        0x0 c:/users/carol/desktop/bin/picosdkv1.5.0/gcc-arm-none-eabi/bin/../lib/gcc/arm-none-eabi/10.3.1/thumb/v6-m/nofp/crtbegin.o

.ARM.extab
 *(.ARM.extab* .gnu.linkonce.armextab.*)
                0x10007ef0                __exidx_start = .

.ARM.exidx
 *(.ARM.exidx* .gnu.linkonce.armexidx.*)
                0x10007ef0                __exidx_end = .
                0x10007ef0                . = ALIGN (0x4)
                0x10007ef0                __binary_info_start = .

.binary_info    0x10007ef0       0x24
 *(.binary_info.keep.*)
 .binary_info.keep.__bi_ptr22
                0x10007ef0        0x4 CMakeFiles/PillDispenser.dir/C_/Users/carol/Desktop/bin/PicoSDKv1.5.0/pico-sdk/src/rp2_common/pico_standard_link/binary_info.c.obj
 .binary_info.keep.__bi_ptr30
                0x10007ef4        0x4 CMakeFiles/PillDispenser.dir/C_/Users/carol/Desktop/bin/PicoSDKv1.5.0/pico-sdk/src/rp2_common/pico_standard_link/binary_info.c.obj
 .binary_info.keep.__bi_ptr38
                0x10007ef8        0x4 CMakeFiles/PillDispenser.dir/C_/Users/carol/Desktop/bin/PicoSDKv1.5.0/pico-sdk/src/rp2_common/pico_standard_link/binary_info.c.obj
 .binary_info.keep.__bi_ptr44
                0x10007efc        0x4 CMakeFiles/PillDispenser.dir/C_/Users/carol/Desktop/bin/PicoSDKv1.5.0/pico-sdk/src/rp2_common/pico_standard_link/binary_info.c.obj
 .binary_info.keep.__bi_ptr50
                0x10007f00        0x4 CMakeFiles/PillDispenser.dir/C_/Users/carol/Desktop/bin/PicoSDKv1.5.0/pico-sdk/src/rp2_common/pico_standard_link/binary_info.c.obj
 .binary_info.keep.__bi_ptr75
                0x10007f04        0x4 CMakeFiles/PillDispenser.dir/C_/Users/carol/Desktop/bin/PicoSDKv1.5.0/pico-sdk/src/rp2_common/pico_standard_link/binary_info.c.obj
 .binary_info.keep.__bi_ptr81
                0x10007f08        0x4 CMakeFiles/PillDispenser.dir/C_/Users/carol/Desktop/bin/PicoSDKv1.5.0/pico-sdk/src/rp2_common/pico_standard_link/binary_info.c.obj
 *(.binary_info.*)
 .binary_info.__bi_ptr33
                0x10007f0c        0x4 CMakeFiles/PillDispenser.dir/C_/Users/carol/Desktop/bin/PicoSDKv1.5.0/pico-sdk/src/rp2_common/pico_stdio_uart/stdio_uart.c.obj
 .binary_info.__bi_ptr34
                0x10007f10        0x4 CMakeFiles/PillDispenser.dir/C_/Users/carol/Desktop/bin/PicoSDKv1.5.0/pico-sdk/src/rp2_common/pico_stdio_uart/stdio_uart.c.obj
                0x10007f14                __binary_info_end = .
                0x10007f14                . = ALIGN (0x4)
                0x10007f14                __etext = .

.ram_vector_table
                0x20000000       0xc0
 *(.ram_vector_table)
 .ram_vector_table
                0x20000000       0xc0 CMakeFiles/PillDispenser.dir/C_/Users/carol/Desktop/bin/PicoSDKv1.5.0/pico-sdk/src/rp2_common/pico_runtime/runtime.c.obj
                0x20000000                ram_vector_table

.data           0x200000c0      0xa8c load address 0x10007f14
                0x200000c0                __data_start__ = .
 *(vtable)
 *(.time_critical*)
 .time_critical.mutex_try_enter
                0x200000c0       0x46 CMakeFiles/PillDispenser.dir/C_/Users/carol/Desktop/bin/PicoSDKv1.5.0/pico-sdk/src/common/pico_sync/mutex.c.obj
                0x200000c0                mutex_try_enter
 *fill*         0x20000106        0x2 
 .time_critical.mutex_enter_block_until
                0x20000108       0x8c CMakeFiles/PillDispenser.dir/C_/Users/carol/Desktop/bin/PicoSDKv1.5.0/pico-sdk/src/common/pico_sync/mutex.c.obj
                0x20000108                mutex_enter_block_until
 .time_critical.mutex_try_enter_block_until
                0x20000194       0x34 CMakeFiles/PillDispenser.dir/C_/Users/carol/Desktop/bin/PicoSDKv1.5.0/pico-sdk/src/common/pico_sync/mutex.c.obj
                0x20000194                mutex_try_enter_block_until
 .time_critical.mutex_exit
                0x200001c8       0x4c CMakeFiles/PillDispenser.dir/C_/Users/carol/Desktop/bin/PicoSDKv1.5.0/pico-sdk/src/common/pico_sync/mutex.c.obj
                0x200001c8                mutex_exit
 *(.text*)
 .text          0x20000214        0x4 c:/users/carol/desktop/bin/picosdkv1.5.0/gcc-arm-none-eabi/bin/../lib/gcc/arm-none-eabi/10.3.1/thumb/v6-m/nofp\libgcc.a(_dvmd_tls.o)
                0x20000214                __aeabi_idiv0
                0x20000214                __aeabi_ldiv0
 .text.__stub   0x20000218       0x20 linker stubs
                0x20000238                . = ALIGN (0x4)
 *(.rodata*)
                0x20000238                . = ALIGN (0x4)
 *(.data*)
 .data.striped_spin_lock_num
                0x20000238        0x1 CMakeFiles/PillDispenser.dir/C_/Users/carol/Desktop/bin/PicoSDKv1.5.0/pico-sdk/src/rp2_common/hardware_sync/sync.c.obj
 *fill*         0x20000239        0x3 
 .data          0x2000023c       0x48 CMakeFiles/PillDispenser.dir/C_/Users/carol/Desktop/bin/PicoSDKv1.5.0/pico-sdk/src/rp2_common/hardware_irq/irq_handler_chain.S.obj
                0x2000023c                irq_handler_chain_slots
                0x2000026c                irq_handler_chain_first_slot
                0x20000276                irq_handler_chain_remove_tail
 .data.default_alarm_pool
                0x20000284       0x18 CMakeFiles/PillDispenser.dir/C_/Users/carol/Desktop/bin/PicoSDKv1.5.0/pico-sdk/src/common/pico_time/time.c.obj
 .data.default_alarm_pool_heap
                0x2000029c       0x10 CMakeFiles/PillDispenser.dir/C_/Users/carol/Desktop/bin/PicoSDKv1.5.0/pico-sdk/src/common/pico_time/time.c.obj
 *fill*         0x200002ac        0x4 
 .data.aeabi_bits_funcs
                0x200002b0       0x10 CMakeFiles/PillDispenser.dir/C_/Users/carol/Desktop/bin/PicoSDKv1.5.0/pico-sdk/src/rp2_common/pico_bit_ops/bit_ops_aeabi.S.obj
                0x200002b0                aeabi_bits_funcs
                0x200002c0                aeabi_bits_funcs_end
 .data.aeabi_mem_funcs
                0x200002c0       0x10 CMakeFiles/PillDispenser.dir/C_/Users/carol/Desktop/bin/PicoSDKv1.5.0/pico-sdk/src/rp2_common/pico_mem_ops/mem_ops_aeabi.S.obj
                0x200002c0                aeabi_mem_funcs
                0x200002d0                aeabi_mem_funcs_end
 .data.stdio_uart
                0x200002d0       0x18 CMakeFiles/PillDispenser.dir/C_/Users/carol/Desktop/bin/PicoSDKv1.5.0/pico-sdk/src/rp2_common/pico_stdio_uart/stdio_uart.c.obj
                0x200002d0                stdio_uart
 .data.i2c0_inst
                0x200002e8        0x8 CMakeFiles/PillDispenser.dir/C_/Users/carol/Desktop/bin/PicoSDKv1.5.0/pico-sdk/src/rp2_common/hardware_i2c/i2c.c.obj
                0x200002e8                i2c0_inst
 .data._impure_ptr
                0x200002f0        0x4 c:/users/carol/desktop/bin/picosdkv1.5.0/gcc-arm-none-eabi/bin/../lib/gcc/arm-none-eabi/10.3.1/../../../../arm-none-eabi/lib/thumb/v6-m/nofp\libg.a(lib_a-impure.o)
                0x200002f0                _impure_ptr
 *fill*         0x200002f4        0x4 
 .data.impure_data
                0x200002f8      0x428 c:/users/carol/desktop/bin/picosdkv1.5.0/gcc-arm-none-eabi/bin/../lib/gcc/arm-none-eabi/10.3.1/../../../../arm-none-eabi/lib/thumb/v6-m/nofp\libg.a(lib_a-impure.o)
 .data.__malloc_av_
                0x20000720      0x408 c:/users/carol/desktop/bin/picosdkv1.5.0/gcc-arm-none-eabi/bin/../lib/gcc/arm-none-eabi/10.3.1/../../../../arm-none-eabi/lib/thumb/v6-m/nofp\libg.a(lib_a-mallocr.o)
                0x20000720                __malloc_av_
 .data.__malloc_sbrk_base
                0x20000b28        0x4 c:/users/carol/desktop/bin/picosdkv1.5.0/gcc-arm-none-eabi/bin/../lib/gcc/arm-none-eabi/10.3.1/../../../../arm-none-eabi/lib/thumb/v6-m/nofp\libg.a(lib_a-mallocr.o)
                0x20000b28                __malloc_sbrk_base
 .data.__malloc_trim_threshold
                0x20000b2c        0x4 c:/users/carol/desktop/bin/picosdkv1.5.0/gcc-arm-none-eabi/bin/../lib/gcc/arm-none-eabi/10.3.1/../../../../arm-none-eabi/lib/thumb/v6-m/nofp\libg.a(lib_a-mallocr.o)
                0x20000b2c                __malloc_trim_threshold
                0x20000b30                . = ALIGN (0x4)
 *(.after_data.*)
                0x20000b30                . = ALIGN (0x4)
                0x20000b30                PROVIDE (__mutex_array_start = .)
 *(SORT_BY_NAME(.mutex_array.*))
 *(.mutex_array)
 .mutex_array   0x20000b30        0x8 CMakeFiles/PillDispenser.dir/C_/Users/carol/Desktop/bin/PicoSDKv1.5.0/pico-sdk/src/rp2_common/pico_stdio/stdio.c.obj
                0x20000b38                PROVIDE (__mutex_array_end = .)
                0x20000b38                . = ALIGN (0x4)
                0x20000b38                PROVIDE (__preinit_array_start = .)
 *(SORT_BY_NAME(.preinit_array.*))
 .preinit_array.00001
                0x20000b38        0x4 CMakeFiles/PillDispenser.dir/C_/Users/carol/Desktop/bin/PicoSDKv1.5.0/pico-sdk/src/rp2_common/pico_mem_ops/mem_ops_aeabi.S.obj
 .preinit_array.00010
                0x20000b3c        0x4 CMakeFiles/PillDispenser.dir/C_/Users/carol/Desktop/bin/PicoSDKv1.5.0/pico-sdk/src/rp2_common/pico_bit_ops/bit_ops_aeabi.S.obj
 .preinit_array.00020
                0x20000b40        0x4 CMakeFiles/PillDispenser.dir/C_/Users/carol/Desktop/bin/PicoSDKv1.5.0/pico-sdk/src/rp2_common/pico_double/double_aeabi.S.obj
 .preinit_array.00020
                0x20000b44        0x4 CMakeFiles/PillDispenser.dir/C_/Users/carol/Desktop/bin/PicoSDKv1.5.0/pico-sdk/src/rp2_common/pico_float/float_aeabi.S.obj
 *(.preinit_array)
                0x20000b48                PROVIDE (__preinit_array_end = .)
                0x20000b48                . = ALIGN (0x4)
                0x20000b48                PROVIDE (__init_array_start = .)
 *(SORT_BY_NAME(.init_array.*))
 *(.init_array)
 .init_array    0x20000b48        0x4 c:/users/carol/desktop/bin/picosdkv1.5.0/gcc-arm-none-eabi/bin/../lib/gcc/arm-none-eabi/10.3.1/thumb/v6-m/nofp/crtbegin.o
                0x20000b4c                PROVIDE (__init_array_end = .)
                0x20000b4c                . = ALIGN (0x4)
                [!provide]                PROVIDE (__fini_array_start = .)
 *(SORT_BY_NAME(.fini_array.*))
 *(.fini_array)
                [!provide]                PROVIDE (__fini_array_end = .)
 *(.jcr)
                0x20000b4c                . = ALIGN (0x4)
                0x20000b4c                __data_end__ = .

.igot.plt       0x20000b4c        0x0 load address 0x100089a0
 .igot.plt      0x20000b4c        0x0 c:/users/carol/desktop/bin/picosdkv1.5.0/gcc-arm-none-eabi/bin/../lib/gcc/arm-none-eabi/10.3.1/thumb/v6-m/nofp/crtbegin.o

.uninitialized_data
                0x20000b4c        0x0 load address 0x100089a0
                0x20000b4c                . = ALIGN (0x4)
 *(.uninitialized_data*)

.scratch_x      0x20040000        0x0 load address 0x100089a0
                0x20040000                __scratch_x_start__ = .
 *(.scratch_x.*)
                0x20040000                . = ALIGN (0x4)
                0x20040000                __scratch_x_end__ = .
                0x100089a0                __scratch_x_source__ = LOADADDR (.scratch_x)

.scratch_y      0x20041000        0x0 load address 0x100089a0
                0x20041000                __scratch_y_start__ = .
 *(.scratch_y.*)
                0x20041000                . = ALIGN (0x4)
                0x20041000                __scratch_y_end__ = .
                0x100089a0                __scratch_y_source__ = LOADADDR (.scratch_y)

.bss            0x20000b50      0x58c
                0x20000b50                . = ALIGN (0x4)
                0x20000b50                __bss_start__ = .
 *(SORT_BY_ALIGNMENT(SORT_BY_NAME(.bss*)))
 .bss.default_alarm_pool_entries
                0x20000b50      0x100 CMakeFiles/PillDispenser.dir/C_/Users/carol/Desktop/bin/PicoSDKv1.5.0/pico-sdk/src/common/pico_time/time.c.obj
 .bss           0x20000c50       0x1c c:/users/carol/desktop/bin/picosdkv1.5.0/gcc-arm-none-eabi/bin/../lib/gcc/arm-none-eabi/10.3.1/thumb/v6-m/nofp/crtbegin.o
 .bss.__lock___malloc_recursive_mutex
                0x20000c6c        0x1 c:/users/carol/desktop/bin/picosdkv1.5.0/gcc-arm-none-eabi/bin/../lib/gcc/arm-none-eabi/10.3.1/../../../../arm-none-eabi/lib/thumb/v6-m/nofp\libg.a(lib_a-lock.o)
                0x20000c6c                __lock___malloc_recursive_mutex
 *fill*         0x20000c6d        0x3 
 .bss.__malloc_current_mallinfo
                0x20000c70       0x28 c:/users/carol/desktop/bin/picosdkv1.5.0/gcc-arm-none-eabi/bin/../lib/gcc/arm-none-eabi/10.3.1/../../../../arm-none-eabi/lib/thumb/v6-m/nofp\libg.a(lib_a-mallocr.o)
                0x20000c70                __malloc_current_mallinfo
 .bss.__malloc_max_sbrked_mem
                0x20000c98        0x4 c:/users/carol/desktop/bin/picosdkv1.5.0/gcc-arm-none-eabi/bin/../lib/gcc/arm-none-eabi/10.3.1/../../../../arm-none-eabi/lib/thumb/v6-m/nofp\libg.a(lib_a-mallocr.o)
                0x20000c98                __malloc_max_sbrked_mem
 .bss.__malloc_max_total_mem
                0x20000c9c        0x4 c:/users/carol/desktop/bin/picosdkv1.5.0/gcc-arm-none-eabi/bin/../lib/gcc/arm-none-eabi/10.3.1/../../../../arm-none-eabi/lib/thumb/v6-m/nofp\libg.a(lib_a-mallocr.o)
                0x20000c9c                __malloc_max_total_mem
 .bss.__malloc_top_pad
                0x20000ca0        0x4 c:/users/carol/desktop/bin/picosdkv1.5.0/gcc-arm-none-eabi/bin/../lib/gcc/arm-none-eabi/10.3.1/../../../../arm-none-eabi/lib/thumb/v6-m/nofp\libg.a(lib_a-mallocr.o)
                0x20000ca0                __malloc_top_pad
 .bss.alarm_callbacks
                0x20000ca4       0x10 CMakeFiles/PillDispenser.dir/C_/Users/carol/Desktop/bin/PicoSDKv1.5.0/pico-sdk/src/rp2_common/hardware_timer/timer.c.obj
 .bss.callbacks
                0x20000cb4        0x8 CMakeFiles/PillDispenser.dir/C_/Users/carol/Desktop/bin/PicoSDKv1.5.0/pico-sdk/src/rp2_common/hardware_gpio/gpio.c.obj
 .bss.chars_available_callback
                0x20000cbc        0x4 CMakeFiles/PillDispenser.dir/C_/Users/carol/Desktop/bin/PicoSDKv1.5.0/pico-sdk/src/rp2_common/pico_stdio_uart/stdio_uart.c.obj
 .bss.chars_available_param
                0x20000cc0        0x4 CMakeFiles/PillDispenser.dir/C_/Users/carol/Desktop/bin/PicoSDKv1.5.0/pico-sdk/src/rp2_common/pico_stdio_uart/stdio_uart.c.obj
 .bss.configured_freq
                0x20000cc4       0x28 CMakeFiles/PillDispenser.dir/C_/Users/carol/Desktop/bin/PicoSDKv1.5.0/pico-sdk/src/rp2_common/hardware_clocks/clocks.c.obj
 .bss.curr_state
                0x20000cec       0x3d CMakeFiles/PillDispenser.dir/main.c.obj
 *fill*         0x20000d29        0x3 
 .bss.current_day.1
                0x20000d2c        0x4 CMakeFiles/PillDispenser.dir/main.c.obj
 .bss.current_step.0
                0x20000d30        0x4 CMakeFiles/PillDispenser.dir/main.c.obj
 .bss.default_alarm_pool_entry_ids_high
                0x20000d34       0x10 CMakeFiles/PillDispenser.dir/C_/Users/carol/Desktop/bin/PicoSDKv1.5.0/pico-sdk/src/common/pico_time/time.c.obj
 .bss.default_alarm_pool_heap_nodes
                0x20000d44       0x30 CMakeFiles/PillDispenser.dir/C_/Users/carol/Desktop/bin/PicoSDKv1.5.0/pico-sdk/src/common/pico_time/time.c.obj
 .bss.drivers   0x20000d74        0x4 CMakeFiles/PillDispenser.dir/C_/Users/carol/Desktop/bin/PicoSDKv1.5.0/pico-sdk/src/rp2_common/pico_stdio/stdio.c.obj
 .bss.errno     0x20000d78        0x4 c:/users/carol/desktop/bin/picosdkv1.5.0/gcc-arm-none-eabi/bin/../lib/gcc/arm-none-eabi/10.3.1/../../../../arm-none-eabi/lib/thumb/v6-m/nofp\libg.a(lib_a-reent.o)
                0x20000d78                errno
 .bss.events    0x20000d7c       0x10 CMakeFiles/PillDispenser.dir/main.c.obj
 .bss.filter    0x20000d8c        0x4 CMakeFiles/PillDispenser.dir/C_/Users/carol/Desktop/bin/PicoSDKv1.5.0/pico-sdk/src/rp2_common/pico_stdio/stdio.c.obj
 .bss.heap_end.1
                0x20000d90        0x4 CMakeFiles/PillDispenser.dir/C_/Users/carol/Desktop/bin/PicoSDKv1.5.0/pico-sdk/src/rp2_common/pico_runtime/runtime.c.obj
 .bss.last_event_time
                0x20000d94        0x4 CMakeFiles/PillDispenser.dir/main.c.obj
 .bss.pools     0x20000d98       0x10 CMakeFiles/PillDispenser.dir/C_/Users/carol/Desktop/bin/PicoSDKv1.5.0/pico-sdk/src/common/pico_time/time.c.obj
 .bss.raw_irq_mask
                0x20000da8        0x8 CMakeFiles/PillDispenser.dir/C_/Users/carol/Desktop/bin/PicoSDKv1.5.0/pico-sdk/src/rp2_common/hardware_gpio/gpio.c.obj
 .bss.response  0x20000db0      0x100 CMakeFiles/PillDispenser.dir/main.c.obj
 .bss.sd_table  0x20000eb0      0x100 CMakeFiles/PillDispenser.dir/C_/Users/carol/Desktop/bin/PicoSDKv1.5.0/pico-sdk/src/rp2_common/pico_double/double_init_rom.c.obj
                0x20000eb0                sd_table
 .bss.sf_clz_func
                0x20000fb0        0x4 CMakeFiles/PillDispenser.dir/C_/Users/carol/Desktop/bin/PicoSDKv1.5.0/pico-sdk/src/rp2_common/pico_double/double_init_rom.c.obj
                0x20000fb0                sf_clz_func
 .bss.sf_table  0x20000fb4      0x100 CMakeFiles/PillDispenser.dir/C_/Users/carol/Desktop/bin/PicoSDKv1.5.0/pico-sdk/src/rp2_common/pico_float/float_init_rom.c.obj
                0x20000fb4                sf_table
 .bss.sleep_notifier
                0x200010b4        0x4 CMakeFiles/PillDispenser.dir/C_/Users/carol/Desktop/bin/PicoSDKv1.5.0/pico-sdk/src/common/pico_time/time.c.obj
 .bss.steps_per_revolution
                0x200010b8        0x4 CMakeFiles/PillDispenser.dir/main.c.obj
 .bss.target_hi
                0x200010bc       0x10 CMakeFiles/PillDispenser.dir/C_/Users/carol/Desktop/bin/PicoSDKv1.5.0/pico-sdk/src/rp2_common/hardware_timer/timer.c.obj
 .bss.uart_char_to_line_feed
                0x200010cc        0x4 CMakeFiles/PillDispenser.dir/C_/Users/carol/Desktop/bin/PicoSDKv1.5.0/pico-sdk/src/rp2_common/hardware_uart/uart.c.obj
                0x200010cc                uart_char_to_line_feed
 .bss.uart_instance
                0x200010d0        0x4 CMakeFiles/PillDispenser.dir/C_/Users/carol/Desktop/bin/PicoSDKv1.5.0/pico-sdk/src/rp2_common/pico_stdio_uart/stdio_uart.c.obj
 .bss.boot_status
                0x200010d4        0x1 CMakeFiles/PillDispenser.dir/main.c.obj
 .bss.calibrated
                0x200010d5        0x1 CMakeFiles/PillDispenser.dir/main.c.obj
 .bss.claimed   0x200010d6        0x1 CMakeFiles/PillDispenser.dir/C_/Users/carol/Desktop/bin/PicoSDKv1.5.0/pico-sdk/src/rp2_common/hardware_timer/timer.c.obj
 .bss.irq_hander_chain_free_slot_head
                0x200010d7        0x1 CMakeFiles/PillDispenser.dir/C_/Users/carol/Desktop/bin/PicoSDKv1.5.0/pico-sdk/src/rp2_common/hardware_irq/irq.c.obj
 .bss.last_day_dispensed
                0x200010d8        0x1 CMakeFiles/PillDispenser.dir/main.c.obj
 .bss.reverse   0x200010d9        0x1 CMakeFiles/PillDispenser.dir/main.c.obj
 .bss.timer_callbacks_pending
                0x200010da        0x1 CMakeFiles/PillDispenser.dir/C_/Users/carol/Desktop/bin/PicoSDKv1.5.0/pico-sdk/src/rp2_common/hardware_timer/timer.c.obj
 *(COMMON)
                0x200010dc                . = ALIGN (0x4)
 *fill*         0x200010db        0x1 
                0x200010dc                __bss_end__ = .

.heap           0x200010dc      0x800
                0x200010dc                __end__ = .
                0x200010dc                end = __end__
 *(.heap*)
 .heap          0x200010dc      0x800 CMakeFiles/PillDispenser.dir/C_/Users/carol/Desktop/bin/PicoSDKv1.5.0/pico-sdk/src/rp2_common/pico_standard_link/crt0.S.obj
                0x200018dc                __HeapLimit = .

.stack1_dummy   0x20040000        0x0
 *(.stack1*)

.stack_dummy    0x20041000      0x800
 *(.stack*)
 .stack         0x20041000      0x800 CMakeFiles/PillDispenser.dir/C_/Users/carol/Desktop/bin/PicoSDKv1.5.0/pico-sdk/src/rp2_common/pico_standard_link/crt0.S.obj

.flash_end      0x100089a0        0x0
                0x100089a0                __flash_binary_end = .
                0x20040000                __StackLimit = (ORIGIN (RAM) + LENGTH (RAM))
                0x20041000                __StackOneTop = (ORIGIN (SCRATCH_X) + LENGTH (SCRATCH_X))
                0x20042000                __StackTop = (ORIGIN (SCRATCH_Y) + LENGTH (SCRATCH_Y))
                0x20041000                __StackOneBottom = (__StackOneTop - SIZEOF (.stack1_dummy))
                0x20041800                __StackBottom = (__StackTop - SIZEOF (.stack_dummy))
                0x20042000                PROVIDE (__stack = __StackTop)
                0x00000001                ASSERT ((__StackLimit >= __HeapLimit), region RAM overflowed)
                0x00000001                ASSERT (((__binary_info_header_end - __logical_binary_start) <= 0x100), Binary info must be in first 256 bytes of the binary)
LOAD CMakeFiles/PillDispenser.dir/main.c.obj
LOAD CMakeFiles/PillDispenser.dir/eeprom_log.c.obj
LOAD CMakeFiles/PillDispenser.dir/lora_connect.c.obj
LOAD CMakeFiles/PillDispenser.dir/C_/Users/carol/Desktop/bin/PicoSDKv1.5.0/pico-sdk/src/rp2_common/pico_stdlib/stdlib.c.obj
LOAD CMakeFiles/PillDispenser.dir/C_/Users/carol/Desktop/bin/PicoSDKv1.5.0/pico-sdk/src/rp2_common/hardware_gpio/gpio.c.obj
LOAD CMakeFiles/PillDispenser.dir/C_/Users/carol/Desktop/bin/PicoSDKv1.5.0/pico-sdk/src/rp2_common/pico_platform/platform.c.obj
LOAD CMakeFiles/PillDispenser.dir/C_/Users/carol/Desktop/bin/PicoSDKv1.5.0/pico-sdk/src/rp2_common/hardware_claim/claim.c.obj
LOAD CMakeFiles/PillDispenser.dir/C_/Users/carol/Desktop/bin/PicoSDKv1.5.0/pico-sdk/src/rp2_common/hardware_sync/sync.c.obj
LOAD CMakeFiles/PillDispenser.dir/C_/Users/carol/Desktop/bin/PicoSDKv1.5.0/pico-sdk/src/rp2_common/hardware_irq/irq.c.obj
LOAD CMakeFiles/PillDispenser.dir/C_/Users/carol/Desktop/bin/PicoSDKv1.5.0/pico-sdk/src/rp2_common/hardware_irq/irq_handler_chain.S.obj
LOAD CMakeFiles/PillDispenser.dir/C_/Users/carol/Desktop/bin/PicoSDKv1.5.0/pico-sdk/src/common/pico_sync/sem.c.obj
LOAD CMakeFiles/PillDispenser.dir/C_/Users/carol/Desktop/bin/PicoSDKv1.5.0/pico-sdk/src/common/pico_sync/lock_core.c.obj
LOAD CMakeFiles/PillDispenser.dir/C_/Users/carol/Desktop/bin/PicoSDKv1.5.0/pico-sdk/src/common/pico_sync/mutex.c.obj
LOAD CMakeFiles/PillDispenser.dir/C_/Users/carol/Desktop/bin/PicoSDKv1.5.0/pico-sdk/src/common/pico_sync/critical_section.c.obj
LOAD CMakeFiles/PillDispenser.dir/C_/Users/carol/Desktop/bin/PicoSDKv1.5.0/pico-sdk/src/common/pico_time/time.c.obj
LOAD CMakeFiles/PillDispenser.dir/C_/Users/carol/Desktop/bin/PicoSDKv1.5.0/pico-sdk/src/common/pico_time/timeout_helper.c.obj
LOAD CMakeFiles/PillDispenser.dir/C_/Users/carol/Desktop/bin/PicoSDKv1.5.0/pico-sdk/src/rp2_common/hardware_timer/timer.c.obj
LOAD CMakeFiles/PillDispenser.dir/C_/Users/carol/Desktop/bin/PicoSDKv1.5.0/pico-sdk/src/common/pico_util/datetime.c.obj
LOAD CMakeFiles/PillDispenser.dir/C_/Users/carol/Desktop/bin/PicoSDKv1.5.0/pico-sdk/src/common/pico_util/pheap.c.obj
LOAD CMakeFiles/PillDispenser.dir/C_/Users/carol/Desktop/bin/PicoSDKv1.5.0/pico-sdk/src/common/pico_util/queue.c.obj
LOAD CMakeFiles/PillDispenser.dir/C_/Users/carol/Desktop/bin/PicoSDKv1.5.0/pico-sdk/src/rp2_common/hardware_uart/uart.c.obj
LOAD CMakeFiles/PillDispenser.dir/C_/Users/carol/Desktop/bin/PicoSDKv1.5.0/pico-sdk/src/rp2_common/hardware_clocks/clocks.c.obj
LOAD CMakeFiles/PillDispenser.dir/C_/Users/carol/Desktop/bin/PicoSDKv1.5.0/pico-sdk/src/rp2_common/hardware_pll/pll.c.obj
LOAD CMakeFiles/PillDispenser.dir/C_/Users/carol/Desktop/bin/PicoSDKv1.5.0/pico-sdk/src/rp2_common/hardware_vreg/vreg.c.obj
LOAD CMakeFiles/PillDispenser.dir/C_/Users/carol/Desktop/bin/PicoSDKv1.5.0/pico-sdk/src/rp2_common/hardware_watchdog/watchdog.c.obj
LOAD CMakeFiles/PillDispenser.dir/C_/Users/carol/Desktop/bin/PicoSDKv1.5.0/pico-sdk/src/rp2_common/hardware_xosc/xosc.c.obj
LOAD CMakeFiles/PillDispenser.dir/C_/Users/carol/Desktop/bin/PicoSDKv1.5.0/pico-sdk/src/rp2_common/hardware_divider/divider.S.obj
LOAD CMakeFiles/PillDispenser.dir/C_/Users/carol/Desktop/bin/PicoSDKv1.5.0/pico-sdk/src/rp2_common/pico_runtime/runtime.c.obj
LOAD CMakeFiles/PillDispenser.dir/C_/Users/carol/Desktop/bin/PicoSDKv1.5.0/pico-sdk/src/rp2_common/pico_printf/printf.c.obj
LOAD CMakeFiles/PillDispenser.dir/C_/Users/carol/Desktop/bin/PicoSDKv1.5.0/pico-sdk/src/rp2_common/pico_bit_ops/bit_ops_aeabi.S.obj
LOAD CMakeFiles/PillDispenser.dir/C_/Users/carol/Desktop/bin/PicoSDKv1.5.0/pico-sdk/src/rp2_common/pico_bootrom/bootrom.c.obj
LOAD CMakeFiles/PillDispenser.dir/C_/Users/carol/Desktop/bin/PicoSDKv1.5.0/pico-sdk/src/rp2_common/pico_divider/divider.S.obj
LOAD CMakeFiles/PillDispenser.dir/C_/Users/carol/Desktop/bin/PicoSDKv1.5.0/pico-sdk/src/rp2_common/pico_double/double_aeabi.S.obj
LOAD CMakeFiles/PillDispenser.dir/C_/Users/carol/Desktop/bin/PicoSDKv1.5.0/pico-sdk/src/rp2_common/pico_double/double_init_rom.c.obj
LOAD CMakeFiles/PillDispenser.dir/C_/Users/carol/Desktop/bin/PicoSDKv1.5.0/pico-sdk/src/rp2_common/pico_double/double_math.c.obj
LOAD CMakeFiles/PillDispenser.dir/C_/Users/carol/Desktop/bin/PicoSDKv1.5.0/pico-sdk/src/rp2_common/pico_double/double_v1_rom_shim.S.obj