Archive member included to satisfy reference by file (symbol)

c:/users/lenovo/desktop/metropolia/bin/picosdkv1.5.0/gcc-arm-none-eabi/bin/../lib/gcc/arm-none-eabi/10.3.1/thumb/v6-m/nofp\libgcc.a(_dvmd_tls.o)
                              CMakeFiles/PillDispenser.dir/C_/Users/Lenovo/Desktop/Metropolia/bin/PicoSDKv1.5.0/pico-sdk/src/rp2_common/pico_divider/divider_hardware.S.obj (__aeabi_idiv0)
c:/users/lenovo/desktop/metropolia/bin/picosdkv1.5.0/gcc-arm-none-eabi/bin/../lib/gcc/arm-none-eabi/10.3.1/../../../../arm-none-eabi/lib/thumb/v6-m/nofp\libg.a(lib_a-calloc.o)
                              CMakeFiles/PillDispenser.dir/C_/Users/Lenovo/Desktop/Metropolia/bin/PicoSDKv1.5.0/pico-sdk/src/rp2_common/pico_malloc/malloc.c.obj (calloc)
c:/users/lenovo/desktop/metropolia/bin/picosdkv1.5.0/gcc-arm-none-eabi/bin/../lib/gcc/arm-none-eabi/10.3.1/../../../../arm-none-eabi/lib/thumb/v6-m/nofp\libg.a(lib_a-callocr.o)
                              c:/users/lenovo/desktop/metropolia/bin/picosdkv1.5.0/gcc-arm-none-eabi/bin/../lib/gcc/arm-none-eabi/10.3.1/../../../../arm-none-eabi/lib/thumb/v6-m/nofp\libg.a(lib_a-calloc.o) (_calloc_r)
c:/users/lenovo/desktop/metropolia/bin/picosdkv1.5.0/gcc-arm-none-eabi/bin/../lib/gcc/arm-none-eabi/10.3.1/../../../../arm-none-eabi/lib/thumb/v6-m/nofp\libg.a(lib_a-ctype_.o)
                              CMakeFiles/PillDispenser.dir/lora_connect.c.obj (_ctype_)
c:/users/lenovo/desktop/metropolia/bin/picosdkv1.5.0/gcc-arm-none-eabi/bin/../lib/gcc/arm-none-eabi/10.3.1/../../../../arm-none-eabi/lib/thumb/v6-m/nofp\libg.a(lib_a-errno.o)
                              c:/users/lenovo/desktop/metropolia/bin/picosdkv1.5.0/gcc-arm-none-eabi/bin/../lib/gcc/arm-none-eabi/10.3.1/../../../../arm-none-eabi/lib/thumb/v6-m/nofp\libg.a(lib_a-callocr.o) (__errno)
c:/users/lenovo/desktop/metropolia/bin/picosdkv1.5.0/gcc-arm-none-eabi/bin/../lib/gcc/arm-none-eabi/10.3.1/../../../../arm-none-eabi/lib/thumb/v6-m/nofp\libg.a(lib_a-impure.o)
                              c:/users/lenovo/desktop/metropolia/bin/picosdkv1.5.0/gcc-arm-none-eabi/bin/../lib/gcc/arm-none-eabi/10.3.1/../../../../arm-none-eabi/lib/thumb/v6-m/nofp\libg.a(lib_a-calloc.o) (_impure_ptr)
c:/users/lenovo/desktop/metropolia/bin/picosdkv1.5.0/gcc-arm-none-eabi/bin/../lib/gcc/arm-none-eabi/10.3.1/../../../../arm-none-eabi/lib/thumb/v6-m/nofp\libg.a(lib_a-init.o)
                              c:/users/lenovo/desktop/metropolia/bin/picosdkv1.5.0/gcc-arm-none-eabi/bin/../lib/gcc/arm-none-eabi/10.3.1/../../../../arm-none-eabi/lib/thumb/v6-m/nofp/crt0.o (__libc_init_array)
c:/users/lenovo/desktop/metropolia/bin/picosdkv1.5.0/gcc-arm-none-eabi/bin/../lib/gcc/arm-none-eabi/10.3.1/../../../../arm-none-eabi/lib/thumb/v6-m/nofp\libg.a(lib_a-lcltime_r.o)
                              CMakeFiles/PillDispenser.dir/C_/Users/Lenovo/Desktop/Metropolia/bin/PicoSDKv1.5.0/pico-sdk/src/common/pico_util/datetime.c.obj (localtime_r)
c:/users/lenovo/desktop/metropolia/bin/picosdkv1.5.0/gcc-arm-none-eabi/bin/../lib/gcc/arm-none-eabi/10.3.1/../../../../arm-none-eabi/lib/thumb/v6-m/nofp\libg.a(lib_a-malloc.o)
                              CMakeFiles/PillDispenser.dir/C_/Users/Lenovo/Desktop/Metropolia/bin/PicoSDKv1.5.0/pico-sdk/src/rp2_common/pico_malloc/malloc.c.obj (malloc)
c:/users/lenovo/desktop/metropolia/bin/picosdkv1.5.0/gcc-arm-none-eabi/bin/../lib/gcc/arm-none-eabi/10.3.1/../../../../arm-none-eabi/lib/thumb/v6-m/nofp\libg.a(lib_a-mallocr.o)
                              c:/users/lenovo/desktop/metropolia/bin/picosdkv1.5.0/gcc-arm-none-eabi/bin/../lib/gcc/arm-none-eabi/10.3.1/../../../../arm-none-eabi/lib/thumb/v6-m/nofp\libg.a(lib_a-callocr.o) (_malloc_r)
c:/users/lenovo/desktop/metropolia/bin/picosdkv1.5.0/gcc-arm-none-eabi/bin/../lib/gcc/arm-none-eabi/10.3.1/../../../../arm-none-eabi/lib/thumb/v6-m/nofp\libg.a(lib_a-memcmp.o)
                              CMakeFiles/PillDispenser.dir/C_/Users/Lenovo/Desktop/Metropolia/bin/PicoSDKv1.5.0/pico-sdk/src/rp2_common/pico_atomic/atomic.c.obj (memcmp)
c:/users/lenovo/desktop/metropolia/bin/picosdkv1.5.0/gcc-arm-none-eabi/bin/../lib/gcc/arm-none-eabi/10.3.1/../../../../arm-none-eabi/lib/thumb/v6-m/nofp\libg.a(lib_a-mktime.o)
                              CMakeFiles/PillDispenser.dir/C_/Users/Lenovo/Desktop/Metropolia/bin/PicoSDKv1.5.0/pico-sdk/src/common/pico_util/datetime.c.obj (mktime)
c:/users/lenovo/desktop/metropolia/bin/picosdkv1.5.0/gcc-arm-none-eabi/bin/../lib/gcc/arm-none-eabi/10.3.1/../../../../arm-none-eabi/lib/thumb/v6-m/nofp\libg.a(lib_a-mlock.o)
                              c:/users/lenovo/desktop/metropolia/bin/picosdkv1.5.0/gcc-arm-none-eabi/bin/../lib/gcc/arm-none-eabi/10.3.1/../../../../arm-none-eabi/lib/thumb/v6-m/nofp\libg.a(lib_a-mallocr.o) (__malloc_lock)
c:/users/lenovo/desktop/metropolia/bin/picosdkv1.5.0/gcc-arm-none-eabi/bin/../lib/gcc/arm-none-eabi/10.3.1/../../../../arm-none-eabi/lib/thumb/v6-m/nofp\libg.a(lib_a-month_lengths.o)
[...]
Memory Configuration

Name             Origin             Length             Attributes
FLASH            0x10000000         0x00200000         xr
RAM              0x20000000         0x00040000         xrw
SCRATCH_X        0x20040000         0x00001000         xrw
SCRATCH_Y        0x20041000         0x00001000         xrw
*default*        0x00000000         0xffffffff

Linker script and memory map

LOAD c:/users/lenovo/desktop/metropolia/bin/picosdkv1.5.0/gcc-arm-none-eabi/bin/../lib/gcc/arm-none-eabi/10.3.1/thumb/v6-m/nofp/crti.o
LOAD c:/users/lenovo/desktop/metropolia/bin/picosdkv1.5.0/gcc-arm-none-eabi/bin/../lib/gcc/arm-none-eabi/10.3.1/thumb/v6-m/nofp/crtbegin.o
LOAD c:/users/lenovo/desktop/metropolia/bin/picosdkv1.5.0/gcc-arm-none-eabi/bin/../lib/gcc/arm-none-eabi/10.3.1/../../../../arm-none-eabi/lib/thumb/v6-m/nofp/crt0.o

.flash_begin    0x10000000        0x0
                0x10000000                __flash_binary_start = .

.boot2          0x10000000      0x100
                0x10000000                __boot2_start__ = .
 *(.boot2)
 .boot2         0x10000000      0x100 pico-sdk\src\rp2040\boot_stage2\CMakeFiles\bs2_default_library.dir\bs2_default_padded_checksummed.S.obj
                0x10000100                __boot2_end__ = .
                0x00000001                ASSERT (((__boot2_end__ - __boot2_start__) == 0x100), ERROR: Pico second stage bootloader must be 256 bytes in size)

.text           0x10000100     0x5c28
                0x10000100                __logical_binary_start = .
 *(.vectors)
 .vectors       0x10000100       0xd4 CMakeFiles/PillDispenser.dir/C_/Users/Lenovo/Desktop/Metropolia/bin/PicoSDKv1.5.0/pico-sdk/src/rp2_common/pico_crt0/crt0.S.obj
                0x10000100                __VECTOR_TABLE
                0x10000100                __vectors
                0x100001c0                isr_invalid
                0x100001c0                __default_isrs_start
                0x100001c2                isr_nmi
                0x100001c4                isr_hardfault
                0x100001c6                isr_svcall
                0x100001c8                isr_pendsv
                0x100001ca                isr_systick
                0x100001cc                isr_irq23
                0x100001cc                isr_irq18
                0x100001cc                isr_irq11
                0x100001cc                isr_irq28
                0x100001cc                isr_irq19
                0x100001cc                isr_irq0
                0x100001cc                isr_irq6
                0x100001cc                isr_irq5
                0x100001cc                isr_irq12
                0x100001cc                isr_irq22
                0x100001cc                isr_irq31
                0x100001cc                isr_irq17
                0x100001cc                isr_irq27
                0x100001cc                isr_irq30
                0x100001cc                isr_irq2
                0x100001cc                isr_irq10
                0x100001cc                isr_irq8
                0x100001cc                isr_irq24
                0x100001cc                isr_irq1
                0x100001cc                isr_irq7
                0x100001cc                isr_irq21
                0x100001cc                isr_irq20
                0x100001cc                isr_irq15
                0x100001cc                isr_irq25
                0x100001cc                isr_irq13
                0x100001cc                __unhandled_user_irq
                0x100001cc                isr_irq4
                0x100001cc                isr_irq16
                0x100001cc                isr_irq29
                0x100001cc                isr_irq26
                0x100001cc                __default_isrs_end
                0x100001cc                isr_irq3
                0x100001cc                isr_irq14
                0x100001cc                isr_irq9
                0x100001d2                unhandled_user_irq_num_in_r0
 *(.binary_info_header)
 .binary_info_header
                0x100001d4       0x14 CMakeFiles/PillDispenser.dir/C_/Users/Lenovo/Desktop/Metropolia/bin/PicoSDKv1.5.0/pico-sdk/src/rp2_common/pico_crt0/crt0.S.obj
                0x100001e8                __binary_info_header_end = .
 *(.embedded_block)
                0x100001e8                __embedded_block_end = .
 *(.reset)
 .reset         0x100001e8       0x9c CMakeFiles/PillDispenser.dir/C_/Users/Lenovo/Desktop/Metropolia/bin/PicoSDKv1.5.0/pico-sdk/src/rp2_common/pico_crt0/crt0.S.obj
                0x100001e8                _entry_point
 *(.init)
 .init          0x10000284        0x4 c:/users/lenovo/desktop/metropolia/bin/picosdkv1.5.0/gcc-arm-none-eabi/bin/../lib/gcc/arm-none-eabi/10.3.1/thumb/v6-m/nofp/crti.o
                0x10000284                _init
 *(EXCLUDE_FILE(*libm.a: *libc.a:*lib_a-mem*.o *libgcc.a:) .text*)
 .text          0x10000288       0x48 c:/users/lenovo/desktop/metropolia/bin/picosdkv1.5.0/gcc-arm-none-eabi/bin/../lib/gcc/arm-none-eabi/10.3.1/thumb/v6-m/nofp/crtbegin.o
 .text.gpio_handler
                0x100002d0       0x98 CMakeFiles/PillDispenser.dir/main.c.obj
 .text.initialize_i2c
                0x10000368       0x38 CMakeFiles/PillDispenser.dir/main.c.obj
                0x10000368                initialize_i2c
 .text.initialize_controller
                0x100003a0       0x14 CMakeFiles/PillDispenser.dir/main.c.obj
                0x100003a0                initialize_controller
 .text.move_one_step
                0x100003b4       0xc8 CMakeFiles/PillDispenser.dir/main.c.obj
                0x100003b4                move_one_step
 .text.rotate_one_compartment
                0x1000047c       0x38 CMakeFiles/PillDispenser.dir/main.c.obj
                0x1000047c                rotate_one_compartment
 .text.check_for_edge
                0x100004b4       0x5c CMakeFiles/PillDispenser.dir/main.c.obj
                0x100004b4                check_for_edge
 .text.initialize_button
                0x10000510       0x1e CMakeFiles/PillDispenser.dir/main.c.obj
                0x10000510                initialize_button
 .text.initialize_led
                0x1000052e       0x14 CMakeFiles/PillDispenser.dir/main.c.obj
                0x1000052e                initialize_led
 .text.blink_led
                0x10000542       0x1e CMakeFiles/PillDispenser.dir/main.c.obj
                0x10000542                blink_led
 .text.led_bright
                0x10000560        0xc CMakeFiles/PillDispenser.dir/main.c.obj
                0x10000560                led_bright
 .text.check_pill_dispensed
                0x1000056c       0x24 CMakeFiles/PillDispenser.dir/main.c.obj
                0x1000056c                check_pill_dispensed
 .text.detect_pill
                0x10000590       0x24 CMakeFiles/PillDispenser.dir/main.c.obj
                0x10000590                detect_pill
 .text.led_off  0x100005b4        0xc CMakeFiles/PillDispenser.dir/main.c.obj
                0x100005b4                led_off
 .text.recovery_calib
                0x100005c0       0x48 CMakeFiles/PillDispenser.dir/main.c.obj
                0x100005c0                recovery_calib
 .text.read_steps_per_revolution_from_eeprom
                0x10000608       0x34 CMakeFiles/PillDispenser.dir/main.c.obj
                0x10000608                read_steps_per_revolution_from_eeprom
 .text.write_steps_per_revolution_to_eeprom
                0x1000063c       0x30 CMakeFiles/PillDispenser.dir/main.c.obj
                0x1000063c                write_steps_per_revolution_to_eeprom
 .text.perform_calib
                0x1000066c       0x64 CMakeFiles/PillDispenser.dir/main.c.obj
                0x1000066c                perform_calib
 .text.check_power_cut
                0x100006d0       0xf0 CMakeFiles/PillDispenser.dir/main.c.obj
                0x100006d0                check_power_cut
 .text.set_boot
                0x100007c0       0x18 CMakeFiles/PillDispenser.dir/main.c.obj
                0x100007c0                set_boot
 .text.remove_events
                0x100007d8       0x1c CMakeFiles/PillDispenser.dir/main.c.obj
                0x100007d8                remove_events
 .text.main     0x100007f4      0x2e8 CMakeFiles/PillDispenser.dir/main.c.obj
                0x100007f4                main
 .text.crc16    0x10000adc       0x38 CMakeFiles/PillDispenser.dir/eeprom_log.c.obj
                0x10000adc                crc16
 .text.validate_crc
                0x10000b14       0x12 CMakeFiles/PillDispenser.dir/eeprom_log.c.obj
                0x10000b14                validate_crc
 *fill*         0x10000b26        0x2 
 .text.eeprom_write
                0x10000b28       0x6c CMakeFiles/PillDispenser.dir/eeprom_log.c.obj
                0x10000b28                eeprom_write
 .text.eeprom_read
                0x10000b94       0x48 CMakeFiles/PillDispenser.dir/eeprom_log.c.obj
                0x10000b94                eeprom_read
 .text.print_eeprom_logs
                0x10000bdc       0x74 CMakeFiles/PillDispenser.dir/eeprom_log.c.obj
                0x10000bdc                print_eeprom_logs
 .text.log_empty
                0x10000c50       0x36 CMakeFiles/PillDispenser.dir/eeprom_log.c.obj
                0x10000c50                log_empty
 .text.delete_eeprom_log
                0x10000c86       0x1e CMakeFiles/PillDispenser.dir/eeprom_log.c.obj
                0x10000c86                delete_eeprom_log
 .text.write_log_to_eeprom
                0x10000ca4       0x9c CMakeFiles/PillDispenser.dir/eeprom_log.c.obj
                0x10000ca4                write_log_to_eeprom
 .text.write_log_message
                0x10000d40       0x3c CMakeFiles/PillDispenser.dir/eeprom_log.c.obj
                0x10000d40                write_log_message
 .text.send_to_uart
                0x10000d7c       0x4e CMakeFiles/PillDispenser.dir/lora_connect.c.obj
                0x10000d7c                send_to_uart
 .text.read_string_from_uart
                0x10000dca       0x64 CMakeFiles/PillDispenser.dir/lora_connect.c.obj
                0x10000dca                read_string_from_uart
 *fill*         0x10000e2e        0x2 
 .text.send_and_execute_lora_command
                0x10000e30       0x30 CMakeFiles/PillDispenser.dir/lora_connect.c.obj
                0x10000e30                send_and_execute_lora_command
 .text.send_message_to_lora
                0x10000e60       0x90 CMakeFiles/PillDispenser.dir/lora_connect.c.obj
                0x10000e60                send_message_to_lora
 .text.initialize_lora
                0x10000ef0       0x78 CMakeFiles/PillDispenser.dir/lora_connect.c.obj
                0x10000ef0                initialize_lora
 .text.join_lora
                0x10000f68       0xf8 CMakeFiles/PillDispenser.dir/lora_connect.c.obj
                0x10000f68                join_lora
 .text.setup_lora
                0x10001060       0x5c CMakeFiles/PillDispenser.dir/lora_connect.c.obj
                0x10001060                setup_lora
 .text.gpio_set_function
                0x100010bc       0x34 CMakeFiles/PillDispenser.dir/C_/Users/Lenovo/Desktop/Metropolia/bin/PicoSDKv1.5.0/pico-sdk/src/rp2_common/hardware_gpio/gpio.c.obj
                0x100010bc                gpio_set_function
 .text.gpio_set_pulls
                0x100010f0       0x38 CMakeFiles/PillDispenser.dir/C_/Users/Lenovo/Desktop/Metropolia/bin/PicoSDKv1.5.0/pico-sdk/src/rp2_common/hardware_gpio/gpio.c.obj
                0x100010f0                gpio_set_pulls
 .text.gpio_set_irq_callback
                0x10001128       0x48 CMakeFiles/PillDispenser.dir/C_/Users/Lenovo/Desktop/Metropolia/bin/PicoSDKv1.5.0/pico-sdk/src/rp2_common/hardware_gpio/gpio.c.obj
                0x10001128                gpio_set_irq_callback
 .text.gpio_acknowledge_irq
                0x10001170       0x18 CMakeFiles/PillDispenser.dir/C_/Users/Lenovo/Desktop/Metropolia/bin/PicoSDKv1.5.0/pico-sdk/src/rp2_common/hardware_gpio/gpio.c.obj
                0x10001170                gpio_acknowledge_irq
 .text._gpio_set_irq_enabled
                0x10001188       0x38 CMakeFiles/PillDispenser.dir/C_/Users/Lenovo/Desktop/Metropolia/bin/PicoSDKv1.5.0/pico-sdk/src/rp2_common/hardware_gpio/gpio.c.obj
 .text.gpio_set_irq_enabled
                0x100011c0       0x68 CMakeFiles/PillDispenser.dir/C_/Users/Lenovo/Desktop/Metropolia/bin/PicoSDKv1.5.0/pico-sdk/src/rp2_common/hardware_gpio/gpio.c.obj
                0x100011c0                gpio_set_irq_enabled
 .text.gpio_set_irq_enabled_with_callback
                0x10001228       0x28 CMakeFiles/PillDispenser.dir/C_/Users/Lenovo/Desktop/Metropolia/bin/PicoSDKv1.5.0/pico-sdk/src/rp2_common/hardware_gpio/gpio.c.obj
                0x10001228                gpio_set_irq_enabled_with_callback
 .text.gpio_default_irq_handler
                0x10001250       0xa0 CMakeFiles/PillDispenser.dir/C_/Users/Lenovo/Desktop/Metropolia/bin/PicoSDKv1.5.0/pico-sdk/src/rp2_common/hardware_gpio/gpio.c.obj
 .text.gpio_init
                0x100012f0       0x16 CMakeFiles/PillDispenser.dir/C_/Users/Lenovo/Desktop/Metropolia/bin/PicoSDKv1.5.0/pico-sdk/src/rp2_common/hardware_gpio/gpio.c.obj
                0x100012f0                gpio_init
 *fill*         0x10001306        0x2 
 .text.panic    0x10001308       0x30 CMakeFiles/PillDispenser.dir/C_/Users/Lenovo/Desktop/Metropolia/bin/PicoSDKv1.5.0/pico-sdk/src/rp2_common/pico_platform_panic/panic.c.obj
                0x10001308                panic
 .text.hw_claim_lock
                0x10001338       0x18 CMakeFiles/PillDispenser.dir/C_/Users/Lenovo/Desktop/Metropolia/bin/PicoSDKv1.5.0/pico-sdk/src/common/hardware_claim/claim.c.obj
                0x10001338                hw_claim_lock
 .text.hw_claim_unlock
                0x10001350       0x14 CMakeFiles/PillDispenser.dir/C_/Users/Lenovo/Desktop/Metropolia/bin/PicoSDKv1.5.0/pico-sdk/src/common/hardware_claim/claim.c.obj
                0x10001350                hw_claim_unlock
 .text.hw_claim_or_assert
                0x10001364       0x32 CMakeFiles/PillDispenser.dir/C_/Users/Lenovo/Desktop/Metropolia/bin/PicoSDKv1.5.0/pico-sdk/src/common/hardware_claim/claim.c.obj
                0x10001364                hw_claim_or_assert
 *fill*         0x10001396        0x2 
 .text.next_striped_spin_lock_num
                0x10001398       0x1c CMakeFiles/PillDispenser.dir/C_/Users/Lenovo/Desktop/Metropolia/bin/PicoSDKv1.5.0/pico-sdk/src/rp2_common/hardware_sync/sync.c.obj
                0x10001398                next_striped_spin_lock_num
 .text.spin_locks_reset
                0x100013b4       0x20 CMakeFiles/PillDispenser.dir/C_/Users/Lenovo/Desktop/Metropolia/bin/PicoSDKv1.5.0/pico-sdk/src/rp2_common/hardware_sync_spin_lock/sync_spin_lock.c.obj
                0x100013b4                spin_locks_reset
 .text.set_raw_irq_handler_and_unlock
                0x100013d4       0x28 CMakeFiles/PillDispenser.dir/C_/Users/Lenovo/Desktop/Metropolia/bin/PicoSDKv1.5.0/pico-sdk/src/rp2_common/hardware_irq/irq.c.obj
 .text.nvic_ipr0
                0x100013fc        0x8 CMakeFiles/PillDispenser.dir/C_/Users/Lenovo/Desktop/Metropolia/bin/PicoSDKv1.5.0/pico-sdk/src/rp2_common/hardware_irq/irq.c.obj
 .text.runtime_init_per_core_irq_priorities
                0x10001404       0x1c CMakeFiles/PillDispenser.dir/C_/Users/Lenovo/Desktop/Metropolia/bin/PicoSDKv1.5.0/pico-sdk/src/rp2_common/hardware_irq/irq.c.obj
                0x10001404                runtime_init_per_core_irq_priorities
 .text.make_j_16
                0x10001420       0x4c CMakeFiles/PillDispenser.dir/C_/Users/Lenovo/Desktop/Metropolia/bin/PicoSDKv1.5.0/pico-sdk/src/rp2_common/hardware_irq/irq.c.obj
 .text.insert_bl_32
                0x1000146c       0x40 CMakeFiles/PillDispenser.dir/C_/Users/Lenovo/Desktop/Metropolia/bin/PicoSDKv1.5.0/pico-sdk/src/rp2_common/hardware_irq/irq.c.obj
 .text.irq_is_enabled
                0x100014ac       0x18 CMakeFiles/PillDispenser.dir/C_/Users/Lenovo/Desktop/Metropolia/bin/PicoSDKv1.5.0/pico-sdk/src/rp2_common/hardware_irq/irq.c.obj
                0x100014ac                irq_is_enabled
 .text.irq_set_mask_n_enabled
                0x100014c4       0x1c CMakeFiles/PillDispenser.dir/C_/Users/Lenovo/Desktop/Metropolia/bin/PicoSDKv1.5.0/pico-sdk/src/rp2_common/hardware_irq/irq.c.obj
                0x100014c4                irq_set_mask_n_enabled
 .text.irq_set_enabled
                0x100014e0       0x14 CMakeFiles/PillDispenser.dir/C_/Users/Lenovo/Desktop/Metropolia/bin/PicoSDKv1.5.0/pico-sdk/src/rp2_common/hardware_irq/irq.c.obj
                0x100014e0                irq_set_enabled
 .text.irq_get_vtable_handler
                0x100014f4       0x10 CMakeFiles/PillDispenser.dir/C_/Users/Lenovo/Desktop/Metropolia/bin/PicoSDKv1.5.0/pico-sdk/src/rp2_common/hardware_irq/irq.c.obj
                0x100014f4                irq_get_vtable_handler
 .text.irq_set_exclusive_handler
                0x10001504       0x54 CMakeFiles/PillDispenser.dir/C_/Users/Lenovo/Desktop/Metropolia/bin/PicoSDKv1.5.0/pico-sdk/src/rp2_common/hardware_irq/irq.c.obj
                0x10001504                irq_set_exclusive_handler
 .text.irq_add_shared_handler
                0x10001558      0x238 CMakeFiles/PillDispenser.dir/C_/Users/Lenovo/Desktop/Metropolia/bin/PicoSDKv1.5.0/pico-sdk/src/rp2_common/hardware_irq/irq.c.obj
                0x10001558                irq_add_shared_handler
 .text.irq_remove_handler
                0x10001790      0x1b0 CMakeFiles/PillDispenser.dir/C_/Users/Lenovo/Desktop/Metropolia/bin/PicoSDKv1.5.0/pico-sdk/src/rp2_common/hardware_irq/irq.c.obj
                0x10001790                irq_remove_handler
 .text.irq_add_tail_to_free_list
                0x10001940       0xf4 CMakeFiles/PillDispenser.dir/C_/Users/Lenovo/Desktop/Metropolia/bin/PicoSDKv1.5.0/pico-sdk/src/rp2_common/hardware_irq/irq.c.obj
                0x10001940                irq_add_tail_to_free_list
 .text.lock_init
                0x10001a34       0x10 CMakeFiles/PillDispenser.dir/C_/Users/Lenovo/Desktop/Metropolia/bin/PicoSDKv1.5.0/pico-sdk/src/common/pico_sync/lock_core.c.obj
                0x10001a34                lock_init
 .text.mutex_init
                0x10001a44       0x1a CMakeFiles/PillDispenser.dir/C_/Users/Lenovo/Desktop/Metropolia/bin/PicoSDKv1.5.0/pico-sdk/src/common/pico_sync/mutex.c.obj
                0x10001a44                mutex_init
 .text.recursive_mutex_init
                0x10001a5e       0x1e CMakeFiles/PillDispenser.dir/C_/Users/Lenovo/Desktop/Metropolia/bin/PicoSDKv1.5.0/pico-sdk/src/common/pico_sync/mutex.c.obj
                0x10001a5e                recursive_mutex_init
 .text.runtime_init_mutex
                0x10001a7c       0x4c CMakeFiles/PillDispenser.dir/C_/Users/Lenovo/Desktop/Metropolia/bin/PicoSDKv1.5.0/pico-sdk/src/common/pico_sync/mutex.c.obj
                0x10001a7c                runtime_init_mutex
 .text.make_alarm_id
                0x10001ac8        0x6 CMakeFiles/PillDispenser.dir/C_/Users/Lenovo/Desktop/Metropolia/bin/PicoSDKv1.5.0/pico-sdk/src/common/pico_time/time.c.obj
 *fill*         0x10001ace        0x2 
 .text.sleep_until_callback
                0x10001ad0       0x30 CMakeFiles/PillDispenser.dir/C_/Users/Lenovo/Desktop/Metropolia/bin/PicoSDKv1.5.0/pico-sdk/src/common/pico_time/time.c.obj
 .text.alarm_pool_irq_handler
                0x10001b00      0x2f0 CMakeFiles/PillDispenser.dir/C_/Users/Lenovo/Desktop/Metropolia/bin/PicoSDKv1.5.0/pico-sdk/src/common/pico_time/time.c.obj
 .text.alarm_pool_post_alloc_init
                0x10001df0       0x94 CMakeFiles/PillDispenser.dir/C_/Users/Lenovo/Desktop/Metropolia/bin/PicoSDKv1.5.0/pico-sdk/src/common/pico_time/time.c.obj
 .text.alarm_pool_get_default
                0x10001e84       0x2c CMakeFiles/PillDispenser.dir/C_/Users/Lenovo/Desktop/Metropolia/bin/PicoSDKv1.5.0/pico-sdk/src/common/pico_time/time.c.obj
                0x10001e84                alarm_pool_get_default
 .text.alarm_pool_add_alarm_at_force_in_context
                0x10001eb0       0xb0 CMakeFiles/PillDispenser.dir/C_/Users/Lenovo/Desktop/Metropolia/bin/PicoSDKv1.5.0/pico-sdk/src/common/pico_time/time.c.obj
                0x10001eb0                alarm_pool_add_alarm_at_force_in_context
 .text.alarm_pool_add_alarm_at
                0x10001f60       0x3c CMakeFiles/PillDispenser.dir/C_/Users/Lenovo/Desktop/Metropolia/bin/PicoSDKv1.5.0/pico-sdk/src/common/pico_time/time.c.obj
                0x10001f60                alarm_pool_add_alarm_at
 .text.alarm_pool_cancel_alarm
                0x10001f9c       0x78 CMakeFiles/PillDispenser.dir/C_/Users/Lenovo/Desktop/Metropolia/bin/PicoSDKv1.5.0/pico-sdk/src/common/pico_time/time.c.obj
                0x10001f9c                alarm_pool_cancel_alarm
 .text.sleep_until
                0x10002014       0xc8 CMakeFiles/PillDispenser.dir/C_/Users/Lenovo/Desktop/Metropolia/bin/PicoSDKv1.5.0/pico-sdk/src/common/pico_time/time.c.obj
                0x10002014                sleep_until
 .text.sleep_us
                0x100020dc       0x24 CMakeFiles/PillDispenser.dir/C_/Users/Lenovo/Desktop/Metropolia/bin/PicoSDKv1.5.0/pico-sdk/src/common/pico_time/time.c.obj
                0x100020dc                sleep_us
 .text.sleep_ms
                0x10002100       0x14 CMakeFiles/PillDispenser.dir/C_/Users/Lenovo/Desktop/Metropolia/bin/PicoSDKv1.5.0/pico-sdk/src/common/pico_time/time.c.obj
                0x10002100                sleep_ms
 .text.best_effort_wfe_or_timeout
                0x10002114      0x114 CMakeFiles/PillDispenser.dir/C_/Users/Lenovo/Desktop/Metropolia/bin/PicoSDKv1.5.0/pico-sdk/src/common/pico_time/time.c.obj
                0x10002114                best_effort_wfe_or_timeout
 .text.alarm_pool_get_default_timer
                0x10002228        0x8 CMakeFiles/PillDispenser.dir/C_/Users/Lenovo/Desktop/Metropolia/bin/PicoSDKv1.5.0/pico-sdk/src/common/pico_time/time.c.obj
                0x10002228                alarm_pool_get_default_timer
 .text.runtime_init_default_alarm_pool
                0x10002230       0x38 CMakeFiles/PillDispenser.dir/C_/Users/Lenovo/Desktop/Metropolia/bin/PicoSDKv1.5.0/pico-sdk/src/common/pico_time/time.c.obj
                0x10002230                runtime_init_default_alarm_pool
 .text.timer_hardware_alarm_claim
                0x10002268       0x14 CMakeFiles/PillDispenser.dir/C_/Users/Lenovo/Desktop/Metropolia/bin/PicoSDKv1.5.0/pico-sdk/src/rp2_common/hardware_timer/timer.c.obj
                0x10002268                timer_hardware_alarm_claim
 .text.timer_time_us_64
                0x1000227c       0x10 CMakeFiles/PillDispenser.dir/C_/Users/Lenovo/Desktop/Metropolia/bin/PicoSDKv1.5.0/pico-sdk/src/rp2_common/hardware_timer/timer.c.obj
                0x1000227c                timer_time_us_64
 .text.timer_busy_wait_until
                0x1000228c       0x1a CMakeFiles/PillDispenser.dir/C_/Users/Lenovo/Desktop/Metropolia/bin/PicoSDKv1.5.0/pico-sdk/src/rp2_common/hardware_timer/timer.c.obj
                0x1000228c                timer_busy_wait_until
 .text.timer_busy_wait_us
                0x100022a6       0x38 CMakeFiles/PillDispenser.dir/C_/Users/Lenovo/Desktop/Metropolia/bin/PicoSDKv1.5.0/pico-sdk/src/rp2_common/hardware_timer/timer.c.obj
                0x100022a6                timer_busy_wait_us
 *fill*         0x100022de        0x2 
 .text.time_us_64
                0x100022e0       0x10 CMakeFiles/PillDispenser.dir/C_/Users/Lenovo/Desktop/Metropolia/bin/PicoSDKv1.5.0/pico-sdk/src/rp2_common/hardware_timer/timer.c.obj
                0x100022e0                time_us_64
 .text.busy_wait_us
                0x100022f0       0x14 CMakeFiles/PillDispenser.dir/C_/Users/Lenovo/Desktop/Metropolia/bin/PicoSDKv1.5.0/pico-sdk/src/rp2_common/hardware_timer/timer.c.obj
                0x100022f0                busy_wait_us
 .text.busy_wait_until
                0x10002304       0x14 CMakeFiles/PillDispenser.dir/C_/Users/Lenovo/Desktop/Metropolia/bin/PicoSDKv1.5.0/pico-sdk/src/rp2_common/hardware_timer/timer.c.obj
                0x10002304                busy_wait_until
 .text.queue_remove_internal
                0x10002318       0xa8 CMakeFiles/PillDispenser.dir/C_/Users/Lenovo/Desktop/Metropolia/bin/PicoSDKv1.5.0/pico-sdk/src/common/pico_util/queue.c.obj
 .text.queue_add_internal
                0x100023c0       0xa0 CMakeFiles/PillDispenser.dir/C_/Users/Lenovo/Desktop/Metropolia/bin/PicoSDKv1.5.0/pico-sdk/src/common/pico_util/queue.c.obj
 .text.queue_init_with_spinlock
                0x10002460       0x24 CMakeFiles/PillDispenser.dir/C_/Users/Lenovo/Desktop/Metropolia/bin/PicoSDKv1.5.0/pico-sdk/src/common/pico_util/queue.c.obj
                0x10002460                queue_init_with_spinlock
 .text.queue_try_add
                0x10002484        0xa CMakeFiles/PillDispenser.dir/C_/Users/Lenovo/Desktop/Metropolia/bin/PicoSDKv1.5.0/pico-sdk/src/common/pico_util/queue.c.obj
                0x10002484                queue_try_add
 .text.queue_try_remove
                0x1000248e        0xa CMakeFiles/PillDispenser.dir/C_/Users/Lenovo/Desktop/Metropolia/bin/PicoSDKv1.5.0/pico-sdk/src/common/pico_util/queue.c.obj
                0x1000248e                queue_try_remove
 .text.uart_disable_before_lcr_write
                0x10002498       0x48 CMakeFiles/PillDispenser.dir/C_/Users/Lenovo/Desktop/Metropolia/bin/PicoSDKv1.5.0/pico-sdk/src/rp2_common/hardware_uart/uart.c.obj
 .text.uart_write_lcr_bits_masked
                0x100024e0       0x20 CMakeFiles/PillDispenser.dir/C_/Users/Lenovo/Desktop/Metropolia/bin/PicoSDKv1.5.0/pico-sdk/src/rp2_common/hardware_uart/uart.c.obj
 .text.uart_set_baudrate
                0x10002500       0x5c CMakeFiles/PillDispenser.dir/C_/Users/Lenovo/Desktop/Metropolia/bin/PicoSDKv1.5.0/pico-sdk/src/rp2_common/hardware_uart/uart.c.obj
                0x10002500                uart_set_baudrate
 .text.uart_set_translate_crlf
                0x1000255c       0x28 CMakeFiles/PillDispenser.dir/C_/Users/Lenovo/Desktop/Metropolia/bin/PicoSDKv1.5.0/pico-sdk/src/rp2_common/hardware_uart/uart.c.obj
                0x1000255c                uart_set_translate_crlf
 .text.uart_init
                0x10002584       0x84 CMakeFiles/PillDispenser.dir/C_/Users/Lenovo/Desktop/Metropolia/bin/PicoSDKv1.5.0/pico-sdk/src/rp2_common/hardware_uart/uart.c.obj
                0x10002584                uart_init
 .text.uart_is_readable_within_us
                0x10002608       0x20 CMakeFiles/PillDispenser.dir/C_/Users/Lenovo/Desktop/Metropolia/bin/PicoSDKv1.5.0/pico-sdk/src/rp2_common/hardware_uart/uart.c.obj
                0x10002608                uart_is_readable_within_us
 .text.clock_configure_internal
                0x10002628       0xc4 CMakeFiles/PillDispenser.dir/C_/Users/Lenovo/Desktop/Metropolia/bin/PicoSDKv1.5.0/pico-sdk/src/rp2_common/hardware_clocks/clocks.c.obj
 .text.clock_configure_int_divider
                0x100026ec       0x28 CMakeFiles/PillDispenser.dir/C_/Users/Lenovo/Desktop/Metropolia/bin/PicoSDKv1.5.0/pico-sdk/src/rp2_common/hardware_clocks/clocks.c.obj
                0x100026ec                clock_configure_int_divider
 .text.clock_configure_undivided
                0x10002714       0x12 CMakeFiles/PillDispenser.dir/C_/Users/Lenovo/Desktop/Metropolia/bin/PicoSDKv1.5.0/pico-sdk/src/rp2_common/hardware_clocks/clocks.c.obj
                0x10002714                clock_configure_undivided
 *fill*         0x10002726        0x2 
 .text.clock_get_hz
                0x10002728        0xc CMakeFiles/PillDispenser.dir/C_/Users/Lenovo/Desktop/Metropolia/bin/PicoSDKv1.5.0/pico-sdk/src/rp2_common/hardware_clocks/clocks.c.obj
                0x10002728                clock_get_hz
 .text.pll_init
                0x10002734      0x120 CMakeFiles/PillDispenser.dir/C_/Users/Lenovo/Desktop/Metropolia/bin/PicoSDKv1.5.0/pico-sdk/src/rp2_common/hardware_pll/pll.c.obj
                0x10002734                pll_init
 .text.tick_start
                0x10002854       0x10 CMakeFiles/PillDispenser.dir/C_/Users/Lenovo/Desktop/Metropolia/bin/PicoSDKv1.5.0/pico-sdk/src/rp2_common/hardware_ticks/ticks.c.obj
                0x10002854                tick_start
 .text.rom_func_lookup
                0x10002864       0x10 CMakeFiles/PillDispenser.dir/C_/Users/Lenovo/Desktop/Metropolia/bin/PicoSDKv1.5.0/pico-sdk/src/rp2_common/pico_bootrom/bootrom.c.obj
                0x10002864                rom_func_lookup
 .text.rom_data_lookup
                0x10002874       0x10 CMakeFiles/PillDispenser.dir/C_/Users/Lenovo/Desktop/Metropolia/bin/PicoSDKv1.5.0/pico-sdk/src/rp2_common/pico_bootrom/bootrom.c.obj
                0x10002874                rom_data_lookup
 .text.rom_funcs_lookup
                0x10002884       0x36 CMakeFiles/PillDispenser.dir/C_/Users/Lenovo/Desktop/Metropolia/bin/PicoSDKv1.5.0/pico-sdk/src/rp2_common/pico_bootrom/bootrom.c.obj
                0x10002884                rom_funcs_lookup
 *fill*         0x100028ba        0x2 
 .text.xosc_init
                0x100028bc       0x28 CMakeFiles/PillDispenser.dir/C_/Users/Lenovo/Desktop/Metropolia/bin/PicoSDKv1.5.0/pico-sdk/src/rp2_common/hardware_xosc/xosc.c.obj
                0x100028bc                xosc_init
 .text.runtime_run_initializers_from
                0x100028e4       0x18 CMakeFiles/PillDispenser.dir/C_/Users/Lenovo/Desktop/Metropolia/bin/PicoSDKv1.5.0/pico-sdk/src/rp2_common/pico_runtime/runtime.c.obj
 .text.first_per_core_initializer
                0x100028fc        0x2 CMakeFiles/PillDispenser.dir/C_/Users/Lenovo/Desktop/Metropolia/bin/PicoSDKv1.5.0/pico-sdk/src/rp2_common/pico_runtime/runtime.c.obj
 *fill*         0x100028fe        0x2 
 .text.runtime_run_initializers
                0x10002900       0x10 CMakeFiles/PillDispenser.dir/C_/Users/Lenovo/Desktop/Metropolia/bin/PicoSDKv1.5.0/pico-sdk/src/rp2_common/pico_runtime/runtime.c.obj
                0x10002900                runtime_run_initializers
 .text.runtime_init_early_resets
                0x10002910       0x2c CMakeFiles/PillDispenser.dir/C_/Users/Lenovo/Desktop/Metropolia/bin/PicoSDKv1.5.0/pico-sdk/src/rp2_common/pico_runtime_init/runtime_init.c.obj
                0x10002910                runtime_init_early_resets
 .text.runtime_init_usb_power_down
                0x1000293c       0x1c CMakeFiles/PillDispenser.dir/C_/Users/Lenovo/Desktop/Metropolia/bin/PicoSDKv1.5.0/pico-sdk/src/rp2_common/pico_runtime_init/runtime_init.c.obj
                0x1000293c                runtime_init_usb_power_down
 .text.runtime_init_post_clock_resets
                0x10002958       0x20 CMakeFiles/PillDispenser.dir/C_/Users/Lenovo/Desktop/Metropolia/bin/PicoSDKv1.5.0/pico-sdk/src/rp2_common/pico_runtime_init/runtime_init.c.obj
                0x10002958                runtime_init_post_clock_resets
 .text.runtime_init_rp2040_gpio_ie_disable
                0x10002978       0x14 CMakeFiles/PillDispenser.dir/C_/Users/Lenovo/Desktop/Metropolia/bin/PicoSDKv1.5.0/pico-sdk/src/rp2_common/pico_runtime_init/runtime_init.c.obj
                0x10002978                runtime_init_rp2040_gpio_ie_disable
 .text.runtime_init_spin_locks_reset
                0x1000298c        0x8 CMakeFiles/PillDispenser.dir/C_/Users/Lenovo/Desktop/Metropolia/bin/PicoSDKv1.5.0/pico-sdk/src/rp2_common/pico_runtime_init/runtime_init.c.obj
                0x1000298c                runtime_init_spin_locks_reset
 .text.runtime_init_install_ram_vector_table
                0x10002994       0x1c CMakeFiles/PillDispenser.dir/C_/Users/Lenovo/Desktop/Metropolia/bin/PicoSDKv1.5.0/pico-sdk/src/rp2_common/pico_runtime_init/runtime_init.c.obj
                0x10002994                runtime_init_install_ram_vector_table
 .text.start_all_ticks
                0x100029b0       0x28 CMakeFiles/PillDispenser.dir/C_/Users/Lenovo/Desktop/Metropolia/bin/PicoSDKv1.5.0/pico-sdk/src/rp2_common/pico_runtime_init/runtime_init_clocks.c.obj
 .text.runtime_init_clocks
                0x100029d8       0xcc CMakeFiles/PillDispenser.dir/C_/Users/Lenovo/Desktop/Metropolia/bin/PicoSDKv1.5.0/pico-sdk/src/rp2_common/pico_runtime_init/runtime_init_clocks.c.obj
                0x100029d8                runtime_init_clocks
 .text          0x10002aa4       0x10 CMakeFiles/PillDispenser.dir/C_/Users/Lenovo/Desktop/Metropolia/bin/PicoSDKv1.5.0/pico-sdk/src/rp2_common/pico_bit_ops/bit_ops_aeabi.S.obj
 .text.__wrap___aeabi_idiv
                0x10002ab4       0x50 CMakeFiles/PillDispenser.dir/C_/Users/Lenovo/Desktop/Metropolia/bin/PicoSDKv1.5.0/pico-sdk/src/rp2_common/pico_divider/divider_hardware.S.obj
                0x10002ab4                __wrap___aeabi_idivmod
                0x10002ab4                divmod_s32s32
                0x10002ab4                div_s32s32
                0x10002ab4                __wrap___aeabi_idiv
                0x10002abc                divmod_s32s32_unsafe
                0x10002ae8                divmod_s32s32_savestate
 .text.__wrap___aeabi_uidiv
                0x10002b04       0x4c CMakeFiles/PillDispenser.dir/C_/Users/Lenovo/Desktop/Metropolia/bin/PicoSDKv1.5.0/pico-sdk/src/rp2_common/pico_divider/divider_hardware.S.obj
                0x10002b04                __wrap___aeabi_uidiv
                0x10002b04                __wrap___aeabi_uidivmod
                0x10002b04                div_u32u32
                0x10002b04                divmod_u32u32
                0x10002b0c                divmod_u32u32_unsafe
                0x10002b34                divmod_u32u32_savestate
 .text.__wrap___aeabi_ldiv
                0x10002b50      0x424 CMakeFiles/PillDispenser.dir/C_/Users/Lenovo/Desktop/Metropolia/bin/PicoSDKv1.5.0/pico-sdk/src/rp2_common/pico_divider/divider_hardware.S.obj
                0x10002b50                div_s64s64
                0x10002b50                divmod_s64s64
                0x10002b50                __wrap___aeabi_ldivmod
                0x10002b80                divmod_u64u64
                0x10002b80                div_u64u64
                0x10002b80                __wrap___aeabi_uldivmod
                0x10002b90                divmod_u64u64_savestate
                0x10002bb0                divmod_s64s64_unsafe
                0x10002c38                divmod_u64u64_unsafe
 .text.__wrap___aeabi_darithmetic
                0x10002f74       0x60 CMakeFiles/PillDispenser.dir/C_/Users/Lenovo/Desktop/Metropolia/bin/PicoSDKv1.5.0/pico-sdk/src/rp2_common/pico_double/double_aeabi_rp2040.S.obj
                0x10002f74                __wrap___aeabi_drsub
                0x10002f7a                __wrap___aeabi_dsub
                0x10002f84                __wrap___aeabi_dadd
                0x10002f8e                __wrap___aeabi_ddiv
                0x10002fc2                __wrap___aeabi_dmul
 .text.__wrap___aeabi_cdcmple
                0x10002fd4       0x6c CMakeFiles/PillDispenser.dir/C_/Users/Lenovo/Desktop/Metropolia/bin/PicoSDKv1.5.0/pico-sdk/src/rp2_common/pico_double/double_aeabi_rp2040.S.obj
                0x10002fd4                __wrap___aeabi_cdrcmple
                0x10002fe4                __wrap___aeabi_cdcmpeq
                0x10002fe4                __wrap___aeabi_cdcmple
 .text.__wrap___aeabi_dcmplt
                0x10003040        0xc CMakeFiles/PillDispenser.dir/C_/Users/Lenovo/Desktop/Metropolia/bin/PicoSDKv1.5.0/pico-sdk/src/rp2_common/pico_double/double_aeabi_rp2040.S.obj
                0x10003040                __wrap___aeabi_dcmplt
 .text.__wrap___aeabi_dcmple
                0x1000304c       0x10 CMakeFiles/PillDispenser.dir/C_/Users/Lenovo/Desktop/Metropolia/bin/PicoSDKv1.5.0/pico-sdk/src/rp2_common/pico_double/double_aeabi_rp2040.S.obj
                0x1000304c                __wrap___aeabi_dcmple
 .text.__wrap___aeabi_dcmpge
                0x1000305c       0x10 CMakeFiles/PillDispenser.dir/C_/Users/Lenovo/Desktop/Metropolia/bin/PicoSDKv1.5.0/pico-sdk/src/rp2_common/pico_double/double_aeabi_rp2040.S.obj
                0x1000305c                __wrap___aeabi_dcmpge
 .text.__wrap___aeabi_dcmpgt
                0x1000306c        0xa CMakeFiles/PillDispenser.dir/C_/Users/Lenovo/Desktop/Metropolia/bin/PicoSDKv1.5.0/pico-sdk/src/rp2_common/pico_double/double_aeabi_rp2040.S.obj
                0x1000306c                __wrap___aeabi_dcmpgt
 .text.__wrap___aeabi_dcmpun
                0x10003076       0x18 CMakeFiles/PillDispenser.dir/C_/Users/Lenovo/Desktop/Metropolia/bin/PicoSDKv1.5.0/pico-sdk/src/rp2_common/pico_double/double_aeabi_rp2040.S.obj
                0x10003076                __wrap___aeabi_dcmpun
 *fill*         0x1000308e        0x2 
 .text.__wrap___aeabi_i2d
                0x10003090       0x38 CMakeFiles/PillDispenser.dir/C_/Users/Lenovo/Desktop/Metropolia/bin/PicoSDKv1.5.0/pico-sdk/src/rp2_common/pico_double/double_aeabi_rp2040.S.obj
                0x10003090                __wrap___aeabi_ui2d
                0x10003098                __wrap___aeabi_i2d
 .text.__wrap___aeabi_d2iz
                0x100030c8       0x48 CMakeFiles/PillDispenser.dir/C_/Users/Lenovo/Desktop/Metropolia/bin/PicoSDKv1.5.0/pico-sdk/src/rp2_common/pico_double/double_aeabi_rp2040.S.obj
                0x100030c8                double2int_z
                0x100030c8                __wrap___aeabi_d2iz
 .text.__wrap___aeabi_d2uiz
                0x10003110       0x10 CMakeFiles/PillDispenser.dir/C_/Users/Lenovo/Desktop/Metropolia/bin/PicoSDKv1.5.0/pico-sdk/src/rp2_common/pico_double/double_aeabi_rp2040.S.obj
                0x10003110                __wrap___aeabi_d2uiz
                0x10003110                double2uint
 .text.missing_double_func_shim
                0x10003120        0xc CMakeFiles/PillDispenser.dir/C_/Users/Lenovo/Desktop/Metropolia/bin/PicoSDKv1.5.0/pico-sdk/src/rp2_common/pico_double/double_init_rom_rp2040.c.obj
 .text.__aeabi_double_init
                0x1000312c       0xcc CMakeFiles/PillDispenser.dir/C_/Users/Lenovo/Desktop/Metropolia/bin/PicoSDKv1.5.0/pico-sdk/src/rp2_common/pico_double/double_init_rom_rp2040.c.obj
                0x1000312c                __aeabi_double_init
 .text.double_table_shim_on_use_helper
                0x100031f8       0x34 CMakeFiles/PillDispenser.dir/C_/Users/Lenovo/Desktop/Metropolia/bin/PicoSDKv1.5.0/pico-sdk/src/rp2_common/pico_double/double_v1_rom_shim_rp2040.S.obj
                0x100031f8                double_table_shim_on_use_helper
 .text.__aeabi_lmul
                0x1000322c       0x32 CMakeFiles/PillDispenser.dir/C_/Users/Lenovo/Desktop/Metropolia/bin/PicoSDKv1.5.0/pico-sdk/src/rp2_common/pico_int64_ops/pico_int64_ops_aeabi.S.obj
                0x1000322c                __wrap___aeabi_lmul
 *fill*         0x1000325e        0x2 
 .text.missing_float_func_shim
                0x10003260        0xc CMakeFiles/PillDispenser.dir/C_/Users/Lenovo/Desktop/Metropolia/bin/PicoSDKv1.5.0/pico-sdk/src/rp2_common/pico_float/float_init_rom_rp2040.c.obj
 .text.__aeabi_float_init
                0x1000326c       0x88 CMakeFiles/PillDispenser.dir/C_/Users/Lenovo/Desktop/Metropolia/bin/PicoSDKv1.5.0/pico-sdk/src/rp2_common/pico_float/float_init_rom_rp2040.c.obj
                0x1000326c                __aeabi_float_init
 .text.__wrap_calloc
                0x100032f4       0x28 CMakeFiles/PillDispenser.dir/C_/Users/Lenovo/Desktop/Metropolia/bin/PicoSDKv1.5.0/pico-sdk/src/rp2_common/pico_malloc/malloc.c.obj
                0x100032f4                __wrap_calloc
 .text          0x1000331c       0x10 CMakeFiles/PillDispenser.dir/C_/Users/Lenovo/Desktop/Metropolia/bin/PicoSDKv1.5.0/pico-sdk/src/rp2_common/pico_mem_ops/mem_ops_aeabi.S.obj
                0x1000331c                __aeabi_mem_init
 .text.memset   0x1000332c        0xc CMakeFiles/PillDispenser.dir/C_/Users/Lenovo/Desktop/Metropolia/bin/PicoSDKv1.5.0/pico-sdk/src/rp2_common/pico_mem_ops/mem_ops_aeabi.S.obj
                0x1000332c                __wrap_memset
 .text.memcpy   0x10003338        0xc CMakeFiles/PillDispenser.dir/C_/Users/Lenovo/Desktop/Metropolia/bin/PicoSDKv1.5.0/pico-sdk/src/rp2_common/pico_mem_ops/mem_ops_aeabi.S.obj
                0x10003338                __wrap_memcpy
                0x10003338                __wrap___aeabi_memcpy
 .text._out_buffer
                0x10003344        0x8 CMakeFiles/PillDispenser.dir/C_/Users/Lenovo/Desktop/Metropolia/bin/PicoSDKv1.5.0/pico-sdk/src/rp2_common/pico_printf/printf.c.obj
 .text._out_null
                0x1000334c        0x2 CMakeFiles/PillDispenser.dir/C_/Users/Lenovo/Desktop/Metropolia/bin/PicoSDKv1.5.0/pico-sdk/src/rp2_common/pico_printf/printf.c.obj
 .text._out_fct
                0x1000334e        0xe CMakeFiles/PillDispenser.dir/C_/Users/Lenovo/Desktop/Metropolia/bin/PicoSDKv1.5.0/pico-sdk/src/rp2_common/pico_printf/printf.c.obj
 .text._atoi    0x1000335c       0x24 CMakeFiles/PillDispenser.dir/C_/Users/Lenovo/Desktop/Metropolia/bin/PicoSDKv1.5.0/pico-sdk/src/rp2_common/pico_printf/printf.c.obj
 .text._out_rev
                0x10003380       0xae CMakeFiles/PillDispenser.dir/C_/Users/Lenovo/Desktop/Metropolia/bin/PicoSDKv1.5.0/pico-sdk/src/rp2_common/pico_printf/printf.c.obj
 .text._ntoa_format
                0x1000342e      0x112 CMakeFiles/PillDispenser.dir/C_/Users/Lenovo/Desktop/Metropolia/bin/PicoSDKv1.5.0/pico-sdk/src/rp2_common/pico_printf/printf.c.obj
 .text._ntoa_long
                0x10003540       0xbc CMakeFiles/PillDispenser.dir/C_/Users/Lenovo/Desktop/Metropolia/bin/PicoSDKv1.5.0/pico-sdk/src/rp2_common/pico_printf/printf.c.obj
 .text._ntoa_long_long
                0x100035fc       0xe2 CMakeFiles/PillDispenser.dir/C_/Users/Lenovo/Desktop/Metropolia/bin/PicoSDKv1.5.0/pico-sdk/src/rp2_common/pico_printf/printf.c.obj
 *fill*         0x100036de        0x2 
 .text._etoa    0x100036e0      0x414 CMakeFiles/PillDispenser.dir/C_/Users/Lenovo/Desktop/Metropolia/bin/PicoSDKv1.5.0/pico-sdk/src/rp2_common/pico_printf/printf.c.obj
 .text._ftoa    0x10003af4      0x354 CMakeFiles/PillDispenser.dir/C_/Users/Lenovo/Desktop/Metropolia/bin/PicoSDKv1.5.0/pico-sdk/src/rp2_common/pico_printf/printf.c.obj
 .text._vsnprintf
                0x10003e48      0x624 CMakeFiles/PillDispenser.dir/C_/Users/Lenovo/Desktop/Metropolia/bin/PicoSDKv1.5.0/pico-sdk/src/rp2_common/pico_printf/printf.c.obj
 .text.__wrap_sprintf
                0x1000446c       0x28 CMakeFiles/PillDispenser.dir/C_/Users/Lenovo/Desktop/Metropolia/bin/PicoSDKv1.5.0/pico-sdk/src/rp2_common/pico_printf/printf.c.obj
                0x1000446c                __wrap_sprintf
 .text.__wrap_snprintf
                0x10004494       0x28 CMakeFiles/PillDispenser.dir/C_/Users/Lenovo/Desktop/Metropolia/bin/PicoSDKv1.5.0/pico-sdk/src/rp2_common/pico_printf/printf.c.obj
                0x10004494                __wrap_snprintf
 .text.vfctprintf
                0x100044bc       0x20 CMakeFiles/PillDispenser.dir/C_/Users/Lenovo/Desktop/Metropolia/bin/PicoSDKv1.5.0/pico-sdk/src/rp2_common/pico_printf/printf.c.obj
                0x100044bc                vfctprintf
 .text._exit    0x100044dc        0x4 CMakeFiles/PillDispenser.dir/C_/Users/Lenovo/Desktop/Metropolia/bin/PicoSDKv1.5.0/pico-sdk/src/rp2_common/pico_clib_interface/newlib_interface.c.obj
                0x100044dc                _exit
 .text._sbrk    0x100044e0       0x38 CMakeFiles/PillDispenser.dir/C_/Users/Lenovo/Desktop/Metropolia/bin/PicoSDKv1.5.0/pico-sdk/src/rp2_common/pico_clib_interface/newlib_interface.c.obj
                0x100044e0                _sbrk
 .text.exit     0x10004518        0x6 CMakeFiles/PillDispenser.dir/C_/Users/Lenovo/Desktop/Metropolia/bin/PicoSDKv1.5.0/pico-sdk/src/rp2_common/pico_clib_interface/newlib_interface.c.obj
                0x10004518                exit
 *fill*         0x1000451e        0x2 
 .text.__assert_func
                0x10004520       0x3c CMakeFiles/PillDispenser.dir/C_/Users/Lenovo/Desktop/Metropolia/bin/PicoSDKv1.5.0/pico-sdk/src/rp2_common/pico_clib_interface/newlib_interface.c.obj
                0x10004520                __assert_func
 .text.runtime_init
                0x1000455c       0x28 CMakeFiles/PillDispenser.dir/C_/Users/Lenovo/Desktop/Metropolia/bin/PicoSDKv1.5.0/pico-sdk/src/rp2_common/pico_clib_interface/newlib_interface.c.obj
                0x1000455c                runtime_init
 .text.stdio_out_chars_no_crlf
                0x10004584        0xe CMakeFiles/PillDispenser.dir/C_/Users/Lenovo/Desktop/Metropolia/bin/PicoSDKv1.5.0/pico-sdk/src/rp2_common/pico_stdio/stdio.c.obj
 *fill*         0x10004592        0x2 
 .text.stdio_out_chars_crlf
                0x10004594       0x80 CMakeFiles/PillDispenser.dir/C_/Users/Lenovo/Desktop/Metropolia/bin/PicoSDKv1.5.0/pico-sdk/src/rp2_common/pico_stdio/stdio.c.obj
 .text.stdio_stack_buffer_flush
                0x10004614       0x44 CMakeFiles/PillDispenser.dir/C_/Users/Lenovo/Desktop/Metropolia/bin/PicoSDKv1.5.0/pico-sdk/src/rp2_common/pico_stdio/stdio.c.obj
 .text.stdio_buffered_printer
                0x10004658       0x20 CMakeFiles/PillDispenser.dir/C_/Users/Lenovo/Desktop/Metropolia/bin/PicoSDKv1.5.0/pico-sdk/src/rp2_common/pico_stdio/stdio.c.obj
 .text.stdout_serialize_begin
                0x10004678       0x30 CMakeFiles/PillDispenser.dir/C_/Users/Lenovo/Desktop/Metropolia/bin/PicoSDKv1.5.0/pico-sdk/src/rp2_common/pico_stdio/stdio.c.obj
                0x10004678                stdout_serialize_begin
 .text.stdout_serialize_end
                0x100046a8       0x10 CMakeFiles/PillDispenser.dir/C_/Users/Lenovo/Desktop/Metropolia/bin/PicoSDKv1.5.0/pico-sdk/src/rp2_common/pico_stdio/stdio.c.obj
                0x100046a8                stdout_serialize_end
 .text.stdio_put_string
                0x100046b8       0x94 CMakeFiles/PillDispenser.dir/C_/Users/Lenovo/Desktop/Metropolia/bin/PicoSDKv1.5.0/pico-sdk/src/rp2_common/pico_stdio/stdio.c.obj
                0x100046b8                stdio_put_string
 .text.stdio_set_driver_enabled
                0x1000474c       0x2c CMakeFiles/PillDispenser.dir/C_/Users/Lenovo/Desktop/Metropolia/bin/PicoSDKv1.5.0/pico-sdk/src/rp2_common/pico_stdio/stdio.c.obj
                0x1000474c                stdio_set_driver_enabled
 .text.stdio_flush
                0x10004778       0x20 CMakeFiles/PillDispenser.dir/C_/Users/Lenovo/Desktop/Metropolia/bin/PicoSDKv1.5.0/pico-sdk/src/rp2_common/pico_stdio/stdio.c.obj
                0x10004778                stdio_flush
 .text.stdio_init_all
                0x10004798        0xa CMakeFiles/PillDispenser.dir/C_/Users/Lenovo/Desktop/Metropolia/bin/PicoSDKv1.5.0/pico-sdk/src/rp2_common/pico_stdio/stdio.c.obj
                0x10004798                stdio_init_all
 .text.__wrap_puts
                0x100047a2       0x1e CMakeFiles/PillDispenser.dir/C_/Users/Lenovo/Desktop/Metropolia/bin/PicoSDKv1.5.0/pico-sdk/src/rp2_common/pico_stdio/stdio.c.obj
                0x100047a2                stdio_puts
                0x100047a2                __wrap_puts
 .text.__wrap_vprintf
                0x100047c0       0x40 CMakeFiles/PillDispenser.dir/C_/Users/Lenovo/Desktop/Metropolia/bin/PicoSDKv1.5.0/pico-sdk/src/rp2_common/pico_stdio/stdio.c.obj
                0x100047c0                stdio_vprintf
                0x100047c0                __wrap_vprintf
 .text.__wrap_printf
                0x10004800       0x18 CMakeFiles/PillDispenser.dir/C_/Users/Lenovo/Desktop/Metropolia/bin/PicoSDKv1.5.0/pico-sdk/src/rp2_common/pico_stdio/stdio.c.obj
                0x10004800                __wrap_printf
                0x10004800                stdio_printf
 .text.stdio_uart_out_chars
                0x10004818       0x74 CMakeFiles/PillDispenser.dir/C_/Users/Lenovo/Desktop/Metropolia/bin/PicoSDKv1.5.0/pico-sdk/src/rp2_common/pico_stdio_uart/stdio_uart.c.obj
 .text.stdio_uart_in_chars
                0x1000488c       0x80 CMakeFiles/PillDispenser.dir/C_/Users/Lenovo/Desktop/Metropolia/bin/PicoSDKv1.5.0/pico-sdk/src/rp2_common/pico_stdio_uart/stdio_uart.c.obj
                0x1000488c                stdio_uart_in_chars
 .text.on_uart_rx
                0x1000490c       0x28 CMakeFiles/PillDispenser.dir/C_/Users/Lenovo/Desktop/Metropolia/bin/PicoSDKv1.5.0/pico-sdk/src/rp2_common/pico_stdio_uart/stdio_uart.c.obj
 .text.stdio_uart_out_flush
                0x10004934       0x10 CMakeFiles/PillDispenser.dir/C_/Users/Lenovo/Desktop/Metropolia/bin/PicoSDKv1.5.0/pico-sdk/src/rp2_common/pico_stdio_uart/stdio_uart.c.obj
 .text.stdio_uart_set_chars_available_callback
                0x10004944       0x94 CMakeFiles/PillDispenser.dir/C_/Users/Lenovo/Desktop/Metropolia/bin/PicoSDKv1.5.0/pico-sdk/src/rp2_common/pico_stdio_uart/stdio_uart.c.obj
 .text.stdio_uart_init_full
                0x100049d8       0x44 CMakeFiles/PillDispenser.dir/C_/Users/Lenovo/Desktop/Metropolia/bin/PicoSDKv1.5.0/pico-sdk/src/rp2_common/pico_stdio_uart/stdio_uart.c.obj
                0x100049d8                stdio_uart_init_full
 .text.stdio_uart_init
                0x10004a1c       0x30 CMakeFiles/PillDispenser.dir/C_/Users/Lenovo/Desktop/Metropolia/bin/PicoSDKv1.5.0/pico-sdk/src/rp2_common/pico_stdio_uart/stdio_uart.c.obj
                0x10004a1c                stdio_uart_init
 .text.i2c_write_blocking_internal
                0x10004a4c      0x158 CMakeFiles/PillDispenser.dir/C_/Users/Lenovo/Desktop/Metropolia/bin/PicoSDKv1.5.0/pico-sdk/src/rp2_common/hardware_i2c/i2c.c.obj
 .text.i2c_read_blocking_internal
                0x10004ba4       0xfc CMakeFiles/PillDispenser.dir/C_/Users/Lenovo/Desktop/Metropolia/bin/PicoSDKv1.5.0/pico-sdk/src/rp2_common/hardware_i2c/i2c.c.obj
 .text.i2c_set_baudrate
                0x10004ca0       0xf0 CMakeFiles/PillDispenser.dir/C_/Users/Lenovo/Desktop/Metropolia/bin/PicoSDKv1.5.0/pico-sdk/src/rp2_common/hardware_i2c/i2c.c.obj
                0x10004ca0                i2c_set_baudrate
 .text.i2c_init
                0x10004d90       0x6c CMakeFiles/PillDispenser.dir/C_/Users/Lenovo/Desktop/Metropolia/bin/PicoSDKv1.5.0/pico-sdk/src/rp2_common/hardware_i2c/i2c.c.obj
                0x10004d90                i2c_init
 .text.i2c_write_blocking
                0x10004dfc       0x18 CMakeFiles/PillDispenser.dir/C_/Users/Lenovo/Desktop/Metropolia/bin/PicoSDKv1.5.0/pico-sdk/src/rp2_common/hardware_i2c/i2c.c.obj
                0x10004dfc                i2c_write_blocking
 .text.i2c_read_blocking
                0x10004e14       0x18 CMakeFiles/PillDispenser.dir/C_/Users/Lenovo/Desktop/Metropolia/bin/PicoSDKv1.5.0/pico-sdk/src/rp2_common/hardware_i2c/i2c.c.obj
                0x10004e14                i2c_read_blocking
 .text.calloc   0x10004e2c       0x18 c:/users/lenovo/desktop/metropolia/bin/picosdkv1.5.0/gcc-arm-none-eabi/bin/../lib/gcc/arm-none-eabi/10.3.1/../../../../arm-none-eabi/lib/thumb/v6-m/nofp\libg.a(lib_a-calloc.o)
                0x10004e2c                calloc
 .text._calloc_r
                0x10004e44       0x9c c:/users/lenovo/desktop/metropolia/bin/picosdkv1.5.0/gcc-arm-none-eabi/bin/../lib/gcc/arm-none-eabi/10.3.1/../../../../arm-none-eabi/lib/thumb/v6-m/nofp\libg.a(lib_a-callocr.o)
                0x10004e44                _calloc_r
 .text.__errno  0x10004ee0        0xc c:/users/lenovo/desktop/metropolia/bin/picosdkv1.5.0/gcc-arm-none-eabi/bin/../lib/gcc/arm-none-eabi/10.3.1/../../../../arm-none-eabi/lib/thumb/v6-m/nofp\libg.a(lib_a-errno.o)
                0x10004ee0                __errno
 .text._malloc_r
                0x10004eec      0x584 c:/users/lenovo/desktop/metropolia/bin/picosdkv1.5.0/gcc-arm-none-eabi/bin/../lib/gcc/arm-none-eabi/10.3.1/../../../../arm-none-eabi/lib/thumb/v6-m/nofp\libg.a(lib_a-mallocr.o)
                0x10004eec                _malloc_r
 .text.memcmp   0x10005470       0x48 c:/users/lenovo/desktop/metropolia/bin/picosdkv1.5.0/gcc-arm-none-eabi/bin/../lib/gcc/arm-none-eabi/10.3.1/../../../../arm-none-eabi/lib/thumb/v6-m/nofp\libg.a(lib_a-memcmp.o)
                0x10005470                memcmp
 .text.__malloc_lock
                0x100054b8       0x10 c:/users/lenovo/desktop/metropolia/bin/picosdkv1.5.0/gcc-arm-none-eabi/bin/../lib/gcc/arm-none-eabi/10.3.1/../../../../arm-none-eabi/lib/thumb/v6-m/nofp\libg.a(lib_a-mlock.o)
                0x100054b8                __malloc_lock
 .text.__malloc_unlock
                0x100054c8       0x10 c:/users/lenovo/desktop/metropolia/bin/picosdkv1.5.0/gcc-arm-none-eabi/bin/../lib/gcc/arm-none-eabi/10.3.1/../../../../arm-none-eabi/lib/thumb/v6-m/nofp\libg.a(lib_a-mlock.o)
                0x100054c8                __malloc_unlock
 .text._sbrk_r  0x100054d8       0x24 c:/users/lenovo/desktop/metropolia/bin/picosdkv1.5.0/gcc-arm-none-eabi/bin/../lib/gcc/arm-none-eabi/10.3.1/../../../../arm-none-eabi/lib/thumb/v6-m/nofp\libg.a(lib_a-sbrkr.o)
                0x100054d8                _sbrk_r
 .text.strlen   0x100054fc       0x5c c:/users/lenovo/desktop/metropolia/bin/picosdkv1.5.0/gcc-arm-none-eabi/bin/../lib/gcc/arm-none-eabi/10.3.1/../../../../arm-none-eabi/lib/thumb/v6-m/nofp\libg.a(lib_a-strlen-stub.o)
                0x100054fc                strlen
 .text.two_way_long_needle
                0x10005558      0x288 c:/users/lenovo/desktop/metropolia/bin/picosdkv1.5.0/gcc-arm-none-eabi/bin/../lib/gcc/arm-none-eabi/10.3.1/../../../../arm-none-eabi/lib/thumb/v6-m/nofp\libg.a(lib_a-strstr.o)
 .text.strstr   0x100057e0      0x174 c:/users/lenovo/desktop/metropolia/bin/picosdkv1.5.0/gcc-arm-none-eabi/bin/../lib/gcc/arm-none-eabi/10.3.1/../../../../arm-none-eabi/lib/thumb/v6-m/nofp\libg.a(lib_a-strstr.o)
                0x100057e0                strstr
 .text._malloc_trim_r
                0x10005954       0x9c c:/users/lenovo/desktop/metropolia/bin/picosdkv1.5.0/gcc-arm-none-eabi/bin/../lib/gcc/arm-none-eabi/10.3.1/../../../../arm-none-eabi/lib/thumb/v6-m/nofp\libg.a(lib_a-freer.o)
                0x10005954                _malloc_trim_r
 .text._free_r  0x100059f0      0x1c4 c:/users/lenovo/desktop/metropolia/bin/picosdkv1.5.0/gcc-arm-none-eabi/bin/../lib/gcc/arm-none-eabi/10.3.1/../../../../arm-none-eabi/lib/thumb/v6-m/nofp\libg.a(lib_a-freer.o)
                0x100059f0                _free_r
 .text.__retarget_lock_acquire_recursive
                0x10005bb4        0x4 c:/users/lenovo/desktop/metropolia/bin/picosdkv1.5.0/gcc-arm-none-eabi/bin/../lib/gcc/arm-none-eabi/10.3.1/../../../../arm-none-eabi/lib/thumb/v6-m/nofp\libg.a(lib_a-lock.o)
                0x10005bb4                __retarget_lock_acquire_recursive
 .text.__retarget_lock_release_recursive
                0x10005bb8        0x4 c:/users/lenovo/desktop/metropolia/bin/picosdkv1.5.0/gcc-arm-none-eabi/bin/../lib/gcc/arm-none-eabi/10.3.1/../../../../arm-none-eabi/lib/thumb/v6-m/nofp\libg.a(lib_a-lock.o)
                0x10005bb8                __retarget_lock_release_recursive
 .text.strchr   0x10005bbc       0xc0 c:/users/lenovo/desktop/metropolia/bin/picosdkv1.5.0/gcc-arm-none-eabi/bin/../lib/gcc/arm-none-eabi/10.3.1/../../../../arm-none-eabi/lib/thumb/v6-m/nofp\libg.a(lib_a-strchr.o)
                0x10005bbc                strchr
 .text.strnlen  0x10005c7c       0x24 c:/users/lenovo/desktop/metropolia/bin/picosdkv1.5.0/gcc-arm-none-eabi/bin/../lib/gcc/arm-none-eabi/10.3.1/../../../../arm-none-eabi/lib/thumb/v6-m/nofp\libg.a(lib_a-strnlen.o)
                0x10005c7c                strnlen
 *(.fini)
 .fini          0x10005ca0        0x4 c:/users/lenovo/desktop/metropolia/bin/picosdkv1.5.0/gcc-arm-none-eabi/bin/../lib/gcc/arm-none-eabi/10.3.1/thumb/v6-m/nofp/crti.o
                0x10005ca0                _fini
 *fill*         0x10005ca4        0x4 
 .fini.__stub   0x10005ca8       0x40 linker stubs
 *crtbegin.o(.ctors)
 *crtbegin?.o(.ctors)
 *(EXCLUDE_FILE(*crtend.o *crtend?.o) .ctors)
 *(SORT_BY_NAME(.ctors.*))
 *(.ctors)
 *crtbegin.o(.dtors)
 *crtbegin?.o(.dtors)
 *(EXCLUDE_FILE(*crtend.o *crtend?.o) .dtors)
 *(SORT_BY_NAME(.dtors.*))
 *(.dtors)
                0x10005ce8                . = ALIGN (0x4)
                0x10005ce8                PROVIDE (__preinit_array_start = .)
 *(SORT_BY_NAME(.preinit_array.*))
 .preinit_array.00100
                0x10005ce8        0x4 CMakeFiles/PillDispenser.dir/C_/Users/Lenovo/Desktop/Metropolia/bin/PicoSDKv1.5.0/pico-sdk/src/rp2_common/pico_runtime_init/runtime_init.c.obj
                0x10005ce8                __pre_init_runtime_init_early_resets
 .preinit_array.00101
                0x10005cec        0x4 CMakeFiles/PillDispenser.dir/C_/Users/Lenovo/Desktop/Metropolia/bin/PicoSDKv1.5.0/pico-sdk/src/rp2_common/pico_runtime_init/runtime_init.c.obj
                0x10005cec                __pre_init_runtime_init_usb_power_down
 .preinit_array.00275
                0x10005cf0        0x4 CMakeFiles/PillDispenser.dir/C_/Users/Lenovo/Desktop/Metropolia/bin/PicoSDKv1.5.0/pico-sdk/src/rp2_common/pico_bit_ops/bit_ops_aeabi.S.obj
 .preinit_array.00300
                0x10005cf4        0x4 CMakeFiles/PillDispenser.dir/C_/Users/Lenovo/Desktop/Metropolia/bin/PicoSDKv1.5.0/pico-sdk/src/rp2_common/pico_mem_ops/mem_ops_aeabi.S.obj
 .preinit_array.00350
                0x10005cf8        0x4 CMakeFiles/PillDispenser.dir/C_/Users/Lenovo/Desktop/Metropolia/bin/PicoSDKv1.5.0/pico-sdk/src/rp2_common/pico_double/double_aeabi_rp2040.S.obj
 .preinit_array.00350
                0x10005cfc        0x4 CMakeFiles/PillDispenser.dir/C_/Users/Lenovo/Desktop/Metropolia/bin/PicoSDKv1.5.0/pico-sdk/src/rp2_common/pico_float/float_aeabi_rp2040.S.obj
 .preinit_array.00500
                0x10005d00        0x4 CMakeFiles/PillDispenser.dir/C_/Users/Lenovo/Desktop/Metropolia/bin/PicoSDKv1.5.0/pico-sdk/src/rp2_common/pico_runtime_init/runtime_init.c.obj
                0x10005d00                __pre_init_runtime_init_clocks
 .preinit_array.00600
                0x10005d04        0x4 CMakeFiles/PillDispenser.dir/C_/Users/Lenovo/Desktop/Metropolia/bin/PicoSDKv1.5.0/pico-sdk/src/rp2_common/pico_runtime_init/runtime_init.c.obj
                0x10005d04                __pre_init_runtime_init_post_clock_resets
 .preinit_array.00700
                0x10005d08        0x4 CMakeFiles/PillDispenser.dir/C_/Users/Lenovo/Desktop/Metropolia/bin/PicoSDKv1.5.0/pico-sdk/src/rp2_common/pico_runtime_init/runtime_init.c.obj
                0x10005d08                __pre_init_runtime_init_rp2040_gpio_ie_disable
 .preinit_array.01000
                0x10005d0c        0x4 CMakeFiles/PillDispenser.dir/C_/Users/Lenovo/Desktop/Metropolia/bin/PicoSDKv1.5.0/pico-sdk/src/rp2_common/pico_runtime_init/runtime_init.c.obj
                0x10005d0c                __pre_init_runtime_init_spin_locks_reset
 .preinit_array.01100
                0x10005d10        0x4 CMakeFiles/PillDispenser.dir/C_/Users/Lenovo/Desktop/Metropolia/bin/PicoSDKv1.5.0/pico-sdk/src/common/pico_sync/mutex.c.obj
                0x10005d10                __pre_init_runtime_init_mutex
 .preinit_array.10080
                0x10005d14        0x4 CMakeFiles/PillDispenser.dir/C_/Users/Lenovo/Desktop/Metropolia/bin/PicoSDKv1.5.0/pico-sdk/src/rp2_common/pico_runtime_init/runtime_init.c.obj
                0x10005d14                __pre_init_runtime_init_install_ram_vector_table
 .preinit_array.11000
                0x10005d18        0x4 CMakeFiles/PillDispenser.dir/C_/Users/Lenovo/Desktop/Metropolia/bin/PicoSDKv1.5.0/pico-sdk/src/common/pico_time/time.c.obj
                0x10005d18                __pre_init_runtime_init_default_alarm_pool
 .preinit_array.YYYYY
                0x10005d1c        0x4 CMakeFiles/PillDispenser.dir/C_/Users/Lenovo/Desktop/Metropolia/bin/PicoSDKv1.5.0/pico-sdk/src/rp2_common/pico_runtime/runtime.c.obj
                0x10005d1c                __pre_init_first_per_core_initializer
 .preinit_array.ZZZZZ.01200
                0x10005d20        0x4 CMakeFiles/PillDispenser.dir/C_/Users/Lenovo/Desktop/Metropolia/bin/PicoSDKv1.5.0/pico-sdk/src/rp2_common/hardware_irq/irq.c.obj
                0x10005d20                __pre_init_runtime_init_per_core_irq_priorities
 *(.preinit_array)
                0x10005d24                PROVIDE (__preinit_array_end = .)
                0x10005d24                . = ALIGN (0x4)
                0x10005d24                PROVIDE (__init_array_start = .)
 *(SORT_BY_NAME(.init_array.*))
 *(.init_array)
 .init_array    0x10005d24        0x4 c:/users/lenovo/desktop/metropolia/bin/picosdkv1.5.0/gcc-arm-none-eabi/bin/../lib/gcc/arm-none-eabi/10.3.1/thumb/v6-m/nofp/crtbegin.o
                0x10005d28                PROVIDE (__init_array_end = .)
                0x10005d28                . = ALIGN (0x4)
                [!provide]                PROVIDE (__fini_array_start = .)
 *(SORT_BY_NAME(.fini_array.*))
 *(.fini_array)
                [!provide]                PROVIDE (__fini_array_end = .)
 *(.eh_frame*)
 .eh_frame      0x10005d28        0x0 c:/users/lenovo/desktop/metropolia/bin/picosdkv1.5.0/gcc-arm-none-eabi/bin/../lib/gcc/arm-none-eabi/10.3.1/thumb/v6-m/nofp/crtbegin.o
                0x10005d28                . = ALIGN (0x4)

.glue_7         0x10005d28        0x0
 .glue_7        0x10005d28        0x0 linker stubs

.glue_7t        0x10005d28        0x0
 .glue_7t       0x10005d28        0x0 linker stubs

.vfp11_veneer   0x10005d28        0x0
 .vfp11_veneer  0x10005d28        0x0 linker stubs

.v4_bx          0x10005d28        0x0
 .v4_bx         0x10005d28        0x0 linker stubs

.iplt           0x10005d28        0x0
 .iplt          0x10005d28        0x0 c:/users/lenovo/desktop/metropolia/bin/picosdkv1.5.0/gcc-arm-none-eabi/bin/../lib/gcc/arm-none-eabi/10.3.1/thumb/v6-m/nofp/crtbegin.o

.rodata         0x10005d28     0x14f0
 *(EXCLUDE_FILE(*libm.a: *libc.a:*lib_a-mem*.o *libgcc.a:) .rodata*)
 .rodata.check_power_cut.str1.4
                0x10005d28      0x12b CMakeFiles/PillDispenser.dir/main.c.obj
 *fill*         0x10005e53        0x1 
 .rodata.main.str1.4
                0x10005e54      0x180 CMakeFiles/PillDispenser.dir/main.c.obj
 .rodata.half_stepping
                0x10005fd4       0x80 CMakeFiles/PillDispenser.dir/main.c.obj
 .rodata.print_eeprom_logs.str1.4
                0x10006054       0x4c CMakeFiles/PillDispenser.dir/eeprom_log.c.obj
 .rodata.write_log_message.str1.4
                0x100060a0       0x3a CMakeFiles/PillDispenser.dir/eeprom_log.c.obj
 *fill*         0x100060da        0x2 
 .rodata.str1.4
                0x100060dc      0x134 CMakeFiles/PillDispenser.dir/lora_connect.c.obj
 .rodata.send_message_to_lora.str1.4
                0x10006210       0x77 CMakeFiles/PillDispenser.dir/lora_connect.c.obj
 *fill*         0x10006287        0x1 
 .rodata.initialize_lora.str1.4
                0x10006288       0x31 CMakeFiles/PillDispenser.dir/lora_connect.c.obj
 *fill*         0x100062b9        0x3 
 .rodata.join_lora.str1.4
                0x100062bc       0xe2 CMakeFiles/PillDispenser.dir/lora_connect.c.obj
 *fill*         0x1000639e        0x2 
 .rodata.setup_lora.str1.4
                0x100063a0       0x97 CMakeFiles/PillDispenser.dir/lora_connect.c.obj
 *fill*         0x10006437        0x1 
 .rodata        0x10006438       0x38 CMakeFiles/PillDispenser.dir/lora_connect.c.obj
 .rodata.gpio_add_raw_irq_handler_with_order_priority_masked.str1.4
                0x10006470       0x8e CMakeFiles/PillDispenser.dir/C_/Users/Lenovo/Desktop/Metropolia/bin/PicoSDKv1.5.0/pico-sdk/src/rp2_common/hardware_gpio/gpio.c.obj
 *fill*         0x100064fe        0x2 
 .rodata.gpio_set_irq_enabled.str1.4
                0x10006500       0x57 CMakeFiles/PillDispenser.dir/C_/Users/Lenovo/Desktop/Metropolia/bin/PicoSDKv1.5.0/pico-sdk/src/rp2_common/hardware_gpio/gpio.c.obj
 *fill*         0x10006557        0x1 
 .rodata.__func__.4
                0x10006558       0x15 CMakeFiles/PillDispenser.dir/C_/Users/Lenovo/Desktop/Metropolia/bin/PicoSDKv1.5.0/pico-sdk/src/rp2_common/hardware_gpio/gpio.c.obj
 *fill*         0x1000656d        0x3 
 .rodata.panic.str1.4
                0x10006570       0x10 CMakeFiles/PillDispenser.dir/C_/Users/Lenovo/Desktop/Metropolia/bin/PicoSDKv1.5.0/pico-sdk/src/rp2_common/pico_platform_panic/panic.c.obj
                                 0x12 (size before relaxing)
 .rodata.make_j_16.str1.4
                0x10006580       0x90 CMakeFiles/PillDispenser.dir/C_/Users/Lenovo/Desktop/Metropolia/bin/PicoSDKv1.5.0/pico-sdk/src/rp2_common/hardware_irq/irq.c.obj
 .rodata.insert_bl_32.str1.4
                0x10006610       0x10 CMakeFiles/PillDispenser.dir/C_/Users/Lenovo/Desktop/Metropolia/bin/PicoSDKv1.5.0/pico-sdk/src/rp2_common/hardware_irq/irq.c.obj
 .rodata.irq_set_exclusive_handler.str1.4
                0x10006620       0x36 CMakeFiles/PillDispenser.dir/C_/Users/Lenovo/Desktop/Metropolia/bin/PicoSDKv1.5.0/pico-sdk/src/rp2_common/hardware_irq/irq.c.obj
 *fill*         0x10006656        0x2 
 .rodata.irq_add_shared_handler.str1.4
                0x10006658       0xe9 CMakeFiles/PillDispenser.dir/C_/Users/Lenovo/Desktop/Metropolia/bin/PicoSDKv1.5.0/pico-sdk/src/rp2_common/hardware_irq/irq.c.obj
 *fill*         0x10006741        0x3 
 .rodata.irq_remove_handler.str1.4
                0x10006744       0x3a CMakeFiles/PillDispenser.dir/C_/Users/Lenovo/Desktop/Metropolia/bin/PicoSDKv1.5.0/pico-sdk/src/rp2_common/hardware_irq/irq.c.obj
 *fill*         0x1000677e        0x2 
 .rodata.irq_add_tail_to_free_list.str1.4
                0x10006780       0x3a CMakeFiles/PillDispenser.dir/C_/Users/Lenovo/Desktop/Metropolia/bin/PicoSDKv1.5.0/pico-sdk/src/rp2_common/hardware_irq/irq.c.obj
 *fill*         0x100067ba        0x2 
 .rodata.__func__.0
                0x100067bc       0x1a CMakeFiles/PillDispenser.dir/C_/Users/Lenovo/Desktop/Metropolia/bin/PicoSDKv1.5.0/pico-sdk/src/rp2_common/hardware_irq/irq.c.obj
 *fill*         0x100067d6        0x2 
 .rodata.__func__.1
                0x100067d8        0xd CMakeFiles/PillDispenser.dir/C_/Users/Lenovo/Desktop/Metropolia/bin/PicoSDKv1.5.0/pico-sdk/src/rp2_common/hardware_irq/irq.c.obj
 *fill*         0x100067e5        0x3 
 .rodata.__func__.2
                0x100067e8       0x13 CMakeFiles/PillDispenser.dir/C_/Users/Lenovo/Desktop/Metropolia/bin/PicoSDKv1.5.0/pico-sdk/src/rp2_common/hardware_irq/irq.c.obj
 *fill*         0x100067fb        0x1 
 .rodata.__func__.3
                0x100067fc        0xa CMakeFiles/PillDispenser.dir/C_/Users/Lenovo/Desktop/Metropolia/bin/PicoSDKv1.5.0/pico-sdk/src/rp2_common/hardware_irq/irq.c.obj
 *fill*         0x10006806        0x2 
 .rodata.__func__.4
                0x10006808        0xd CMakeFiles/PillDispenser.dir/C_/Users/Lenovo/Desktop/Metropolia/bin/PicoSDKv1.5.0/pico-sdk/src/rp2_common/hardware_irq/irq.c.obj
 *fill*         0x10006815        0x3 
 .rodata.__func__.5
                0x10006818       0x17 CMakeFiles/PillDispenser.dir/C_/Users/Lenovo/Desktop/Metropolia/bin/PicoSDKv1.5.0/pico-sdk/src/rp2_common/hardware_irq/irq.c.obj
 *fill*         0x1000682f        0x1 
 .rodata.__func__.6
                0x10006830       0x1a CMakeFiles/PillDispenser.dir/C_/Users/Lenovo/Desktop/Metropolia/bin/PicoSDKv1.5.0/pico-sdk/src/rp2_common/hardware_irq/irq.c.obj
 *fill*         0x1000684a        0x2 
 .rodata.runtime_init_mutex.str1.4
                0x1000684c       0x7b CMakeFiles/PillDispenser.dir/C_/Users/Lenovo/Desktop/Metropolia/bin/PicoSDKv1.5.0/pico-sdk/src/common/pico_sync/mutex.c.obj
 *fill*         0x100068c7        0x1 
 .rodata.str1.4
                0x100068c8       0x51 CMakeFiles/PillDispenser.dir/C_/Users/Lenovo/Desktop/Metropolia/bin/PicoSDKv1.5.0/pico-sdk/src/common/pico_sync/mutex.c.obj
 *fill*         0x10006919        0x3 
 .rodata.__func__.1
                0x1000691c        0xb CMakeFiles/PillDispenser.dir/C_/Users/Lenovo/Desktop/Metropolia/bin/PicoSDKv1.5.0/pico-sdk/src/common/pico_sync/mutex.c.obj
 *fill*         0x10006927        0x1 
 .rodata.__func__.3
                0x10006928       0x18 CMakeFiles/PillDispenser.dir/C_/Users/Lenovo/Desktop/Metropolia/bin/PicoSDKv1.5.0/pico-sdk/src/common/pico_sync/mutex.c.obj
 .rodata.__func__.6
                0x10006940       0x13 CMakeFiles/PillDispenser.dir/C_/Users/Lenovo/Desktop/Metropolia/bin/PicoSDKv1.5.0/pico-sdk/src/common/pico_sync/mutex.c.obj
 *fill*         0x10006953        0x1 
 .rodata.alarm_pool_irq_handler.str1.4
                0x10006954       0x86 CMakeFiles/PillDispenser.dir/C_/Users/Lenovo/Desktop/Metropolia/bin/PicoSDKv1.5.0/pico-sdk/src/common/pico_time/time.c.obj
 *fill*         0x100069da        0x2 
 .rodata.alarm_pool_get_default.str1.4
                0x100069dc       0x21 CMakeFiles/PillDispenser.dir/C_/Users/Lenovo/Desktop/Metropolia/bin/PicoSDKv1.5.0/pico-sdk/src/common/pico_time/time.c.obj
 *fill*         0x100069fd        0x3 
 .rodata.sleep_until.str1.4
                0x10006a00       0x4d CMakeFiles/PillDispenser.dir/C_/Users/Lenovo/Desktop/Metropolia/bin/PicoSDKv1.5.0/pico-sdk/src/common/pico_time/time.c.obj
 *fill*         0x10006a4d        0x3 
 .rodata.__func__.1
                0x10006a50       0x17 CMakeFiles/PillDispenser.dir/C_/Users/Lenovo/Desktop/Metropolia/bin/PicoSDKv1.5.0/pico-sdk/src/common/pico_time/time.c.obj
 *fill*         0x10006a67        0x1 
 .rodata.__func__.2
                0x10006a68       0x17 CMakeFiles/PillDispenser.dir/C_/Users/Lenovo/Desktop/Metropolia/bin/PicoSDKv1.5.0/pico-sdk/src/common/pico_time/time.c.obj
 *fill*         0x10006a7f        0x1 
 .rodata.timer_hardware_alarm_claim.str1.4
                0x10006a80       0x22 CMakeFiles/PillDispenser.dir/C_/Users/Lenovo/Desktop/Metropolia/bin/PicoSDKv1.5.0/pico-sdk/src/rp2_common/hardware_timer/timer.c.obj
 *fill*         0x10006aa2        0x2 
 .rodata.queue_remove_internal.str1.4
                0x10006aa4       0x77 CMakeFiles/PillDispenser.dir/C_/Users/Lenovo/Desktop/Metropolia/bin/PicoSDKv1.5.0/pico-sdk/src/common/pico_util/queue.c.obj
 *fill*         0x10006b1b        0x1 
 .rodata.__func__.0
                0x10006b1c        0xc CMakeFiles/PillDispenser.dir/C_/Users/Lenovo/Desktop/Metropolia/bin/PicoSDKv1.5.0/pico-sdk/src/common/pico_util/queue.c.obj
 .rodata.pll_init.str1.4
                0x10006b28      0x134 CMakeFiles/PillDispenser.dir/C_/Users/Lenovo/Desktop/Metropolia/bin/PicoSDKv1.5.0/pico-sdk/src/rp2_common/hardware_pll/pll.c.obj
 .rodata.__func__.0
                0x10006c5c        0x9 CMakeFiles/PillDispenser.dir/C_/Users/Lenovo/Desktop/Metropolia/bin/PicoSDKv1.5.0/pico-sdk/src/rp2_common/hardware_pll/pll.c.obj
 *fill*         0x10006c65        0x3 
 .rodata.missing_double_func_shim.str1.4
                0x10006c68       0x18 CMakeFiles/PillDispenser.dir/C_/Users/Lenovo/Desktop/Metropolia/bin/PicoSDKv1.5.0/pico-sdk/src/rp2_common/pico_double/double_init_rom_rp2040.c.obj
 .rodata.__aeabi_double_init.str1.4
                0x10006c80       0xb6 CMakeFiles/PillDispenser.dir/C_/Users/Lenovo/Desktop/Metropolia/bin/PicoSDKv1.5.0/pico-sdk/src/rp2_common/pico_double/double_init_rom_rp2040.c.obj
 *fill*         0x10006d36        0x2 
 .rodata.__func__.0
                0x10006d38       0x14 CMakeFiles/PillDispenser.dir/C_/Users/Lenovo/Desktop/Metropolia/bin/PicoSDKv1.5.0/pico-sdk/src/rp2_common/pico_double/double_init_rom_rp2040.c.obj
 .rodata.missing_float_func_shim.str1.4
                0x10006d4c       0xb6 CMakeFiles/PillDispenser.dir/C_/Users/Lenovo/Desktop/Metropolia/bin/PicoSDKv1.5.0/pico-sdk/src/rp2_common/pico_float/float_init_rom_rp2040.c.obj
                                  0x1 (size before relaxing)
 .rodata.__aeabi_float_init.str1.4
                0x10006d4c       0xa4 CMakeFiles/PillDispenser.dir/C_/Users/Lenovo/Desktop/Metropolia/bin/PicoSDKv1.5.0/pico-sdk/src/rp2_common/pico_float/float_init_rom_rp2040.c.obj
 .rodata.__func__.0
                0x10006df0       0x13 CMakeFiles/PillDispenser.dir/C_/Users/Lenovo/Desktop/Metropolia/bin/PicoSDKv1.5.0/pico-sdk/src/rp2_common/pico_float/float_init_rom_rp2040.c.obj
 *fill*         0x10006e03        0x1 
 .rodata.__wrap_malloc.str1.4
                0x10006e04        0xe CMakeFiles/PillDispenser.dir/C_/Users/Lenovo/Desktop/Metropolia/bin/PicoSDKv1.5.0/pico-sdk/src/rp2_common/pico_malloc/malloc.c.obj
 *fill*         0x10006e12        0x2 
 .rodata.str1.4
                0x10006e14       0x44 CMakeFiles/PillDispenser.dir/C_/Users/Lenovo/Desktop/Metropolia/bin/PicoSDKv1.5.0/pico-sdk/src/rp2_common/pico_standard_binary_info/standard_binary_info.c.obj
 .rodata.__bi_26
                0x10006e58        0xc CMakeFiles/PillDispenser.dir/C_/Users/Lenovo/Desktop/Metropolia/bin/PicoSDKv1.5.0/pico-sdk/src/rp2_common/pico_standard_binary_info/standard_binary_info.c.obj
 .rodata.__bi_34
                0x10006e64        0xc CMakeFiles/PillDispenser.dir/C_/Users/Lenovo/Desktop/Metropolia/bin/PicoSDKv1.5.0/pico-sdk/src/rp2_common/pico_standard_binary_info/standard_binary_info.c.obj
 .rodata.__bi_42
                0x10006e70        0xc CMakeFiles/PillDispenser.dir/C_/Users/Lenovo/Desktop/Metropolia/bin/PicoSDKv1.5.0/pico-sdk/src/rp2_common/pico_standard_binary_info/standard_binary_info.c.obj
 .rodata.__bi_48
                0x10006e7c        0xc CMakeFiles/PillDispenser.dir/C_/Users/Lenovo/Desktop/Metropolia/bin/PicoSDKv1.5.0/pico-sdk/src/rp2_common/pico_standard_binary_info/standard_binary_info.c.obj
 .rodata.__bi_54
                0x10006e88        0xc CMakeFiles/PillDispenser.dir/C_/Users/Lenovo/Desktop/Metropolia/bin/PicoSDKv1.5.0/pico-sdk/src/rp2_common/pico_standard_binary_info/standard_binary_info.c.obj
 .rodata.__bi_78
                0x10006e94        0xc CMakeFiles/PillDispenser.dir/C_/Users/Lenovo/Desktop/Metropolia/bin/PicoSDKv1.5.0/pico-sdk/src/rp2_common/pico_standard_binary_info/standard_binary_info.c.obj
 .rodata.__bi_84
                0x10006ea0        0xc CMakeFiles/PillDispenser.dir/C_/Users/Lenovo/Desktop/Metropolia/bin/PicoSDKv1.5.0/pico-sdk/src/rp2_common/pico_standard_binary_info/standard_binary_info.c.obj
 .rodata._ftoa.str1.4
                0x10006eac       0x15 CMakeFiles/PillDispenser.dir/C_/Users/Lenovo/Desktop/Metropolia/bin/PicoSDKv1.5.0/pico-sdk/src/rp2_common/pico_printf/printf.c.obj
 *fill*         0x10006ec1        0x3 
 .rodata._vsnprintf
                0x10006ec4      0x1e0 CMakeFiles/PillDispenser.dir/C_/Users/Lenovo/Desktop/Metropolia/bin/PicoSDKv1.5.0/pico-sdk/src/rp2_common/pico_printf/printf.c.obj
 *fill*         0x100070a4        0x4 
 .rodata.pow10.0
                0x100070a8       0x50 CMakeFiles/PillDispenser.dir/C_/Users/Lenovo/Desktop/Metropolia/bin/PicoSDKv1.5.0/pico-sdk/src/rp2_common/pico_printf/printf.c.obj
 .rodata.__assert_func.str1.4
                0x100070f8       0x3f CMakeFiles/PillDispenser.dir/C_/Users/Lenovo/Desktop/Metropolia/bin/PicoSDKv1.5.0/pico-sdk/src/rp2_common/pico_clib_interface/newlib_interface.c.obj
                                 0x43 (size before relaxing)
 *fill*         0x10007137        0x1 
 .rodata.crlf_str.0
                0x10007138        0x2 CMakeFiles/PillDispenser.dir/C_/Users/Lenovo/Desktop/Metropolia/bin/PicoSDKv1.5.0/pico-sdk/src/rp2_common/pico_stdio/stdio.c.obj
 *fill*         0x1000713a        0x2 
 .rodata.str1.4
                0x1000713c       0x2c CMakeFiles/PillDispenser.dir/C_/Users/Lenovo/Desktop/Metropolia/bin/PicoSDKv1.5.0/pico-sdk/src/rp2_common/pico_stdio_uart/stdio_uart.c.obj
 .rodata.__bi_45.4
                0x10007168        0xc CMakeFiles/PillDispenser.dir/C_/Users/Lenovo/Desktop/Metropolia/bin/PicoSDKv1.5.0/pico-sdk/src/rp2_common/pico_stdio_uart/stdio_uart.c.obj
 .rodata.__bi_49.5
                0x10007174        0x8 CMakeFiles/PillDispenser.dir/C_/Users/Lenovo/Desktop/Metropolia/bin/PicoSDKv1.5.0/pico-sdk/src/rp2_common/pico_stdio_uart/stdio_uart.c.obj
 .rodata.__bi_50.6
                0x1000717c        0x8 CMakeFiles/PillDispenser.dir/C_/Users/Lenovo/Desktop/Metropolia/bin/PicoSDKv1.5.0/pico-sdk/src/rp2_common/pico_stdio_uart/stdio_uart.c.obj
 .rodata.i2c_set_baudrate.str1.4
                0x10007184       0x80 CMakeFiles/PillDispenser.dir/C_/Users/Lenovo/Desktop/Metropolia/bin/PicoSDKv1.5.0/pico-sdk/src/rp2_common/hardware_i2c/i2c.c.obj
 .rodata.__func__.0
                0x10007204       0x11 CMakeFiles/PillDispenser.dir/C_/Users/Lenovo/Desktop/Metropolia/bin/PicoSDKv1.5.0/pico-sdk/src/rp2_common/hardware_i2c/i2c.c.obj
                0x10007218                . = ALIGN (0x4)
 *fill*         0x10007215        0x3 
 *(SORT_BY_ALIGNMENT(SORT_BY_NAME(.flashdata*)))
                0x10007218                . = ALIGN (0x4)

.ARM.extab
 *(.ARM.extab* .gnu.linkonce.armextab.*)
                0x10007218                __exidx_start = .

.ARM.exidx
 *(.ARM.exidx* .gnu.linkonce.armexidx.*)
                0x10007218                __exidx_end = .
                0x10007218                . = ALIGN (0x4)
                0x10007218                __binary_info_start = .

.binary_info    0x10007218       0x28
 *(.binary_info.keep.*)
 .binary_info.keep.__bi_ptr26
                0x10007218        0x4 CMakeFiles/PillDispenser.dir/C_/Users/Lenovo/Desktop/Metropolia/bin/PicoSDKv1.5.0/pico-sdk/src/rp2_common/pico_standard_binary_info/standard_binary_info.c.obj
 .binary_info.keep.__bi_ptr34
                0x1000721c        0x4 CMakeFiles/PillDispenser.dir/C_/Users/Lenovo/Desktop/Metropolia/bin/PicoSDKv1.5.0/pico-sdk/src/rp2_common/pico_standard_binary_info/standard_binary_info.c.obj
 .binary_info.keep.__bi_ptr42
                0x10007220        0x4 CMakeFiles/PillDispenser.dir/C_/Users/Lenovo/Desktop/Metropolia/bin/PicoSDKv1.5.0/pico-sdk/src/rp2_common/pico_standard_binary_info/standard_binary_info.c.obj
 .binary_info.keep.__bi_ptr48
                0x10007224        0x4 CMakeFiles/PillDispenser.dir/C_/Users/Lenovo/Desktop/Metropolia/bin/PicoSDKv1.5.0/pico-sdk/src/rp2_common/pico_standard_binary_info/standard_binary_info.c.obj
 .binary_info.keep.__bi_ptr54
                0x10007228        0x4 CMakeFiles/PillDispenser.dir/C_/Users/Lenovo/Desktop/Metropolia/bin/PicoSDKv1.5.0/pico-sdk/src/rp2_common/pico_standard_binary_info/standard_binary_info.c.obj
 .binary_info.keep.__bi_ptr78
                0x1000722c        0x4 CMakeFiles/PillDispenser.dir/C_/Users/Lenovo/Desktop/Metropolia/bin/PicoSDKv1.5.0/pico-sdk/src/rp2_common/pico_standard_binary_info/standard_binary_info.c.obj
 .binary_info.keep.__bi_ptr84
                0x10007230        0x4 CMakeFiles/PillDispenser.dir/C_/Users/Lenovo/Desktop/Metropolia/bin/PicoSDKv1.5.0/pico-sdk/src/rp2_common/pico_standard_binary_info/standard_binary_info.c.obj
 *(.binary_info.*)
 .binary_info.__bi_ptr45
                0x10007234        0x4 CMakeFiles/PillDispenser.dir/C_/Users/Lenovo/Desktop/Metropolia/bin/PicoSDKv1.5.0/pico-sdk/src/rp2_common/pico_stdio_uart/stdio_uart.c.obj
 .binary_info.__bi_ptr49
                0x10007238        0x4 CMakeFiles/PillDispenser.dir/C_/Users/Lenovo/Desktop/Metropolia/bin/PicoSDKv1.5.0/pico-sdk/src/rp2_common/pico_stdio_uart/stdio_uart.c.obj
 .binary_info.__bi_ptr50
                0x1000723c        0x4 CMakeFiles/PillDispenser.dir/C_/Users/Lenovo/Desktop/Metropolia/bin/PicoSDKv1.5.0/pico-sdk/src/rp2_common/pico_stdio_uart/stdio_uart.c.obj
                0x10007240                __binary_info_end = .

.rel.dyn        0x10007240        0x0
 .rel.iplt      0x10007240        0x0 c:/users/lenovo/desktop/metropolia/bin/picosdkv1.5.0/gcc-arm-none-eabi/bin/../lib/gcc/arm-none-eabi/10.3.1/thumb/v6-m/nofp/crtbegin.o
                0x10007240                . = ALIGN (0x4)

.ram_vector_table
                0x20000000       0xc0
 *(.ram_vector_table)
 .ram_vector_table
                0x20000000       0xc0 CMakeFiles/PillDispenser.dir/C_/Users/Lenovo/Desktop/Metropolia/bin/PicoSDKv1.5.0/pico-sdk/src/rp2_common/pico_runtime_init/runtime_init.c.obj
                0x20000000                ram_vector_table

.uninitialized_data
                0x200000c0        0x0
                0x200000c0                . = ALIGN (0x4)
 *(.uninitialized_data*)

.data           0x200000c0      0xa68 load address 0x10007240
                0x200000c0                __data_start__ = .
 *(vtable)
 *(.time_critical*)
 .time_critical.mutex_try_enter
                0x200000c0       0x46 CMakeFiles/PillDispenser.dir/C_/Users/Lenovo/Desktop/Metropolia/bin/PicoSDKv1.5.0/pico-sdk/src/common/pico_sync/mutex.c.obj
                0x200000c0                mutex_try_enter
 *fill*         0x20000106        0x2 
 .time_critical.mutex_enter_block_until
                0x20000108       0x8c CMakeFiles/PillDispenser.dir/C_/Users/Lenovo/Desktop/Metropolia/bin/PicoSDKv1.5.0/pico-sdk/src/common/pico_sync/mutex.c.obj
                0x20000108                mutex_enter_block_until
 .time_critical.mutex_try_enter_block_until
                0x20000194       0x34 CMakeFiles/PillDispenser.dir/C_/Users/Lenovo/Desktop/Metropolia/bin/PicoSDKv1.5.0/pico-sdk/src/common/pico_sync/mutex.c.obj
                0x20000194                mutex_try_enter_block_until
 .time_critical.mutex_exit
                0x200001c8       0x4c CMakeFiles/PillDispenser.dir/C_/Users/Lenovo/Desktop/Metropolia/bin/PicoSDKv1.5.0/pico-sdk/src/common/pico_sync/mutex.c.obj
                0x200001c8                mutex_exit
 *(.text*)
 .text          0x20000214        0x4 c:/users/lenovo/desktop/metropolia/bin/picosdkv1.5.0/gcc-arm-none-eabi/bin/../lib/gcc/arm-none-eabi/10.3.1/thumb/v6-m/nofp\libgcc.a(_dvmd_tls.o)
                0x20000214                __aeabi_idiv0
                0x20000214                __aeabi_ldiv0
 .text.__stub   0x20000218       0x20 linker stubs
                0x20000238                . = ALIGN (0x4)
 *(.rodata*)
                0x20000238                . = ALIGN (0x4)
 *(.data*)
 .data.striped_spin_lock_num
                0x20000238        0x1 CMakeFiles/PillDispenser.dir/C_/Users/Lenovo/Desktop/Metropolia/bin/PicoSDKv1.5.0/pico-sdk/src/rp2_common/hardware_sync/sync.c.obj
 *fill*         0x20000239        0x3 
 .data          0x2000023c       0x48 CMakeFiles/PillDispenser.dir/C_/Users/Lenovo/Desktop/Metropolia/bin/PicoSDKv1.5.0/pico-sdk/src/rp2_common/hardware_irq/irq_handler_chain.S.obj
                0x2000023c                irq_handler_chain_slots
                0x2000026c                irq_handler_chain_first_slot
                0x20000276                irq_handler_chain_remove_tail
 .data.default_alarm_pool
                0x20000284       0x18 CMakeFiles/PillDispenser.dir/C_/Users/Lenovo/Desktop/Metropolia/bin/PicoSDKv1.5.0/pico-sdk/src/common/pico_time/time.c.obj
 *fill*         0x2000029c        0x4 
 .data.aeabi_bits_funcs
                0x200002a0       0x10 CMakeFiles/PillDispenser.dir/C_/Users/Lenovo/Desktop/Metropolia/bin/PicoSDKv1.5.0/pico-sdk/src/rp2_common/pico_bit_ops/bit_ops_aeabi.S.obj
                0x200002a0                aeabi_bits_funcs
                0x200002b0                aeabi_bits_funcs_end
 .data.aeabi_mem_funcs
                0x200002b0       0x10 CMakeFiles/PillDispenser.dir/C_/Users/Lenovo/Desktop/Metropolia/bin/PicoSDKv1.5.0/pico-sdk/src/rp2_common/pico_mem_ops/mem_ops_aeabi.S.obj
                0x200002b0                aeabi_mem_funcs
                0x200002c0                aeabi_mem_funcs_end
 .data.stdio_uart
                0x200002c0       0x18 CMakeFiles/PillDispenser.dir/C_/Users/Lenovo/Desktop/Metropolia/bin/PicoSDKv1.5.0/pico-sdk/src/rp2_common/pico_stdio_uart/stdio_uart.c.obj
                0x200002c0                stdio_uart
 .data.i2c0_inst
                0x200002d8        0x8 CMakeFiles/PillDispenser.dir/C_/Users/Lenovo/Desktop/Metropolia/bin/PicoSDKv1.5.0/pico-sdk/src/rp2_common/hardware_i2c/i2c.c.obj
                0x200002d8                i2c0_inst
 .data._impure_ptr
                0x200002e0        0x4 c:/users/lenovo/desktop/metropolia/bin/picosdkv1.5.0/gcc-arm-none-eabi/bin/../lib/gcc/arm-none-eabi/10.3.1/../../../../arm-none-eabi/lib/thumb/v6-m/nofp\libg.a(lib_a-impure.o)
                0x200002e0                _impure_ptr
 *fill*         0x200002e4        0x4 
 .data.impure_data
                0x200002e8      0x428 c:/users/lenovo/desktop/metropolia/bin/picosdkv1.5.0/gcc-arm-none-eabi/bin/../lib/gcc/arm-none-eabi/10.3.1/../../../../arm-none-eabi/lib/thumb/v6-m/nofp\libg.a(lib_a-impure.o)
 .data.__malloc_av_
                0x20000710      0x408 c:/users/lenovo/desktop/metropolia/bin/picosdkv1.5.0/gcc-arm-none-eabi/bin/../lib/gcc/arm-none-eabi/10.3.1/../../../../arm-none-eabi/lib/thumb/v6-m/nofp\libg.a(lib_a-mallocr.o)
                0x20000710                __malloc_av_
 .data.__malloc_sbrk_base
                0x20000b18        0x4 c:/users/lenovo/desktop/metropolia/bin/picosdkv1.5.0/gcc-arm-none-eabi/bin/../lib/gcc/arm-none-eabi/10.3.1/../../../../arm-none-eabi/lib/thumb/v6-m/nofp\libg.a(lib_a-mallocr.o)
                0x20000b18                __malloc_sbrk_base
 .data.__malloc_trim_threshold
                0x20000b1c        0x4 c:/users/lenovo/desktop/metropolia/bin/picosdkv1.5.0/gcc-arm-none-eabi/bin/../lib/gcc/arm-none-eabi/10.3.1/../../../../arm-none-eabi/lib/thumb/v6-m/nofp\libg.a(lib_a-mallocr.o)
                0x20000b1c                __malloc_trim_threshold
                0x20000b20                . = ALIGN (0x4)
 *(.after_data.*)
                0x20000b20                . = ALIGN (0x4)
                0x20000b20                PROVIDE (__mutex_array_start = .)
 *(SORT_BY_NAME(.mutex_array.*))
 *(.mutex_array)
 .mutex_array   0x20000b20        0x8 CMakeFiles/PillDispenser.dir/C_/Users/Lenovo/Desktop/Metropolia/bin/PicoSDKv1.5.0/pico-sdk/src/rp2_common/pico_stdio/stdio.c.obj
                0x20000b28                PROVIDE (__mutex_array_end = .)
                0x20000b28                . = ALIGN (0x4)
 *(.jcr)
                0x20000b28                . = ALIGN (0x4)

.igot.plt       0x20000b28        0x0 load address 0x10007ca8
 .igot.plt      0x20000b28        0x0 c:/users/lenovo/desktop/metropolia/bin/picosdkv1.5.0/gcc-arm-none-eabi/bin/../lib/gcc/arm-none-eabi/10.3.1/thumb/v6-m/nofp/crtbegin.o

.tdata          0x20000b28        0x0 load address 0x10007ca8
                0x20000b28                . = ALIGN (0x4)
 *(.tdata .tdata.* .gnu.linkonce.td.*)
                0x20000b28                __tdata_end = .
                0x20000b28                PROVIDE (__data_end__ = .)
                0x10007240                __etext = LOADADDR (.data)

.tbss           0x20000b28        0x0 load address 0x10007ca8
                0x20000b28                . = ALIGN (0x4)
                0x20000b28                __bss_start__ = .
                0x20000b28                __tls_base = .
 *(.tbss .tbss.* .gnu.linkonce.tb.*)
 *(.tcommon)
                0x20000b28                __tls_end = .

.bss            0x20000b28      0x4b0 load address 0x10007ca8
                0x20000b28                . = ALIGN (0x4)
                0x20000b28                __tbss_end = .
 *(SORT_BY_ALIGNMENT(SORT_BY_NAME(.bss*)))
 .bss.default_alarm_pool_entries
                0x20000b28      0x180 CMakeFiles/PillDispenser.dir/C_/Users/Lenovo/Desktop/Metropolia/bin/PicoSDKv1.5.0/pico-sdk/src/common/pico_time/time.c.obj
 .bss           0x20000ca8       0x1c c:/users/lenovo/desktop/metropolia/bin/picosdkv1.5.0/gcc-arm-none-eabi/bin/../lib/gcc/arm-none-eabi/10.3.1/thumb/v6-m/nofp/crtbegin.o
 .bss.__lock___malloc_recursive_mutex
                0x20000cc4        0x1 c:/users/lenovo/desktop/metropolia/bin/picosdkv1.5.0/gcc-arm-none-eabi/bin/../lib/gcc/arm-none-eabi/10.3.1/../../../../arm-none-eabi/lib/thumb/v6-m/nofp\libg.a(lib_a-lock.o)
                0x20000cc4                __lock___malloc_recursive_mutex
 *fill*         0x20000cc5        0x3 
 .bss.__malloc_current_mallinfo
                0x20000cc8       0x28 c:/users/lenovo/desktop/metropolia/bin/picosdkv1.5.0/gcc-arm-none-eabi/bin/../lib/gcc/arm-none-eabi/10.3.1/../../../../arm-none-eabi/lib/thumb/v6-m/nofp\libg.a(lib_a-mallocr.o)
                0x20000cc8                __malloc_current_mallinfo
 .bss.__malloc_max_sbrked_mem
                0x20000cf0        0x4 c:/users/lenovo/desktop/metropolia/bin/picosdkv1.5.0/gcc-arm-none-eabi/bin/../lib/gcc/arm-none-eabi/10.3.1/../../../../arm-none-eabi/lib/thumb/v6-m/nofp\libg.a(lib_a-mallocr.o)
                0x20000cf0                __malloc_max_sbrked_mem
 .bss.__malloc_max_total_mem
                0x20000cf4        0x4 c:/users/lenovo/desktop/metropolia/bin/picosdkv1.5.0/gcc-arm-none-eabi/bin/../lib/gcc/arm-none-eabi/10.3.1/../../../../arm-none-eabi/lib/thumb/v6-m/nofp\libg.a(lib_a-mallocr.o)
                0x20000cf4                __malloc_max_total_mem
 .bss.__malloc_top_pad
                0x20000cf8        0x4 c:/users/lenovo/desktop/metropolia/bin/picosdkv1.5.0/gcc-arm-none-eabi/bin/../lib/gcc/arm-none-eabi/10.3.1/../../../../arm-none-eabi/lib/thumb/v6-m/nofp\libg.a(lib_a-mallocr.o)
                0x20000cf8                __malloc_top_pad
 .bss.callbacks
                0x20000cfc        0x8 CMakeFiles/PillDispenser.dir/C_/Users/Lenovo/Desktop/Metropolia/bin/PicoSDKv1.5.0/pico-sdk/src/rp2_common/hardware_gpio/gpio.c.obj
 .bss.chars_available_callback
                0x20000d04        0x4 CMakeFiles/PillDispenser.dir/C_/Users/Lenovo/Desktop/Metropolia/bin/PicoSDKv1.5.0/pico-sdk/src/rp2_common/pico_stdio_uart/stdio_uart.c.obj
 .bss.chars_available_param
                0x20000d08        0x4 CMakeFiles/PillDispenser.dir/C_/Users/Lenovo/Desktop/Metropolia/bin/PicoSDKv1.5.0/pico-sdk/src/rp2_common/pico_stdio_uart/stdio_uart.c.obj
 .bss.claimed   0x20000d0c        0x1 CMakeFiles/PillDispenser.dir/C_/Users/Lenovo/Desktop/Metropolia/bin/PicoSDKv1.5.0/pico-sdk/src/rp2_common/hardware_timer/timer.c.obj
 *fill*         0x20000d0d        0x3 
 .bss.configured_freq
                0x20000d10       0x28 CMakeFiles/PillDispenser.dir/C_/Users/Lenovo/Desktop/Metropolia/bin/PicoSDKv1.5.0/pico-sdk/src/rp2_common/hardware_clocks/clocks.c.obj
 .bss.curr_state
                0x20000d38       0x3d CMakeFiles/PillDispenser.dir/main.c.obj
 *fill*         0x20000d75        0x3 
 .bss.current_day.1
                0x20000d78        0x4 CMakeFiles/PillDispenser.dir/main.c.obj
 .bss.current_step.0
                0x20000d7c        0x4 CMakeFiles/PillDispenser.dir/main.c.obj
 .bss.drivers   0x20000d80        0x4 CMakeFiles/PillDispenser.dir/C_/Users/Lenovo/Desktop/Metropolia/bin/PicoSDKv1.5.0/pico-sdk/src/rp2_common/pico_stdio/stdio.c.obj
 .bss.errno     0x20000d84        0x4 c:/users/lenovo/desktop/metropolia/bin/picosdkv1.5.0/gcc-arm-none-eabi/bin/../lib/gcc/arm-none-eabi/10.3.1/../../../../arm-none-eabi/lib/thumb/v6-m/nofp\libg.a(lib_a-reent.o)
                0x20000d84                errno
 .bss.events    0x20000d88       0x10 CMakeFiles/PillDispenser.dir/main.c.obj
 .bss.filter    0x20000d98        0x4 CMakeFiles/PillDispenser.dir/C_/Users/Lenovo/Desktop/Metropolia/bin/PicoSDKv1.5.0/pico-sdk/src/rp2_common/pico_stdio/stdio.c.obj
 .bss.heap_end.0
                0x20000d9c        0x4 CMakeFiles/PillDispenser.dir/C_/Users/Lenovo/Desktop/Metropolia/bin/PicoSDKv1.5.0/pico-sdk/src/rp2_common/pico_clib_interface/newlib_interface.c.obj
 .bss.last_event_time
                0x20000da0        0x4 CMakeFiles/PillDispenser.dir/main.c.obj
 .bss.pools     0x20000da4       0x10 CMakeFiles/PillDispenser.dir/C_/Users/Lenovo/Desktop/Metropolia/bin/PicoSDKv1.5.0/pico-sdk/src/common/pico_time/time.c.obj
 .bss.raw_irq_mask
                0x20000db4        0x8 CMakeFiles/PillDispenser.dir/C_/Users/Lenovo/Desktop/Metropolia/bin/PicoSDKv1.5.0/pico-sdk/src/rp2_common/hardware_gpio/gpio.c.obj
 .bss.sd_table  0x20000dbc      0x100 CMakeFiles/PillDispenser.dir/C_/Users/Lenovo/Desktop/Metropolia/bin/PicoSDKv1.5.0/pico-sdk/src/rp2_common/pico_double/double_init_rom_rp2040.c.obj
                0x20000dbc                sd_table
 .bss.sf_clz_func
                0x20000ebc        0x4 CMakeFiles/PillDispenser.dir/C_/Users/Lenovo/Desktop/Metropolia/bin/PicoSDKv1.5.0/pico-sdk/src/rp2_common/pico_double/double_init_rom_rp2040.c.obj
                0x20000ebc                sf_clz_func
 .bss.sf_table  0x20000ec0      0x100 CMakeFiles/PillDispenser.dir/C_/Users/Lenovo/Desktop/Metropolia/bin/PicoSDKv1.5.0/pico-sdk/src/rp2_common/pico_float/float_init_rom_rp2040.c.obj
                0x20000ec0                sf_table
 .bss.sleep_notifier
                0x20000fc0        0x4 CMakeFiles/PillDispenser.dir/C_/Users/Lenovo/Desktop/Metropolia/bin/PicoSDKv1.5.0/pico-sdk/src/common/pico_time/time.c.obj
 .bss.steps_per_revolution
                0x20000fc4        0x4 CMakeFiles/PillDispenser.dir/main.c.obj
 .bss.uart_char_to_line_feed
                0x20000fc8        0x4 CMakeFiles/PillDispenser.dir/C_/Users/Lenovo/Desktop/Metropolia/bin/PicoSDKv1.5.0/pico-sdk/src/rp2_common/hardware_uart/uart.c.obj
                0x20000fc8                uart_char_to_line_feed
 .bss.uart_instance
                0x20000fcc        0x4 CMakeFiles/PillDispenser.dir/C_/Users/Lenovo/Desktop/Metropolia/bin/PicoSDKv1.5.0/pico-sdk/src/rp2_common/pico_stdio_uart/stdio_uart.c.obj
 .bss.boot_status
                0x20000fd0        0x1 CMakeFiles/PillDispenser.dir/main.c.obj
 .bss.calibrated
                0x20000fd1        0x1 CMakeFiles/PillDispenser.dir/main.c.obj
 .bss.irq_handler_chain_free_slot_head
                0x20000fd2        0x1 CMakeFiles/PillDispenser.dir/C_/Users/Lenovo/Desktop/Metropolia/bin/PicoSDKv1.5.0/pico-sdk/src/rp2_common/hardware_irq/irq.c.obj
 .bss.last_day_dispensed
                0x20000fd3        0x1 CMakeFiles/PillDispenser.dir/main.c.obj
 .bss.reverse   0x20000fd4        0x1 CMakeFiles/PillDispenser.dir/main.c.obj
 *(COMMON)
                0x20000fd8                . = ALIGN (0x4)
 *fill*         0x20000fd5        0x3 
                0x20000fd8                __bss_end__ = .

.heap           0x20000fd8      0x800 load address 0x10007ca8
                0x20000fd8                __end__ = .
                0x20000fd8                end = __end__
 *(.heap*)
 .heap          0x20000fd8      0x800 CMakeFiles/PillDispenser.dir/C_/Users/Lenovo/Desktop/Metropolia/bin/PicoSDKv1.5.0/pico-sdk/src/rp2_common/pico_crt0/crt0.S.obj
                0x20040000                __HeapLimit = (ORIGIN (RAM) + LENGTH (RAM))

.scratch_x      0x20040000        0x0 load address 0x10007ca8
                0x20040000                __scratch_x_start__ = .
 *(.scratch_x.*)
                0x20040000                . = ALIGN (0x4)
                0x20040000                __scratch_x_end__ = .
                0x10007ca8                __scratch_x_source__ = LOADADDR (.scratch_x)

.scratch_y      0x20041000        0x0 load address 0x10007ca8
                0x20041000                __scratch_y_start__ = .
 *(.scratch_y.*)
                0x20041000                . = ALIGN (0x4)
                0x20041000                __scratch_y_end__ = .
                0x10007ca8                __scratch_y_source__ = LOADADDR (.scratch_y)

.stack1_dummy   0x20040000        0x0
 *(.stack1*)

.stack_dummy    0x20041000      0x800
 *(.stack*)
 .stack         0x20041000      0x800 CMakeFiles/PillDispenser.dir/C_/Users/Lenovo/Desktop/Metropolia/bin/PicoSDKv1.5.0/pico-sdk/src/rp2_common/pico_crt0/crt0.S.obj

.flash_end      0x10007ca8        0x0
 *(.embedded_end_block*)